Component: ARM Compiler 5.06 update 7 (build 960) Tool: armlink [4d3601]

==============================================================================

Section Cross References

    startup_stm32f334x8.o(STACK) refers (Special) to heapauxi.o(.text) for __use_two_region_memory
    startup_stm32f334x8.o(HEAP) refers (Special) to heapauxi.o(.text) for __use_two_region_memory
    startup_stm32f334x8.o(RESET) refers (Special) to heapauxi.o(.text) for __use_two_region_memory
    startup_stm32f334x8.o(RESET) refers to startup_stm32f334x8.o(STACK) for __initial_sp
    startup_stm32f334x8.o(RESET) refers to startup_stm32f334x8.o(.text) for Reset_Handler
    startup_stm32f334x8.o(RESET) refers to stm32f3xx_it.o(i.NMI_Handler) for NMI_Handler
    startup_stm32f334x8.o(RESET) refers to stm32f3xx_it.o(i.HardFault_Handler) for HardFault_Handler
    startup_stm32f334x8.o(RESET) refers to stm32f3xx_it.o(i.MemManage_Handler) for MemManage_Handler
    startup_stm32f334x8.o(RESET) refers to stm32f3xx_it.o(i.BusFault_Handler) for BusFault_Handler
    startup_stm32f334x8.o(RESET) refers to stm32f3xx_it.o(i.UsageFault_Handler) for UsageFault_Handler
    startup_stm32f334x8.o(RESET) refers to stm32f3xx_it.o(i.SVC_Handler) for SVC_Handler
    startup_stm32f334x8.o(RESET) refers to stm32f3xx_it.o(i.DebugMon_Handler) for DebugMon_Handler
    startup_stm32f334x8.o(RESET) refers to stm32f3xx_it.o(i.PendSV_Handler) for PendSV_Handler
    startup_stm32f334x8.o(RESET) refers to stm32f3xx_it.o(i.SysTick_Handler) for SysTick_Handler
    startup_stm32f334x8.o(RESET) refers to stm32f3xx_it.o(i.DMA1_Channel1_IRQHandler) for DMA1_Channel1_IRQHandler
    startup_stm32f334x8.o(RESET) refers to stm32f3xx_it.o(i.DMA1_Channel2_IRQHandler) for DMA1_Channel2_IRQHandler
    startup_stm32f334x8.o(RESET) refers to stm32f3xx_it.o(i.CAN_RX0_IRQHandler) for CAN_RX0_IRQHandler
    startup_stm32f334x8.o(RESET) refers to stm32f3xx_it.o(i.CAN_RX1_IRQHandler) for CAN_RX1_IRQHandler
    startup_stm32f334x8.o(RESET) refers to stm32f3xx_it.o(i.TIM6_DAC1_IRQHandler) for TIM6_DAC1_IRQHandler
    startup_stm32f334x8.o(RESET) refers to stm32f3xx_it.o(i.TIM7_DAC2_IRQHandler) for TIM7_DAC2_IRQHandler
    startup_stm32f334x8.o(.text) refers (Special) to heapauxi.o(.text) for __use_two_region_memory
    startup_stm32f334x8.o(.text) refers to system_stm32f3xx.o(i.SystemInit) for SystemInit
    startup_stm32f334x8.o(.text) refers to __main.o(!!!main) for __main
    startup_stm32f334x8.o(.text) refers to startup_stm32f334x8.o(HEAP) for Heap_Mem
    startup_stm32f334x8.o(.text) refers to startup_stm32f334x8.o(STACK) for Stack_Mem
    main.o(i.BSP_CAN_Send) refers to stm32f3xx_hal_can.o(i.HAL_CAN_AddTxMessage) for HAL_CAN_AddTxMessage
    main.o(i.BSP_CAN_Send) refers to can.o(.bss) for hcan
    main.o(i.HAL_CAN_RxFifo0MsgPendingCallback) refers to stm32f3xx_hal_can.o(i.HAL_CAN_GetRxMessage) for HAL_CAN_GetRxMessage
    main.o(i.HAL_CAN_RxFifo0MsgPendingCallback) refers to stm32f3xx_hal_gpio.o(i.HAL_GPIO_TogglePin) for HAL_GPIO_TogglePin
    main.o(i.HAL_CAN_RxFifo0MsgPendingCallback) refers to main.o(.data) for bsp_can_rxbuf
    main.o(i.HAL_CAN_RxFifo1MsgPendingCallback) refers to stm32f3xx_hal_can.o(i.HAL_CAN_GetRxMessage) for HAL_CAN_GetRxMessage
    main.o(i.HAL_CAN_RxFifo1MsgPendingCallback) refers to stm32f3xx_hal_gpio.o(i.HAL_GPIO_TogglePin) for HAL_GPIO_TogglePin
    main.o(i.HAL_CAN_RxFifo1MsgPendingCallback) refers to main.o(.data) for bsp_can_rxbuf
    main.o(i.HAL_TIM_PeriodElapsedCallback) refers to stm32f3xx_hal_hrtim.o(i.HAL_HRTIM_WaveformOutputStop) for HAL_HRTIM_WaveformOutputStop
    main.o(i.HAL_TIM_PeriodElapsedCallback) refers to pid.o(i.pid_reset) for pid_reset
    main.o(i.HAL_TIM_PeriodElapsedCallback) refers to stm32f3xx_hal_hrtim.o(i.HAL_HRTIM_WaveformOutputStart) for HAL_HRTIM_WaveformOutputStart
    main.o(i.HAL_TIM_PeriodElapsedCallback) refers to pid.o(i.pid_calculate) for pid_calculate
    main.o(i.HAL_TIM_PeriodElapsedCallback) refers to tim.o(.bss) for htim7
    main.o(i.HAL_TIM_PeriodElapsedCallback) refers to main.o(.data) for bat_voltage
    main.o(i.HAL_TIM_PeriodElapsedCallback) refers to hrtim.o(.bss) for hhrtim1
    main.o(i.HAL_TIM_PeriodElapsedCallback) refers to main.o(.bss) for inp_power
    main.o(i.HAL_TIM_PeriodElapsedCallback) refers to main.o(i.SendPowerManagementData) for SendPowerManagementData
    main.o(i.SendPowerManagementData) refers to main.o(i.BSP_CAN_Send) for BSP_CAN_Send
    main.o(i.SendPowerManagementData) refers to stm32f3xx_hal_gpio.o(i.HAL_GPIO_TogglePin) for HAL_GPIO_TogglePin
    main.o(i.SendPowerManagementData) refers to main.o(.data) for bat_voltage
    main.o(i.SystemClock_Config) refers to rt_memclr_w.o(.text) for __aeabi_memclr4
    main.o(i.SystemClock_Config) refers to stm32f3xx_hal_rcc.o(i.HAL_RCC_OscConfig) for HAL_RCC_OscConfig
    main.o(i.SystemClock_Config) refers to main.o(i.Error_Handler) for Error_Handler
[...]
    ../clib/angel/startup.s                  0x00000000   Number         0  __main.o ABSOLUTE
    ../clib/angel/sys.s                      0x00000000   Number         0  use_no_semi.o ABSOLUTE
    ../clib/angel/sys.s                      0x00000000   Number         0  indicate_semi.o ABSOLUTE
    ../clib/angel/sys.s                      0x00000000   Number         0  sys_stackheap_outer.o ABSOLUTE
    ../clib/angel/sys.s                      0x00000000   Number         0  libspace.o ABSOLUTE
    ../clib/angel/sysapp.c                   0x00000000   Number         0  sys_command.o ABSOLUTE
    ../clib/angel/sysapp.c                   0x00000000   Number         0  sys_exit.o ABSOLUTE
    ../clib/angel/sysapp.c                   0x00000000   Number         0  sys_wrch.o ABSOLUTE
    ../clib/armsys.c                         0x00000000   Number         0  argv_veneer.o ABSOLUTE
    ../clib/armsys.c                         0x00000000   Number         0  _get_argv_nomalloc.o ABSOLUTE
    ../clib/armsys.c                         0x00000000   Number         0  argv_veneer.o ABSOLUTE
    ../clib/armsys.c                         0x00000000   Number         0  no_argv.o ABSOLUTE
    ../clib/heapalloc.c                      0x00000000   Number         0  hrguard.o ABSOLUTE
    ../clib/heapaux.c                        0x00000000   Number         0  heapauxi.o ABSOLUTE
    ../clib/libinit.s                        0x00000000   Number         0  libinit.o ABSOLUTE
    ../clib/libinit.s                        0x00000000   Number         0  libshutdown.o ABSOLUTE
    ../clib/libinit.s                        0x00000000   Number         0  libinit2.o ABSOLUTE
    ../clib/libinit.s                        0x00000000   Number         0  libshutdown2.o ABSOLUTE
    ../clib/longlong.s                       0x00000000   Number         0  llushr.o ABSOLUTE
    ../clib/longlong.s                       0x00000000   Number         0  lludivv7m.o ABSOLUTE
    ../clib/memcpset.s                       0x00000000   Number         0  rt_memclr_w.o ABSOLUTE
    ../clib/signal.c                         0x00000000   Number         0  defsig_fpe_outer.o ABSOLUTE
    ../clib/signal.c                         0x00000000   Number         0  defsig_cppl_inner.o ABSOLUTE
    ../clib/signal.c                         0x00000000   Number         0  defsig_pvfn_inner.o ABSOLUTE
    ../clib/signal.c                         0x00000000   Number         0  defsig_rtmem_inner.o ABSOLUTE
    ../clib/signal.c                         0x00000000   Number         0  defsig_rtmem_formal.o ABSOLUTE
    ../clib/signal.c                         0x00000000   Number         0  defsig_fpe_formal.o ABSOLUTE
    ../clib/signal.c                         0x00000000   Number         0  defsig_stak_inner.o ABSOLUTE
    ../clib/signal.c                         0x00000000   Number         0  defsig_rtmem_outer.o ABSOLUTE
    ../clib/signal.c                         0x00000000   Number         0  defsig_rtred_inner.o ABSOLUTE
    ../clib/signal.c                         0x00000000   Number         0  defsig_abrt_inner.o ABSOLUTE
    ../clib/signal.c                         0x00000000   Number         0  defsig_general.o ABSOLUTE
    ../clib/signal.c                         0x00000000   Number         0  __raise.o ABSOLUTE
    ../clib/signal.c                         0x00000000   Number         0  defsig_fpe_inner.o ABSOLUTE
    ../clib/signal.c                         0x00000000   Number         0  defsig_exit.o ABSOLUTE
    ../clib/signal.c                         0x00000000   Number         0  defsig_other.o ABSOLUTE
    ../clib/signal.c                         0x00000000   Number         0  defsig_segv_inner.o ABSOLUTE
    ../clib/signal.s                         0x00000000   Number         0  defsig.o ABSOLUTE
    ../clib/stdlib.c                         0x00000000   Number         0  exit.o ABSOLUTE
    ../fplib/fpinit.s                        0x00000000   Number         0  fpinit.o ABSOLUTE
    ..\Core\Src\adc.c                        0x00000000   Number         0  adc.o ABSOLUTE
    ..\Core\Src\can.c                        0x00000000   Number         0  can.o ABSOLUTE
    ..\Core\Src\dma.c                        0x00000000   Number         0  dma.o ABSOLUTE
    ..\Core\Src\gpio.c                       0x00000000   Number         0  gpio.o ABSOLUTE
    ..\Core\Src\hrtim.c                      0x00000000   Number         0  hrtim.o ABSOLUTE
    ..\Core\Src\main.c                       0x00000000   Number         0  main.o ABSOLUTE
    ..\Core\Src\stm32f3xx_hal_msp.c          0x00000000   Number         0  stm32f3xx_hal_msp.o ABSOLUTE
    ..\Core\Src\stm32f3xx_it.c               0x00000000   Number         0  stm32f3xx_it.o ABSOLUTE
    ..\Core\Src\system_stm32f3xx.c           0x00000000   Number         0  system_stm32f3xx.o ABSOLUTE
    ..\Core\Src\tim.c                        0x00000000   Number         0  tim.o ABSOLUTE
    ..\Drivers\STM32F3xx_HAL_Driver\Src\stm32f3xx_hal.c 0x00000000   Number         0  stm32f3xx_hal.o ABSOLUTE
    ..\Drivers\STM32F3xx_HAL_Driver\Src\stm32f3xx_hal_adc.c 0x00000000   Number         0  stm32f3xx_hal_adc.o ABSOLUTE
    ..\Drivers\STM32F3xx_HAL_Driver\Src\stm32f3xx_hal_adc_ex.c 0x00000000   Number         0  stm32f3xx_hal_adc_ex.o ABSOLUTE
    ..\Drivers\STM32F3xx_HAL_Driver\Src\stm32f3xx_hal_can.c 0x00000000   Number         0  stm32f3xx_hal_can.o ABSOLUTE
    ..\Drivers\STM32F3xx_HAL_Driver\Src\stm32f3xx_hal_cortex.c 0x00000000   Number         0  stm32f3xx_hal_cortex.o ABSOLUTE
    ..\Drivers\STM32F3xx_HAL_Driver\Src\stm32f3xx_hal_dma.c 0x00000000   Number         0  stm32f3xx_hal_dma.o ABSOLUTE
    ..\Drivers\STM32F3xx_HAL_Driver\Src\stm32f3xx_hal_exti.c 0x00000000   Number         0  stm32f3xx_hal_exti.o ABSOLUTE
    ..\Drivers\STM32F3xx_HAL_Driver\Src\stm32f3xx_hal_flash.c 0x00000000   Number         0  stm32f3xx_hal_flash.o ABSOLUTE
    ..\Drivers\STM32F3xx_HAL_Driver\Src\stm32f3xx_hal_flash_ex.c 0x00000000   Number         0  stm32f3xx_hal_flash_ex.o ABSOLUTE
    ..\Drivers\STM32F3xx_HAL_Driver\Src\stm32f3xx_hal_gpio.c 0x00000000   Number         0  stm32f3xx_hal_gpio.o ABSOLUTE
    ..\Drivers\STM32F3xx_HAL_Driver\Src\stm32f3xx_hal_hrtim.c 0x00000000   Number         0  stm32f3xx_hal_hrtim.o ABSOLUTE
    ..\Drivers\STM32F3xx_HAL_Driver\Src\stm32f3xx_hal_i2c.c 0x00000000   Number         0  stm32f3xx_hal_i2c.o ABSOLUTE
    ..\Drivers\STM32F3xx_HAL_Driver\Src\stm32f3xx_hal_i2c_ex.c 0x00000000   Number         0  stm32f3xx_hal_i2c_ex.o ABSOLUTE
    ..\Drivers\STM32F3xx_HAL_Driver\Src\stm32f3xx_hal_pwr.c 0x00000000   Number         0  stm32f3xx_hal_pwr.o ABSOLUTE
    ..\Drivers\STM32F3xx_HAL_Driver\Src\stm32f3xx_hal_pwr_ex.c 0x00000000   Number         0  stm32f3xx_hal_pwr_ex.o ABSOLUTE
    ..\Drivers\STM32F3xx_HAL_Driver\Src\stm32f3xx_hal_rcc.c 0x00000000   Number         0  stm32f3xx_hal_rcc.o ABSOLUTE
    ..\Drivers\STM32F3xx_HAL_Driver\Src\stm32f3xx_hal_rcc_ex.c 0x00000000   Number         0  stm32f3xx_hal_rcc_ex.o ABSOLUTE
    ..\Drivers\STM32F3xx_HAL_Driver\Src\stm32f3xx_hal_tim.c 0x00000000   Number         0  stm32f3xx_hal_tim.o ABSOLUTE
    ..\Drivers\STM32F3xx_HAL_Driver\Src\stm32f3xx_hal_tim_ex.c 0x00000000   Number         0  stm32f3xx_hal_tim_ex.o ABSOLUTE
    ..\User\pid.c                            0x00000000   Number         0  pid.o ABSOLUTE
    dc.s                                     0x00000000   Number         0  dc.o ABSOLUTE
    startup_stm32f334x8.s                    0x00000000   Number         0  startup_stm32f334x8.o ABSOLUTE
    RESET                                    0x08000000   Section      392  startup_stm32f334x8.o(RESET)
    !!!main                                  0x08000188   Section        8  __main.o(!!!main)
    !!!scatter                               0x08000190   Section       52  __scatter.o(!!!scatter)
    !!handler_copy                           0x080001c4   Section       26  __scatter_copy.o(!!handler_copy)
    !!handler_zi                             0x080001e0   Section       28  __scatter_zi.o(!!handler_zi)
    .ARM.Collect$$libinit$$00000000          0x080001fc   Section        2  libinit.o(.ARM.Collect$$libinit$$00000000)
    .ARM.Collect$$libinit$$00000001          0x080001fe   Section        4  libinit2.o(.ARM.Collect$$libinit$$00000001)
    .ARM.Collect$$libinit$$00000004          0x08000202   Section        0  libinit2.o(.ARM.Collect$$libinit$$00000004)
    .ARM.Collect$$libinit$$0000000A          0x08000202   Section        0  libinit2.o(.ARM.Collect$$libinit$$0000000A)
    .ARM.Collect$$libinit$$0000000C          0x08000202   Section        0  libinit2.o(.ARM.Collect$$libinit$$0000000C)
    .ARM.Collect$$libinit$$0000000E          0x08000202   Section        0  libinit2.o(.ARM.Collect$$libinit$$0000000E)
    .ARM.Collect$$libinit$$00000011          0x08000202   Section        0  libinit2.o(.ARM.Collect$$libinit$$00000011)
    .ARM.Collect$$libinit$$00000013          0x08000202   Section        0  libinit2.o(.ARM.Collect$$libinit$$00000013)
    .ARM.Collect$$libinit$$00000015          0x08000202   Section        0  libinit2.o(.ARM.Collect$$libinit$$00000015)
    .ARM.Collect$$libinit$$00000017          0x08000202   Section        0  libinit2.o(.ARM.Collect$$libinit$$00000017)
    .ARM.Collect$$libinit$$00000019          0x08000202   Section        0  libinit2.o(.ARM.Collect$$libinit$$00000019)
    .ARM.Collect$$libinit$$0000001B          0x08000202   Section        0  libinit2.o(.ARM.Collect$$libinit$$0000001B)
    .ARM.Collect$$libinit$$0000001D          0x08000202   Section        0  libinit2.o(.ARM.Collect$$libinit$$0000001D)
    .ARM.Collect$$libinit$$0000001F          0x08000202   Section        0  libinit2.o(.ARM.Collect$$libinit$$0000001F)
    .ARM.Collect$$libinit$$00000021          0x08000202   Section        0  libinit2.o(.ARM.Collect$$libinit$$00000021)
    .ARM.Collect$$libinit$$00000023          0x08000202   Section        0  libinit2.o(.ARM.Collect$$libinit$$00000023)
    .ARM.Collect$$libinit$$00000025          0x08000202   Section        0  libinit2.o(.ARM.Collect$$libinit$$00000025)
    .ARM.Collect$$libinit$$0000002C          0x08000202   Section        0  libinit2.o(.ARM.Collect$$libinit$$0000002C)
    .ARM.Collect$$libinit$$0000002E          0x08000202   Section        0  libinit2.o(.ARM.Collect$$libinit$$0000002E)
    .ARM.Collect$$libinit$$00000030          0x08000202   Section        0  libinit2.o(.ARM.Collect$$libinit$$00000030)
    .ARM.Collect$$libinit$$00000032          0x08000202   Section        0  libinit2.o(.ARM.Collect$$libinit$$00000032)
    .ARM.Collect$$libinit$$00000033          0x08000202   Section        2  libinit2.o(.ARM.Collect$$libinit$$00000033)
    .ARM.Collect$$libshutdown$$00000000      0x08000204   Section        2  libshutdown.o(.ARM.Collect$$libshutdown$$00000000)
    .ARM.Collect$$libshutdown$$00000002      0x08000206   Section        0  libshutdown2.o(.ARM.Collect$$libshutdown$$00000002)
    .ARM.Collect$$libshutdown$$00000004      0x08000206   Section        0  libshutdown2.o(.ARM.Collect$$libshutdown$$00000004)
    .ARM.Collect$$libshutdown$$00000006      0x08000206   Section        0  libshutdown2.o(.ARM.Collect$$libshutdown$$00000006)
    .ARM.Collect$$libshutdown$$00000009      0x08000206   Section        0  libshutdown2.o(.ARM.Collect$$libshutdown$$00000009)
    .ARM.Collect$$libshutdown$$0000000C      0x08000206   Section        0  libshutdown2.o(.ARM.Collect$$libshutdown$$0000000C)
    .ARM.Collect$$libshutdown$$0000000E      0x08000206   Section        0  libshutdown2.o(.ARM.Collect$$libshutdown$$0000000E)
    .ARM.Collect$$libshutdown$$00000011      0x08000206   Section        0  libshutdown2.o(.ARM.Collect$$libshutdown$$00000011)
    .ARM.Collect$$libshutdown$$00000012      0x08000206   Section        2  libshutdown2.o(.ARM.Collect$$libshutdown$$00000012)
    .ARM.Collect$$rtentry$$00000000          0x08000208   Section        0  __rtentry.o(.ARM.Collect$$rtentry$$00000000)
    .ARM.Collect$$rtentry$$00000002          0x08000208   Section        0  __rtentry2.o(.ARM.Collect$$rtentry$$00000002)
    .ARM.Collect$$rtentry$$00000004          0x08000208   Section        6  __rtentry4.o(.ARM.Collect$$rtentry$$00000004)
    .ARM.Collect$$rtentry$$00000009          0x0800020e   Section        0  __rtentry2.o(.ARM.Collect$$rtentry$$00000009)
    .ARM.Collect$$rtentry$$0000000A          0x0800020e   Section        4  __rtentry2.o(.ARM.Collect$$rtentry$$0000000A)
    .ARM.Collect$$rtentry$$0000000C          0x08000212   Section        0  __rtentry2.o(.ARM.Collect$$rtentry$$0000000C)
    .ARM.Collect$$rtentry$$0000000D          0x08000212   Section        8  __rtentry2.o(.ARM.Collect$$rtentry$$0000000D)
    .ARM.Collect$$rtexit$$00000000           0x0800021a   Section        2  rtexit.o(.ARM.Collect$$rtexit$$00000000)
    .ARM.Collect$$rtexit$$00000002           0x0800021c   Section        0  rtexit2.o(.ARM.Collect$$rtexit$$00000002)
    .ARM.Collect$$rtexit$$00000003           0x0800021c   Section        4  rtexit2.o(.ARM.Collect$$rtexit$$00000003)
    .ARM.Collect$$rtexit$$00000004           0x08000220   Section        6  rtexit2.o(.ARM.Collect$$rtexit$$00000004)
    .text                                    0x08000228   Section       64  startup_stm32f334x8.o(.text)
    $v0                                      0x08000228   Number         0  startup_stm32f334x8.o(.text)
    .text                                    0x08000268   Section      238  lludivv7m.o(.text)
    .text                                    0x08000356   Section       78  rt_memclr_w.o(.text)
    .text                                    0x080003a4   Section        0  heapauxi.o(.text)
    .text                                    0x080003aa   Section       74  sys_stackheap_outer.o(.text)
    .text                                    0x080003f4   Section        0  exit.o(.text)
    .text                                    0x08000408   Section        8  libspace.o(.text)
    .text                                    0x08000410   Section        0  sys_exit.o(.text)
    .text                                    0x0800041c   Section        2  use_no_semi.o(.text)
    .text                                    0x0800041e   Section        0  indicate_semi.o(.text)
    i.ADC_DMAConvCplt                        0x0800041e   Section        0  stm32f3xx_hal_adc_ex.o(i.ADC_DMAConvCplt)
    ADC_DMAConvCplt                          0x0800041f   Thumb Code    78  stm32f3xx_hal_adc_ex.o(i.ADC_DMAConvCplt)
    i.ADC_DMAError                           0x0800046c   Section        0  stm32f3xx_hal_adc_ex.o(i.ADC_DMAError)
    ADC_DMAError                             0x0800046d   Thumb Code    30  stm32f3xx_hal_adc_ex.o(i.ADC_DMAError)
    i.ADC_DMAHalfConvCplt                    0x0800048a   Section        0  stm32f3xx_hal_adc_ex.o(i.ADC_DMAHalfConvCplt)
    ADC_DMAHalfConvCplt                      0x0800048b   Thumb Code    14  stm32f3xx_hal_adc_ex.o(i.ADC_DMAHalfConvCplt)
    i.ADC_Disable                            0x08000498   Section        0  stm32f3xx_hal_adc_ex.o(i.ADC_Disable)
    ADC_Disable                              0x08000499   Thumb Code   162  stm32f3xx_hal_adc_ex.o(i.ADC_Disable)
    i.ADC_Enable                             0x0800053c   Section        0  stm32f3xx_hal_adc_ex.o(i.ADC_Enable)
    ADC_Enable                               0x0800053d   Thumb Code   152  stm32f3xx_hal_adc_ex.o(i.ADC_Enable)
    i.BSP_CAN_Send                           0x080005d8   Section        0  main.o(i.BSP_CAN_Send)
    i.BusFault_Handler                       0x08000604   Section        0  stm32f3xx_it.o(i.BusFault_Handler)
    i.CAN_RX0_IRQHandler                     0x08000608   Section        0  stm32f3xx_it.o(i.CAN_RX0_IRQHandler)
    i.CAN_RX1_IRQHandler                     0x08000618   Section        0  stm32f3xx_it.o(i.CAN_RX1_IRQHandler)
    i.DMA1_Channel1_IRQHandler               0x08000628   Section        0  stm32f3xx_it.o(i.DMA1_Channel1_IRQHandler)
    i.DMA1_Channel2_IRQHandler               0x08000638   Section        0  stm32f3xx_it.o(i.DMA1_Channel2_IRQHandler)
    i.DMA_CalcBaseAndBitshift                0x08000648   Section        0  stm32f3xx_hal_dma.o(i.DMA_CalcBaseAndBitshift)
    DMA_CalcBaseAndBitshift                  0x08000649   Thumb Code    24  stm32f3xx_hal_dma.o(i.DMA_CalcBaseAndBitshift)
    i.DMA_SetConfig                          0x08000664   Section        0  stm32f3xx_hal_dma.o(i.DMA_SetConfig)
    DMA_SetConfig                            0x08000665   Thumb Code    44  stm32f3xx_hal_dma.o(i.DMA_SetConfig)
    i.DebugMon_Handler                       0x08000690   Section        0  stm32f3xx_it.o(i.DebugMon_Handler)
    i.Error_Handler                          0x08000692   Section        0  main.o(i.Error_Handler)
    i.HAL_ADCEx_Calibration_Start            0x08000698   Section        0  stm32f3xx_hal_adc_ex.o(i.HAL_ADCEx_Calibration_Start)
    i.HAL_ADCEx_MultiModeConfigChannel       0x08000754   Section        0  stm32f3xx_hal_adc_ex.o(i.HAL_ADCEx_MultiModeConfigChannel)
    i.HAL_ADC_ConfigChannel                  0x08000890   Section        0  stm32f3xx_hal_adc_ex.o(i.HAL_ADC_ConfigChannel)
    i.HAL_ADC_ConvCpltCallback               0x08000cac   Section        0  stm32f3xx_hal_adc.o(i.HAL_ADC_ConvCpltCallback)
    i.HAL_ADC_ConvHalfCpltCallback           0x08000cae   Section        0  stm32f3xx_hal_adc.o(i.HAL_ADC_ConvHalfCpltCallback)
    i.HAL_ADC_ErrorCallback                  0x08000cb0   Section        0  stm32f3xx_hal_adc.o(i.HAL_ADC_ErrorCallback)
    i.HAL_ADC_Init                           0x08000cb4   Section        0  stm32f3xx_hal_adc_ex.o(i.HAL_ADC_Init)
    i.HAL_ADC_MspInit                        0x08000f08   Section        0  adc.o(i.HAL_ADC_MspInit)
    i.HAL_ADC_Start_DMA                      0x08001074   Section        0  stm32f3xx_hal_adc_ex.o(i.HAL_ADC_Start_DMA)
    i.HAL_CAN_ActivateNotification           0x080011dc   Section        0  stm32f3xx_hal_can.o(i.HAL_CAN_ActivateNotification)
    i.HAL_CAN_AddTxMessage                   0x08001206   Section        0  stm32f3xx_hal_can.o(i.HAL_CAN_AddTxMessage)
    i.HAL_CAN_ConfigFilter                   0x08001350   Section        0  stm32f3xx_hal_can.o(i.HAL_CAN_ConfigFilter)
    i.HAL_CAN_ErrorCallback                  0x0800145a   Section        0  stm32f3xx_hal_can.o(i.HAL_CAN_ErrorCallback)
    i.HAL_CAN_GetRxMessage                   0x0800145c   Section        0  stm32f3xx_hal_can.o(i.HAL_CAN_GetRxMessage)
    i.HAL_CAN_IRQHandler                     0x080015f0   Section        0  stm32f3xx_hal_can.o(i.HAL_CAN_IRQHandler)
    i.HAL_CAN_Init                           0x0800183e   Section        0  stm32f3xx_hal_can.o(i.HAL_CAN_Init)
    i.HAL_CAN_MspInit                        0x080019b4   Section        0  can.o(i.HAL_CAN_MspInit)
    i.HAL_CAN_RxFifo0FullCallback            0x08001a50   Section        0  stm32f3xx_hal_can.o(i.HAL_CAN_RxFifo0FullCallback)
    i.HAL_CAN_RxFifo0MsgPendingCallback      0x08001a54   Section        0  main.o(i.HAL_CAN_RxFifo0MsgPendingCallback)
    i.HAL_CAN_RxFifo1FullCallback            0x08001b24   Section        0  stm32f3xx_hal_can.o(i.HAL_CAN_RxFifo1FullCallback)
    i.HAL_CAN_RxFifo1MsgPendingCallback      0x08001b28   Section        0  main.o(i.HAL_CAN_RxFifo1MsgPendingCallback)
    i.HAL_CAN_SleepCallback                  0x08001bf8   Section        0  stm32f3xx_hal_can.o(i.HAL_CAN_SleepCallback)
    i.HAL_CAN_Start                          0x08001bfa   Section        0  stm32f3xx_hal_can.o(i.HAL_CAN_Start)
    i.HAL_CAN_TxMailbox0AbortCallback        0x08001c58   Section        0  stm32f3xx_hal_can.o(i.HAL_CAN_TxMailbox0AbortCallback)
    i.HAL_CAN_TxMailbox0CompleteCallback     0x08001c5a   Section        0  stm32f3xx_hal_can.o(i.HAL_CAN_TxMailbox0CompleteCallback)
    i.HAL_CAN_TxMailbox1AbortCallback        0x08001c5c   Section        0  stm32f3xx_hal_can.o(i.HAL_CAN_TxMailbox1AbortCallback)
    i.HAL_CAN_TxMailbox1CompleteCallback     0x08001c5e   Section        0  stm32f3xx_hal_can.o(i.HAL_CAN_TxMailbox1CompleteCallback)
    i.HAL_CAN_TxMailbox2AbortCallback        0x08001c60   Section        0  stm32f3xx_hal_can.o(i.HAL_CAN_TxMailbox2AbortCallback)
    i.HAL_CAN_TxMailbox2CompleteCallback     0x08001c62   Section        0  stm32f3xx_hal_can.o(i.HAL_CAN_TxMailbox2CompleteCallback)
    i.HAL_CAN_WakeUpFromRxMsgCallback        0x08001c64   Section        0  stm32f3xx_hal_can.o(i.HAL_CAN_WakeUpFromRxMsgCallback)
    i.HAL_DMA_IRQHandler                     0x08001c66   Section        0  stm32f3xx_hal_dma.o(i.HAL_DMA_IRQHandler)
    i.HAL_DMA_Init                           0x08001d4c   Section        0  stm32f3xx_hal_dma.o(i.HAL_DMA_Init)
    i.HAL_DMA_Start_IT                       0x08001da2   Section        0  stm32f3xx_hal_dma.o(i.HAL_DMA_Start_IT)
    i.HAL_GPIO_Init                          0x08001e40   Section        0  stm32f3xx_hal_gpio.o(i.HAL_GPIO_Init)
    i.HAL_GPIO_TogglePin                     0x08001ff0   Section        0  stm32f3xx_hal_gpio.o(i.HAL_GPIO_TogglePin)
    i.HAL_GPIO_WritePin                      0x08002004   Section        0  stm32f3xx_hal_gpio.o(i.HAL_GPIO_WritePin)
    i.HAL_GetTick                            0x08002010   Section        0  stm32f3xx_hal.o(i.HAL_GetTick)
    i.HAL_HRTIM_ADCTriggerConfig             0x0800201c   Section        0  stm32f3xx_hal_hrtim.o(i.HAL_HRTIM_ADCTriggerConfig)
    i.HAL_HRTIM_DLLCalibrationStart          0x080020fe   Section        0  stm32f3xx_hal_hrtim.o(i.HAL_HRTIM_DLLCalibrationStart)
    i.HAL_HRTIM_DeadTimeConfig               0x08002180   Section        0  stm32f3xx_hal_hrtim.o(i.HAL_HRTIM_DeadTimeConfig)
    i.HAL_HRTIM_Init                         0x0800222c   Section        0  stm32f3xx_hal_hrtim.o(i.HAL_HRTIM_Init)
    i.HAL_HRTIM_MspInit                      0x08002334   Section        0  hrtim.o(i.HAL_HRTIM_MspInit)
    i.HAL_HRTIM_MspPostInit                  0x08002364   Section        0  hrtim.o(i.HAL_HRTIM_MspPostInit)
    i.HAL_HRTIM_PollForDLLCalibration        0x080023c4   Section        0  stm32f3xx_hal_hrtim.o(i.HAL_HRTIM_PollForDLLCalibration)
    i.HAL_HRTIM_TimeBaseConfig               0x0800240e   Section        0  stm32f3xx_hal_hrtim.o(i.HAL_HRTIM_TimeBaseConfig)
    i.HAL_HRTIM_WaveformCompareConfig        0x08002448   Section        0  stm32f3xx_hal_hrtim.o(i.HAL_HRTIM_WaveformCompareConfig)
    i.HAL_HRTIM_WaveformCountStart           0x08002640   Section        0  stm32f3xx_hal_hrtim.o(i.HAL_HRTIM_WaveformCountStart)
    i.HAL_HRTIM_WaveformOutputConfig         0x0800267c   Section        0  stm32f3xx_hal_hrtim.o(i.HAL_HRTIM_WaveformOutputConfig)
    i.HAL_HRTIM_WaveformOutputStart          0x080026d0   Section        0  stm32f3xx_hal_hrtim.o(i.HAL_HRTIM_WaveformOutputStart)
    i.HAL_HRTIM_WaveformOutputStop           0x08002710   Section        0  stm32f3xx_hal_hrtim.o(i.HAL_HRTIM_WaveformOutputStop)
    i.HAL_HRTIM_WaveformTimerConfig          0x08002750   Section        0  stm32f3xx_hal_hrtim.o(i.HAL_HRTIM_WaveformTimerConfig)
    i.HAL_IncTick                            0x08002804   Section        0  stm32f3xx_hal.o(i.HAL_IncTick)
    i.HAL_Init                               0x0800281c   Section        0  stm32f3xx_hal.o(i.HAL_Init)
    i.HAL_InitTick                           0x08002844   Section        0  stm32f3xx_hal.o(i.HAL_InitTick)
    i.HAL_MspInit                            0x08002890   Section        0  stm32f3xx_hal_msp.o(i.HAL_MspInit)
    i.HAL_NVIC_EnableIRQ                     0x080028d0   Section        0  stm32f3xx_hal_cortex.o(i.HAL_NVIC_EnableIRQ)
    i.HAL_NVIC_SetPriority                   0x080028f0   Section        0  stm32f3xx_hal_cortex.o(i.HAL_NVIC_SetPriority)
    i.HAL_NVIC_SetPriorityGrouping           0x0800296c   Section        0  stm32f3xx_hal_cortex.o(i.HAL_NVIC_SetPriorityGrouping)
    i.HAL_RCCEx_PeriphCLKConfig              0x08002994   Section        0  stm32f3xx_hal_rcc_ex.o(i.HAL_RCCEx_PeriphCLKConfig)
    i.HAL_RCC_ClockConfig                    0x08002ba0   Section        0  stm32f3xx_hal_rcc.o(i.HAL_RCC_ClockConfig)
    i.HAL_RCC_GetSysClockFreq                0x08002e4c   Section        0  stm32f3xx_hal_rcc.o(i.HAL_RCC_GetSysClockFreq)
    i.HAL_RCC_OscConfig                      0x08002ef0   Section        0  stm32f3xx_hal_rcc.o(i.HAL_RCC_OscConfig)
    i.HAL_SYSTICK_Config                     0x08003914   Section        0  stm32f3xx_hal_cortex.o(i.HAL_SYSTICK_Config)
    i.HAL_TIMEx_Break2Callback               0x08003948   Section        0  stm32f3xx_hal_tim_ex.o(i.HAL_TIMEx_Break2Callback)
    i.HAL_TIMEx_BreakCallback                0x0800394a   Section        0  stm32f3xx_hal_tim_ex.o(i.HAL_TIMEx_BreakCallback)
    i.HAL_TIMEx_CommutCallback               0x0800394c   Section        0  stm32f3xx_hal_tim_ex.o(i.HAL_TIMEx_CommutCallback)
    i.HAL_TIMEx_MasterConfigSynchronization  0x08003950   Section        0  stm32f3xx_hal_tim_ex.o(i.HAL_TIMEx_MasterConfigSynchronization)
    i.HAL_TIM_Base_Init                      0x080039e4   Section        0  stm32f3xx_hal_tim.o(i.HAL_TIM_Base_Init)
    i.HAL_TIM_Base_MspInit                   0x08003a54   Section        0  tim.o(i.HAL_TIM_Base_MspInit)
    i.HAL_TIM_Base_Start_IT                  0x08003ad0   Section        0  stm32f3xx_hal_tim.o(i.HAL_TIM_Base_Start_IT)
    i.HAL_TIM_IC_CaptureCallback             0x08003b54   Section        0  stm32f3xx_hal_tim.o(i.HAL_TIM_IC_CaptureCallback)
    i.HAL_TIM_IRQHandler                     0x08003b56   Section        0  stm32f3xx_hal_tim.o(i.HAL_TIM_IRQHandler)
    i.HAL_TIM_OC_DelayElapsedCallback        0x08003d0e   Section        0  stm32f3xx_hal_tim.o(i.HAL_TIM_OC_DelayElapsedCallback)
    i.HAL_TIM_PWM_PulseFinishedCallback      0x08003d10   Section        0  stm32f3xx_hal_tim.o(i.HAL_TIM_PWM_PulseFinishedCallback)
    i.HAL_TIM_PeriodElapsedCallback          0x08003d14   Section        0  main.o(i.HAL_TIM_PeriodElapsedCallback)
    i.HAL_TIM_TriggerCallback                0x080041b4   Section        0  stm32f3xx_hal_tim.o(i.HAL_TIM_TriggerCallback)
    i.HRTIM_ForceRegistersUpdate             0x080041b6   Section        0  stm32f3xx_hal_hrtim.o(i.HRTIM_ForceRegistersUpdate)
    HRTIM_ForceRegistersUpdate               0x080041b7   Thumb Code   128  stm32f3xx_hal_hrtim.o(i.HRTIM_ForceRegistersUpdate)
    i.HRTIM_MasterBase_Config                0x08004236   Section        0  stm32f3xx_hal_hrtim.o(i.HRTIM_MasterBase_Config)
    HRTIM_MasterBase_Config                  0x08004237   Thumb Code    40  stm32f3xx_hal_hrtim.o(i.HRTIM_MasterBase_Config)
    i.HRTIM_MasterWaveform_Config            0x0800425e   Section        0  stm32f3xx_hal_hrtim.o(i.HRTIM_MasterWaveform_Config)
    HRTIM_MasterWaveform_Config              0x0800425f   Thumb Code    92  stm32f3xx_hal_hrtim.o(i.HRTIM_MasterWaveform_Config)
    i.HRTIM_OutputConfig                     0x080042ba   Section        0  stm32f3xx_hal_hrtim.o(i.HRTIM_OutputConfig)
    HRTIM_OutputConfig                       0x080042bb   Thumb Code   242  stm32f3xx_hal_hrtim.o(i.HRTIM_OutputConfig)
    i.HRTIM_TimingUnitBase_Config            0x080043ac   Section        0  stm32f3xx_hal_hrtim.o(i.HRTIM_TimingUnitBase_Config)
    HRTIM_TimingUnitBase_Config              0x080043ad   Thumb Code    64  stm32f3xx_hal_hrtim.o(i.HRTIM_TimingUnitBase_Config)
    i.HRTIM_TimingUnitWaveform_Config        0x080043ec   Section        0  stm32f3xx_hal_hrtim.o(i.HRTIM_TimingUnitWaveform_Config)
    HRTIM_TimingUnitWaveform_Config          0x080043ed   Thumb Code   482  stm32f3xx_hal_hrtim.o(i.HRTIM_TimingUnitWaveform_Config)
    i.HardFault_Handler                      0x080045ce   Section        0  stm32f3xx_it.o(i.HardFault_Handler)
    i.MX_ADC1_Init                           0x080045d4   Section        0  adc.o(i.MX_ADC1_Init)
    i.MX_ADC2_Init                           0x0800468c   Section        0  adc.o(i.MX_ADC2_Init)
    i.MX_CAN_Init                            0x08004724   Section        0  can.o(i.MX_CAN_Init)
    i.MX_DMA_Init                            0x080047c0   Section        0  dma.o(i.MX_DMA_Init)
    i.MX_GPIO_Init                           0x08004804   Section        0  gpio.o(i.MX_GPIO_Init)
    i.MX_HRTIM1_Init                         0x080048a8   Section        0  hrtim.o(i.MX_HRTIM1_Init)
    i.MX_TIM6_Init                           0x08004b24   Section        0  tim.o(i.MX_TIM6_Init)
    i.MX_TIM7_Init                           0x08004b74   Section        0  tim.o(i.MX_TIM7_Init)
    i.MemManage_Handler                      0x08004bc0   Section        0  stm32f3xx_it.o(i.MemManage_Handler)
    i.NMI_Handler                            0x08004bc4   Section        0  stm32f3xx_it.o(i.NMI_Handler)
    i.PendSV_Handler                         0x08004bc8   Section        0  stm32f3xx_it.o(i.PendSV_Handler)
    i.SVC_Handler                            0x08004bca   Section        0  stm32f3xx_it.o(i.SVC_Handler)
    i.SendPowerManagementData                0x08004bcc   Section        0  main.o(i.SendPowerManagementData)
    i.SysTick_Handler                        0x08004c68   Section        0  stm32f3xx_it.o(i.SysTick_Handler)
    i.SystemClock_Config                     0x08004c70   Section        0  main.o(i.SystemClock_Config)
    i.SystemInit                             0x08004cf4   Section        0  system_stm32f3xx.o(i.SystemInit)
    i.TIM6_DAC1_IRQHandler                   0x08004d08   Section        0  stm32f3xx_it.o(i.TIM6_DAC1_IRQHandler)
    i.TIM7_DAC2_IRQHandler                   0x08004d18   Section        0  stm32f3xx_it.o(i.TIM7_DAC2_IRQHandler)
    i.TIM_Base_SetConfig                     0x08004d28   Section        0  stm32f3xx_hal_tim.o(i.TIM_Base_SetConfig)
    i.UsageFault_Handler                     0x08004dbc   Section        0  stm32f3xx_it.o(i.UsageFault_Handler)
    i.__NVIC_GetPriorityGrouping             0x08004dc0   Section        0  stm32f3xx_hal_cortex.o(i.__NVIC_GetPriorityGrouping)
    __NVIC_GetPriorityGrouping               0x08004dc1   Thumb Code    10  stm32f3xx_hal_cortex.o(i.__NVIC_GetPriorityGrouping)
    i.__NVIC_SetPriority                     0x08004dd0   Section        0  stm32f3xx_hal_cortex.o(i.__NVIC_SetPriority)
    __NVIC_SetPriority                       0x08004dd1   Thumb Code    32  stm32f3xx_hal_cortex.o(i.__NVIC_SetPriority)
    i.main                                   0x08004df8   Section        0  main.o(i.main)
    i.pid_calculate                          0x08004fa0   Section        0  pid.o(i.pid_calculate)
    i.pid_init                               0x080050e6   Section        0  pid.o(i.pid_init)
    i.pid_reset                              0x08005104   Section        0  pid.o(i.pid_reset)
    x$fpl$fpinit                             0x08005134   Section       10  fpinit.o(x$fpl$fpinit)
    $v0                                      0x08005134   Number         0  fpinit.o(x$fpl$fpinit)
    .constdata                               0x0800513e   Section       32  stm32f3xx_hal_rcc.o(.constdata)
    aPLLMULFactorTable                       0x0800513e   Data          16  stm32f3xx_hal_rcc.o(.constdata)
    aPredivFactorTable                       0x0800514e   Data          16  stm32f3xx_hal_rcc.o(.constdata)
    .constdata                               0x0800515e   Section       24  system_stm32f3xx.o(.constdata)
    .data                                    0x20000000   Section       56  main.o(.data)
    .data                                    0x20000038   Section        4  adc.o(.data)
    HAL_RCC_ADC12_CLK_ENABLED                0x20000038   Data           4  adc.o(.data)
    .data                                    0x2000003c   Section        9  stm32f3xx_hal.o(.data)
    .data                                    0x20000048   Section        4  system_stm32f3xx.o(.data)
    .bss                                     0x2000004c   Section      264  main.o(.bss)
    .bss                                     0x20000154   Section      296  adc.o(.bss)
    .bss                                     0x2000027c   Section       40  can.o(.bss)
    .bss                                     0x200002a4   Section      220  hrtim.o(.bss)
    .bss                                     0x20000380   Section      152  tim.o(.bss)
    .bss                                     0x20000418   Section       96  libspace.o(.bss)
    HEAP                                     0x20000478   Section      512  startup_stm32f334x8.o(HEAP)
    Heap_Mem                                 0x20000478   Data         512  startup_stm32f334x8.o(HEAP)
    STACK                                    0x20000678   Section     1024  startup_stm32f334x8.o(STACK)
    Stack_Mem                                0x20000678   Data        1024  startup_stm32f334x8.o(STACK)
    __initial_sp                             0x20000a78   Data           0  startup_stm32f334x8.o(STACK)

    Global Symbols

    Symbol Name                              Value     Ov Type        Size  Object(Section)

    BuildAttributes$$THM_ISAv4$E$P$D$K$B$S$7EM$VFPi3$EXTD16$VFPS$VFMA$PE$A:L22UL41UL21$X:L11$S22US41US21$IEEE1$IW$USESV6$~STKCKD$USESV7$~SHL$OSPACE$ROPI$EBA8$UX$STANDARDLIB$REQ8$PRES8$EABIv2 0x00000000   Number         0  anon$$obj.o ABSOLUTE
    __ARM_use_no_argv                        0x00000000   Number         0  main.o ABSOLUTE
    __ARM_exceptions_init                     - Undefined Weak Reference
    __alloca_initialize                       - Undefined Weak Reference
    __arm_fini_                               - Undefined Weak Reference
    __arm_preinit_                            - Undefined Weak Reference
    __cpp_initialize__aeabi_                  - Undefined Weak Reference
    __cxa_finalize                            - Undefined Weak Reference
    __rt_locale                               - Undefined Weak Reference
    __sigvec_lookup                           - Undefined Weak Reference
    _atexit_init                              - Undefined Weak Reference
    _call_atexit_fns                          - Undefined Weak Reference
    _clock_init                               - Undefined Weak Reference
    _fp_trap_init                             - Undefined Weak Reference
    _fp_trap_shutdown                         - Undefined Weak Reference
    _get_lc_collate                           - Undefined Weak Reference
    _get_lc_ctype                             - Undefined Weak Reference
    _get_lc_monetary                          - Undefined Weak Reference
    _get_lc_numeric                           - Undefined Weak Reference
    _get_lc_time                              - Undefined Weak Reference
    _getenv_init                              - Undefined Weak Reference
    _handle_redirection                       - Undefined Weak Reference
    _init_alloc                               - Undefined Weak Reference
    _init_user_alloc                          - Undefined Weak Reference
    _initio                                   - Undefined Weak Reference
    _rand_init                                - Undefined Weak Reference
    _signal_finish                            - Undefined Weak Reference
    _signal_init                              - Undefined Weak Reference
    _terminate_alloc                          - Undefined Weak Reference
    _terminate_user_alloc                     - Undefined Weak Reference
    _terminateio                              - Undefined Weak Reference
    __Vectors_Size                           0x00000188   Number         0  startup_stm32f334x8.o ABSOLUTE
    __Vectors                                0x08000000   Data           4  startup_stm32f334x8.o(RESET)
    __Vectors_End                            0x08000188   Data           0  startup_stm32f334x8.o(RESET)
    __main                                   0x08000189   Thumb Code     8  __main.o(!!!main)
    __scatterload                            0x08000191   Thumb Code     0  __scatter.o(!!!scatter)
    __scatterload_rt2                        0x08000191   Thumb Code    44  __scatter.o(!!!scatter)
    __scatterload_rt2_thumb_only             0x08000191   Thumb Code     0  __scatter.o(!!!scatter)
    __scatterload_null                       0x0800019f   Thumb Code     0  __scatter.o(!!!scatter)
    __scatterload_copy                       0x080001c5   Thumb Code    26  __scatter_copy.o(!!handler_copy)
    __scatterload_zeroinit                   0x080001e1   Thumb Code    28  __scatter_zi.o(!!handler_zi)
    __rt_lib_init                            0x080001fd   Thumb Code     0  libinit.o(.ARM.Collect$$libinit$$00000000)
    __rt_lib_init_fp_1                       0x080001ff   Thumb Code     0  libinit2.o(.ARM.Collect$$libinit$$00000001)
    __rt_lib_init_alloca_1                   0x08000203   Thumb Code     0  libinit2.o(.ARM.Collect$$libinit$$0000002E)
    __rt_lib_init_argv_1                     0x08000203   Thumb Code     0  libinit2.o(.ARM.Collect$$libinit$$0000002C)
    __rt_lib_init_atexit_1                   0x08000203   Thumb Code     0  libinit2.o(.ARM.Collect$$libinit$$0000001B)
    __rt_lib_init_clock_1                    0x08000203   Thumb Code     0  libinit2.o(.ARM.Collect$$libinit$$00000021)
    __rt_lib_init_cpp_1                      0x08000203   Thumb Code     0  libinit2.o(.ARM.Collect$$libinit$$00000032)
    __rt_lib_init_exceptions_1               0x08000203   Thumb Code     0  libinit2.o(.ARM.Collect$$libinit$$00000030)
    __rt_lib_init_fp_trap_1                  0x08000203   Thumb Code     0  libinit2.o(.ARM.Collect$$libinit$$0000001F)
    __rt_lib_init_getenv_1                   0x08000203   Thumb Code     0  libinit2.o(.ARM.Collect$$libinit$$00000023)
    __rt_lib_init_heap_1                     0x08000203   Thumb Code     0  libinit2.o(.ARM.Collect$$libinit$$0000000A)
    __rt_lib_init_lc_collate_1               0x08000203   Thumb Code     0  libinit2.o(.ARM.Collect$$libinit$$00000011)
    __rt_lib_init_lc_ctype_1                 0x08000203   Thumb Code     0  libinit2.o(.ARM.Collect$$libinit$$00000013)
    __rt_lib_init_lc_monetary_1              0x08000203   Thumb Code     0  libinit2.o(.ARM.Collect$$libinit$$00000015)
    __rt_lib_init_lc_numeric_1               0x08000203   Thumb Code     0  libinit2.o(.ARM.Collect$$libinit$$00000017)
    __rt_lib_init_lc_time_1                  0x08000203   Thumb Code     0  libinit2.o(.ARM.Collect$$libinit$$00000019)
    __rt_lib_init_preinit_1                  0x08000203   Thumb Code     0  libinit2.o(.ARM.Collect$$libinit$$00000004)
    __rt_lib_init_rand_1                     0x08000203   Thumb Code     0  libinit2.o(.ARM.Collect$$libinit$$0000000E)
    __rt_lib_init_return                     0x08000203   Thumb Code     0  libinit2.o(.ARM.Collect$$libinit$$00000033)
    __rt_lib_init_signal_1                   0x08000203   Thumb Code     0  libinit2.o(.ARM.Collect$$libinit$$0000001D)
    __rt_lib_init_stdio_1                    0x08000203   Thumb Code     0  libinit2.o(.ARM.Collect$$libinit$$00000025)
    __rt_lib_init_user_alloc_1               0x08000203   Thumb Code     0  libinit2.o(.ARM.Collect$$libinit$$0000000C)
    __rt_lib_shutdown                        0x08000205   Thumb Code     0  libshutdown.o(.ARM.Collect$$libshutdown$$00000000)
    __rt_lib_shutdown_cpp_1                  0x08000207   Thumb Code     0  libshutdown2.o(.ARM.Collect$$libshutdown$$00000004)
    __rt_lib_shutdown_fini_1                 0x08000207   Thumb Code     0  libshutdown2.o(.ARM.Collect$$libshutdown$$00000002)
    __rt_lib_shutdown_fp_trap_1              0x08000207   Thumb Code     0  libshutdown2.o(.ARM.Collect$$libshutdown$$00000009)
    __rt_lib_shutdown_heap_1                 0x08000207   Thumb Code     0  libshutdown2.o(.ARM.Collect$$libshutdown$$00000011)
    __rt_lib_shutdown_return                 0x08000207   Thumb Code     0  libshutdown2.o(.ARM.Collect$$libshutdown$$00000012)
    __rt_lib_shutdown_signal_1               0x08000207   Thumb Code     0  libshutdown2.o(.ARM.Collect$$libshutdown$$0000000C)
    __rt_lib_shutdown_stdio_1                0x08000207   Thumb Code     0  libshutdown2.o(.ARM.Collect$$libshutdown$$00000006)
    __rt_lib_shutdown_user_alloc_1           0x08000207   Thumb Code     0  libshutdown2.o(.ARM.Collect$$libshutdown$$0000000E)
    __rt_entry                               0x08000209   Thumb Code     0  __rtentry.o(.ARM.Collect$$rtentry$$00000000)
    __rt_entry_presh_1                       0x08000209   Thumb Code     0  __rtentry2.o(.ARM.Collect$$rtentry$$00000002)
    __rt_entry_sh                            0x08000209   Thumb Code     0  __rtentry4.o(.ARM.Collect$$rtentry$$00000004)
    __rt_entry_li                            0x0800020f   Thumb Code     0  __rtentry2.o(.ARM.Collect$$rtentry$$0000000A)
    __rt_entry_postsh_1                      0x0800020f   Thumb Code     0  __rtentry2.o(.ARM.Collect$$rtentry$$00000009)
    __rt_entry_main                          0x08000213   Thumb Code     0  __rtentry2.o(.ARM.Collect$$rtentry$$0000000D)
    __rt_entry_postli_1                      0x08000213   Thumb Code     0  __rtentry2.o(.ARM.Collect$$rtentry$$0000000C)
    __rt_exit                                0x0800021b   Thumb Code     0  rtexit.o(.ARM.Collect$$rtexit$$00000000)
    __rt_exit_ls                             0x0800021d   Thumb Code     0  rtexit2.o(.ARM.Collect$$rtexit$$00000003)
    __rt_exit_prels_1                        0x0800021d   Thumb Code     0  rtexit2.o(.ARM.Collect$$rtexit$$00000002)
    __rt_exit_exit                           0x08000221   Thumb Code     0  rtexit2.o(.ARM.Collect$$rtexit$$00000004)
    Reset_Handler                            0x08000229   Thumb Code     8  startup_stm32f334x8.o(.text)
    ADC1_2_IRQHandler                        0x08000243   Thumb Code     0  startup_stm32f334x8.o(.text)
    CAN_SCE_IRQHandler                       0x08000243   Thumb Code     0  startup_stm32f334x8.o(.text)
    CAN_TX_IRQHandler                        0x08000243   Thumb Code     0  startup_stm32f334x8.o(.text)
    COMP2_IRQHandler                         0x08000243   Thumb Code     0  startup_stm32f334x8.o(.text)
    COMP4_6_IRQHandler                       0x08000243   Thumb Code     0  startup_stm32f334x8.o(.text)
    DMA1_Channel3_IRQHandler                 0x08000243   Thumb Code     0  startup_stm32f334x8.o(.text)
    DMA1_Channel4_IRQHandler                 0x08000243   Thumb Code     0  startup_stm32f334x8.o(.text)
    DMA1_Channel5_IRQHandler                 0x08000243   Thumb Code     0  startup_stm32f334x8.o(.text)
    DMA1_Channel6_IRQHandler                 0x08000243   Thumb Code     0  startup_stm32f334x8.o(.text)
    DMA1_Channel7_IRQHandler                 0x08000243   Thumb Code     0  startup_stm32f334x8.o(.text)
    EXTI0_IRQHandler                         0x08000243   Thumb Code     0  startup_stm32f334x8.o(.text)
    EXTI15_10_IRQHandler                     0x08000243   Thumb Code     0  startup_stm32f334x8.o(.text)
    EXTI1_IRQHandler                         0x08000243   Thumb Code     0  startup_stm32f334x8.o(.text)
    EXTI2_TSC_IRQHandler                     0x08000243   Thumb Code     0  startup_stm32f334x8.o(.text)
    EXTI3_IRQHandler                         0x08000243   Thumb Code     0  startup_stm32f334x8.o(.text)
    EXTI4_IRQHandler                         0x08000243   Thumb Code     0  startup_stm32f334x8.o(.text)
    EXTI9_5_IRQHandler                       0x08000243   Thumb Code     0  startup_stm32f334x8.o(.text)
    FLASH_IRQHandler                         0x08000243   Thumb Code     0  startup_stm32f334x8.o(.text)
    FPU_IRQHandler                           0x08000243   Thumb Code     0  startup_stm32f334x8.o(.text)
    HRTIM1_FLT_IRQHandler                    0x08000243   Thumb Code     0  startup_stm32f334x8.o(.text)
    HRTIM1_Master_IRQHandler                 0x08000243   Thumb Code     0  startup_stm32f334x8.o(.text)
    HRTIM1_TIMA_IRQHandler                   0x08000243   Thumb Code     0  startup_stm32f334x8.o(.text)
    HRTIM1_TIMB_IRQHandler                   0x08000243   Thumb Code     0  startup_stm32f334x8.o(.text)
    HRTIM1_TIMC_IRQHandler                   0x08000243   Thumb Code     0  startup_stm32f334x8.o(.text)
    HRTIM1_TIMD_IRQHandler                   0x08000243   Thumb Code     0  startup_stm32f334x8.o(.text)
    HRTIM1_TIME_IRQHandler                   0x08000243   Thumb Code     0  startup_stm32f334x8.o(.text)
    I2C1_ER_IRQHandler                       0x08000243   Thumb Code     0  startup_stm32f334x8.o(.text)
    I2C1_EV_IRQHandler                       0x08000243   Thumb Code     0  startup_stm32f334x8.o(.text)
    PVD_IRQHandler                           0x08000243   Thumb Code     0  startup_stm32f334x8.o(.text)
    RCC_IRQHandler                           0x08000243   Thumb Code     0  startup_stm32f334x8.o(.text)
    RTC_Alarm_IRQHandler                     0x08000243   Thumb Code     0  startup_stm32f334x8.o(.text)
    RTC_WKUP_IRQHandler                      0x08000243   Thumb Code     0  startup_stm32f334x8.o(.text)
    SPI1_IRQHandler                          0x08000243   Thumb Code     0  startup_stm32f334x8.o(.text)
    TAMP_STAMP_IRQHandler                    0x08000243   Thumb Code     0  startup_stm32f334x8.o(.text)
    TIM1_BRK_TIM15_IRQHandler                0x08000243   Thumb Code     0  startup_stm32f334x8.o(.text)
    TIM1_CC_IRQHandler                       0x08000243   Thumb Code     0  startup_stm32f334x8.o(.text)
    TIM1_TRG_COM_TIM17_IRQHandler            0x08000243   Thumb Code     0  startup_stm32f334x8.o(.text)
    TIM1_UP_TIM16_IRQHandler                 0x08000243   Thumb Code     0  startup_stm32f334x8.o(.text)
    TIM2_IRQHandler                          0x08000243   Thumb Code     0  startup_stm32f334x8.o(.text)
    TIM3_IRQHandler                          0x08000243   Thumb Code     0  startup_stm32f334x8.o(.text)
    USART1_IRQHandler                        0x08000243   Thumb Code     0  startup_stm32f334x8.o(.text)
    USART2_IRQHandler                        0x08000243   Thumb Code     0  startup_stm32f334x8.o(.text)
    USART3_IRQHandler                        0x08000243   Thumb Code     0  startup_stm32f334x8.o(.text)
    WWDG_IRQHandler                          0x08000243   Thumb Code     0  startup_stm32f334x8.o(.text)
    __user_initial_stackheap                 0x08000245   Thumb Code     0  startup_stm32f334x8.o(.text)
    __aeabi_uldivmod                         0x08000269   Thumb Code     0  lludivv7m.o(.text)
    _ll_udiv                                 0x08000269   Thumb Code   238  lludivv7m.o(.text)
    __aeabi_memclr4                          0x08000357   Thumb Code     0  rt_memclr_w.o(.text)
    __aeabi_memclr8                          0x08000357   Thumb Code     0  rt_memclr_w.o(.text)
    __rt_memclr_w                            0x08000357   Thumb Code    78  rt_memclr_w.o(.text)
    _memset_w                                0x0800035b   Thumb Code     0  rt_memclr_w.o(.text)
    __use_two_region_memory                  0x080003a5   Thumb Code     2  heapauxi.o(.text)
    __rt_heap_escrow$2region                 0x080003a7   Thumb Code     2  heapauxi.o(.text)
    __rt_heap_expand$2region                 0x080003a9   Thumb Code     2  heapauxi.o(.text)
    __user_setup_stackheap                   0x080003ab   Thumb Code    74  sys_stackheap_outer.o(.text)
    exit                                     0x080003f5   Thumb Code    18  exit.o(.text)
    __user_libspace                          0x08000409   Thumb Code     8  libspace.o(.text)
    __user_perproc_libspace                  0x08000409   Thumb Code     0  libspace.o(.text)
    __user_perthread_libspace                0x08000409   Thumb Code     0  libspace.o(.text)
    _sys_exit                                0x08000411   Thumb Code     8  sys_exit.o(.text)
    __I$use$semihosting                      0x0800041d   Thumb Code     0  use_no_semi.o(.text)
    __use_no_semihosting_swi                 0x0800041d   Thumb Code     2  use_no_semi.o(.text)
    __semihosting_library_function           0x0800041f   Thumb Code     0  indicate_semi.o(.text)
    BSP_CAN_Send                             0x080005d9   Thumb Code    40  main.o(i.BSP_CAN_Send)
    BusFault_Handler                         0x08000605   Thumb Code     4  stm32f3xx_it.o(i.BusFault_Handler)
    CAN_RX0_IRQHandler                       0x08000609   Thumb Code    10  stm32f3xx_it.o(i.CAN_RX0_IRQHandler)
    CAN_RX1_IRQHandler                       0x08000619   Thumb Code    10  stm32f3xx_it.o(i.CAN_RX1_IRQHandler)
    DMA1_Channel1_IRQHandler                 0x08000629   Thumb Code    10  stm32f3xx_it.o(i.DMA1_Channel1_IRQHandler)
    DMA1_Channel2_IRQHandler                 0x08000639   Thumb Code    10  stm32f3xx_it.o(i.DMA1_Channel2_IRQHandler)
    DebugMon_Handler                         0x08000691   Thumb Code     2  stm32f3xx_it.o(i.DebugMon_Handler)
    Error_Handler                            0x08000693   Thumb Code     6  main.o(i.Error_Handler)
    HAL_ADCEx_Calibration_Start              0x08000699   Thumb Code   188  stm32f3xx_hal_adc_ex.o(i.HAL_ADCEx_Calibration_Start)
    HAL_ADCEx_MultiModeConfigChannel         0x08000755   Thumb Code   306  stm32f3xx_hal_adc_ex.o(i.HAL_ADCEx_MultiModeConfigChannel)
    HAL_ADC_ConfigChannel                    0x08000891   Thumb Code  1032  stm32f3xx_hal_adc_ex.o(i.HAL_ADC_ConfigChannel)
    HAL_ADC_ConvCpltCallback                 0x08000cad   Thumb Code     2  stm32f3xx_hal_adc.o(i.HAL_ADC_ConvCpltCallback)
    HAL_ADC_ConvHalfCpltCallback             0x08000caf   Thumb Code     2  stm32f3xx_hal_adc.o(i.HAL_ADC_ConvHalfCpltCallback)
    HAL_ADC_ErrorCallback                    0x08000cb1   Thumb Code     2  stm32f3xx_hal_adc.o(i.HAL_ADC_ErrorCallback)
    HAL_ADC_Init                             0x08000cb5   Thumb Code   576  stm32f3xx_hal_adc_ex.o(i.HAL_ADC_Init)
    HAL_ADC_MspInit                          0x08000f09   Thumb Code   340  adc.o(i.HAL_ADC_MspInit)
    HAL_ADC_Start_DMA                        0x08001075   Thumb Code   338  stm32f3xx_hal_adc_ex.o(i.HAL_ADC_Start_DMA)
    HAL_CAN_ActivateNotification             0x080011dd   Thumb Code    42  stm32f3xx_hal_can.o(i.HAL_CAN_ActivateNotification)
    HAL_CAN_AddTxMessage                     0x08001207   Thumb Code   330  stm32f3xx_hal_can.o(i.HAL_CAN_AddTxMessage)
    HAL_CAN_ConfigFilter                     0x08001351   Thumb Code   266  stm32f3xx_hal_can.o(i.HAL_CAN_ConfigFilter)
    HAL_CAN_ErrorCallback                    0x0800145b   Thumb Code     2  stm32f3xx_hal_can.o(i.HAL_CAN_ErrorCallback)
    HAL_CAN_GetRxMessage                     0x0800145d   Thumb Code   404  stm32f3xx_hal_can.o(i.HAL_CAN_GetRxMessage)
    HAL_CAN_IRQHandler                       0x080015f1   Thumb Code   590  stm32f3xx_hal_can.o(i.HAL_CAN_IRQHandler)
    HAL_CAN_Init                             0x0800183f   Thumb Code   372  stm32f3xx_hal_can.o(i.HAL_CAN_Init)
    HAL_CAN_MspInit                          0x080019b5   Thumb Code   142  can.o(i.HAL_CAN_MspInit)
    HAL_CAN_RxFifo0FullCallback              0x08001a51   Thumb Code     2  stm32f3xx_hal_can.o(i.HAL_CAN_RxFifo0FullCallback)
    HAL_CAN_RxFifo0MsgPendingCallback        0x08001a55   Thumb Code   182  main.o(i.HAL_CAN_RxFifo0MsgPendingCallback)
    HAL_CAN_RxFifo1FullCallback              0x08001b25   Thumb Code     2  stm32f3xx_hal_can.o(i.HAL_CAN_RxFifo1FullCallback)
    HAL_CAN_RxFifo1MsgPendingCallback        0x08001b29   Thumb Code   182  main.o(i.HAL_CAN_RxFifo1MsgPendingCallback)
    HAL_CAN_SleepCallback                    0x08001bf9   Thumb Code     2  stm32f3xx_hal_can.o(i.HAL_CAN_SleepCallback)
    HAL_CAN_Start                            0x08001bfb   Thumb Code    94  stm32f3xx_hal_can.o(i.HAL_CAN_Start)
    HAL_CAN_TxMailbox0AbortCallback          0x08001c59   Thumb Code     2  stm32f3xx_hal_can.o(i.HAL_CAN_TxMailbox0AbortCallback)
    HAL_CAN_TxMailbox0CompleteCallback       0x08001c5b   Thumb Code     2  stm32f3xx_hal_can.o(i.HAL_CAN_TxMailbox0CompleteCallback)
    HAL_CAN_TxMailbox1AbortCallback          0x08001c5d   Thumb Code     2  stm32f3xx_hal_can.o(i.HAL_CAN_TxMailbox1AbortCallback)
    HAL_CAN_TxMailbox1CompleteCallback       0x08001c5f   Thumb Code     2  stm32f3xx_hal_can.o(i.HAL_CAN_TxMailbox1CompleteCallback)
    HAL_CAN_TxMailbox2AbortCallback          0x08001c61   Thumb Code     2  stm32f3xx_hal_can.o(i.HAL_CAN_TxMailbox2AbortCallback)
    HAL_CAN_TxMailbox2CompleteCallback       0x08001c63   Thumb Code     2  stm32f3xx_hal_can.o(i.HAL_CAN_TxMailbox2CompleteCallback)
    HAL_CAN_WakeUpFromRxMsgCallback          0x08001c65   Thumb Code     2  stm32f3xx_hal_can.o(i.HAL_CAN_WakeUpFromRxMsgCallback)
    HAL_DMA_IRQHandler                       0x08001c67   Thumb Code   230  stm32f3xx_hal_dma.o(i.HAL_DMA_IRQHandler)
    HAL_DMA_Init                             0x08001d4d   Thumb Code    86  stm32f3xx_hal_dma.o(i.HAL_DMA_Init)
    HAL_DMA_Start_IT                         0x08001da3   Thumb Code   156  stm32f3xx_hal_dma.o(i.HAL_DMA_Start_IT)
    HAL_GPIO_Init                            0x08001e41   Thumb Code   408  stm32f3xx_hal_gpio.o(i.HAL_GPIO_Init)
    HAL_GPIO_TogglePin                       0x08001ff1   Thumb Code    20  stm32f3xx_hal_gpio.o(i.HAL_GPIO_TogglePin)
    HAL_GPIO_WritePin                        0x08002005   Thumb Code    10  stm32f3xx_hal_gpio.o(i.HAL_GPIO_WritePin)
    HAL_GetTick                              0x08002011   Thumb Code     6  stm32f3xx_hal.o(i.HAL_GetTick)
    HAL_HRTIM_ADCTriggerConfig               0x0800201d   Thumb Code   226  stm32f3xx_hal_hrtim.o(i.HAL_HRTIM_ADCTriggerConfig)
    HAL_HRTIM_DLLCalibrationStart            0x080020ff   Thumb Code   128  stm32f3xx_hal_hrtim.o(i.HAL_HRTIM_DLLCalibrationStart)
    HAL_HRTIM_DeadTimeConfig                 0x08002181   Thumb Code   162  stm32f3xx_hal_hrtim.o(i.HAL_HRTIM_DeadTimeConfig)
    HAL_HRTIM_Init                           0x0800222d   Thumb Code   256  stm32f3xx_hal_hrtim.o(i.HAL_HRTIM_Init)
    HAL_HRTIM_MspInit                        0x08002335   Thumb Code    40  hrtim.o(i.HAL_HRTIM_MspInit)
    HAL_HRTIM_MspPostInit                    0x08002365   Thumb Code    86  hrtim.o(i.HAL_HRTIM_MspPostInit)
    HAL_HRTIM_PollForDLLCalibration          0x080023c5   Thumb Code    74  stm32f3xx_hal_hrtim.o(i.HAL_HRTIM_PollForDLLCalibration)
    HAL_HRTIM_TimeBaseConfig                 0x0800240f   Thumb Code    58  stm32f3xx_hal_hrtim.o(i.HAL_HRTIM_TimeBaseConfig)
    HAL_HRTIM_WaveformCompareConfig          0x08002449   Thumb Code   504  stm32f3xx_hal_hrtim.o(i.HAL_HRTIM_WaveformCompareConfig)
    HAL_HRTIM_WaveformCountStart             0x08002641   Thumb Code    60  stm32f3xx_hal_hrtim.o(i.HAL_HRTIM_WaveformCountStart)
    HAL_HRTIM_WaveformOutputConfig           0x0800267d   Thumb Code    84  stm32f3xx_hal_hrtim.o(i.HAL_HRTIM_WaveformOutputConfig)
    HAL_HRTIM_WaveformOutputStart            0x080026d1   Thumb Code    64  stm32f3xx_hal_hrtim.o(i.HAL_HRTIM_WaveformOutputStart)
    HAL_HRTIM_WaveformOutputStop             0x08002711   Thumb Code    64  stm32f3xx_hal_hrtim.o(i.HAL_HRTIM_WaveformOutputStop)
    HAL_HRTIM_WaveformTimerConfig            0x08002751   Thumb Code   178  stm32f3xx_hal_hrtim.o(i.HAL_HRTIM_WaveformTimerConfig)
    HAL_IncTick                              0x08002805   Thumb Code    16  stm32f3xx_hal.o(i.HAL_IncTick)
    HAL_Init                                 0x0800281d   Thumb Code    34  stm32f3xx_hal.o(i.HAL_Init)
    HAL_InitTick                             0x08002845   Thumb Code    64  stm32f3xx_hal.o(i.HAL_InitTick)
    HAL_MspInit                              0x08002891   Thumb Code    58  stm32f3xx_hal_msp.o(i.HAL_MspInit)
    HAL_NVIC_EnableIRQ                       0x080028d1   Thumb Code    32  stm32f3xx_hal_cortex.o(i.HAL_NVIC_EnableIRQ)
    HAL_NVIC_SetPriority                     0x080028f1   Thumb Code   124  stm32f3xx_hal_cortex.o(i.HAL_NVIC_SetPriority)
    HAL_NVIC_SetPriorityGrouping             0x0800296d   Thumb Code    32  stm32f3xx_hal_cortex.o(i.HAL_NVIC_SetPriorityGrouping)
    HAL_RCCEx_PeriphCLKConfig                0x08002995   Thumb Code   512  stm32f3xx_hal_rcc_ex.o(i.HAL_RCCEx_PeriphCLKConfig)
    HAL_RCC_ClockConfig                      0x08002ba1   Thumb Code   664  stm32f3xx_hal_rcc.o(i.HAL_RCC_ClockConfig)
    HAL_RCC_GetSysClockFreq                  0x08002e4d   Thumb Code   138  stm32f3xx_hal_rcc.o(i.HAL_RCC_GetSysClockFreq)
    HAL_RCC_OscConfig                        0x08002ef1   Thumb Code  2586  stm32f3xx_hal_rcc.o(i.HAL_RCC_OscConfig)
    HAL_SYSTICK_Config                       0x08003915   Thumb Code    52  stm32f3xx_hal_cortex.o(i.HAL_SYSTICK_Config)
    HAL_TIMEx_Break2Callback                 0x08003949   Thumb Code     2  stm32f3xx_hal_tim_ex.o(i.HAL_TIMEx_Break2Callback)
    HAL_TIMEx_BreakCallback                  0x0800394b   Thumb Code     2  stm32f3xx_hal_tim_ex.o(i.HAL_TIMEx_BreakCallback)
    HAL_TIMEx_CommutCallback                 0x0800394d   Thumb Code     2  stm32f3xx_hal_tim_ex.o(i.HAL_TIMEx_CommutCallback)
    HAL_TIMEx_MasterConfigSynchronization    0x08003951   Thumb Code   134  stm32f3xx_hal_tim_ex.o(i.HAL_TIMEx_MasterConfigSynchronization)
    HAL_TIM_Base_Init                        0x080039e5   Thumb Code   110  stm32f3xx_hal_tim.o(i.HAL_TIM_Base_Init)
    HAL_TIM_Base_MspInit                     0x08003a55   Thumb Code   112  tim.o(i.HAL_TIM_Base_MspInit)
    HAL_TIM_Base_Start_IT                    0x08003ad1   Thumb Code   114  stm32f3xx_hal_tim.o(i.HAL_TIM_Base_Start_IT)
    HAL_TIM_IC_CaptureCallback               0x08003b55   Thumb Code     2  stm32f3xx_hal_tim.o(i.HAL_TIM_IC_CaptureCallback)
    HAL_TIM_IRQHandler                       0x08003b57   Thumb Code   440  stm32f3xx_hal_tim.o(i.HAL_TIM_IRQHandler)
    HAL_TIM_OC_DelayElapsedCallback          0x08003d0f   Thumb Code     2  stm32f3xx_hal_tim.o(i.HAL_TIM_OC_DelayElapsedCallback)
    HAL_TIM_PWM_PulseFinishedCallback        0x08003d11   Thumb Code     2  stm32f3xx_hal_tim.o(i.HAL_TIM_PWM_PulseFinishedCallback)
    HAL_TIM_PeriodElapsedCallback            0x08003d15   Thumb Code  1176  main.o(i.HAL_TIM_PeriodElapsedCallback)
    HAL_TIM_TriggerCallback                  0x080041b5   Thumb Code     2  stm32f3xx_hal_tim.o(i.HAL_TIM_TriggerCallback)
    HardFault_Handler                        0x080045cf   Thumb Code     4  stm32f3xx_it.o(i.HardFault_Handler)
    MX_ADC1_Init                             0x080045d5   Thumb Code   178  adc.o(i.MX_ADC1_Init)
    MX_ADC2_Init                             0x0800468d   Thumb Code   144  adc.o(i.MX_ADC2_Init)
    MX_CAN_Init                              0x08004725   Thumb Code   146  can.o(i.MX_CAN_Init)
    MX_DMA_Init                              0x080047c1   Thumb Code    64  dma.o(i.MX_DMA_Init)
    MX_GPIO_Init                             0x08004805   Thumb Code   154  gpio.o(i.MX_GPIO_Init)
    MX_HRTIM1_Init                           0x080048a9   Thumb Code   628  hrtim.o(i.MX_HRTIM1_Init)
    MX_TIM6_Init                             0x08004b25   Thumb Code    70  tim.o(i.MX_TIM6_Init)
    MX_TIM7_Init                             0x08004b75   Thumb Code    66  tim.o(i.MX_TIM7_Init)
    MemManage_Handler                        0x08004bc1   Thumb Code     4  stm32f3xx_it.o(i.MemManage_Handler)
    NMI_Handler                              0x08004bc5   Thumb Code     4  stm32f3xx_it.o(i.NMI_Handler)
    PendSV_Handler                           0x08004bc9   Thumb Code     2  stm32f3xx_it.o(i.PendSV_Handler)
    SVC_Handler                              0x08004bcb   Thumb Code     2  stm32f3xx_it.o(i.SVC_Handler)
    SendPowerManagementData                  0x08004bcd   Thumb Code   132  main.o(i.SendPowerManagementData)
    SysTick_Handler                          0x08004c69   Thumb Code     8  stm32f3xx_it.o(i.SysTick_Handler)
    SystemClock_Config                       0x08004c71   Thumb Code   130  main.o(i.SystemClock_Config)
    SystemInit                               0x08004cf5   Thumb Code    14  system_stm32f3xx.o(i.SystemInit)
    TIM6_DAC1_IRQHandler                     0x08004d09   Thumb Code    10  stm32f3xx_it.o(i.TIM6_DAC1_IRQHandler)
    TIM7_DAC2_IRQHandler                     0x08004d19   Thumb Code    10  stm32f3xx_it.o(i.TIM7_DAC2_IRQHandler)
    TIM_Base_SetConfig                       0x08004d29   Thumb Code   128  stm32f3xx_hal_tim.o(i.TIM_Base_SetConfig)
    UsageFault_Handler                       0x08004dbd   Thumb Code     4  stm32f3xx_it.o(i.UsageFault_Handler)
    main                                     0x08004df9   Thumb Code   338  main.o(i.main)
    pid_calculate                            0x08004fa1   Thumb Code   326  pid.o(i.pid_calculate)
    pid_init                                 0x080050e7   Thumb Code    28  pid.o(i.pid_init)
    pid_reset                                0x08005105   Thumb Code    44  pid.o(i.pid_reset)
    _fp_init                                 0x08005135   Thumb Code    10  fpinit.o(x$fpl$fpinit)
    __fplib_config_fpu_vfp                   0x0800513d   Thumb Code     0  fpinit.o(x$fpl$fpinit)
    __fplib_config_pureend_doubles           0x0800513d   Thumb Code     0  fpinit.o(x$fpl$fpinit)
    AHBPrescTable                            0x0800515e   Data          16  system_stm32f3xx.o(.constdata)
    APBPrescTable                            0x0800516e   Data           8  system_stm32f3xx.o(.constdata)
    Region$$Table$$Base                      0x08005178   Number         0  anon$$obj.o(Region$$Table)
    Region$$Table$$Limit                     0x08005198   Number         0  anon$$obj.o(Region$$Table)
    duty                                     0x20000000   Data           4  main.o(.data)
    buck_duty                                0x20000004   Data           4  main.o(.data)
    boost_duty                               0x20000008   Data           4  main.o(.data)
    cap_voltage                              0x2000000c   Data           4  main.o(.data)
    cap_current                              0x20000010   Data           4  main.o(.data)
    bat_voltage                              0x20000014   Data           4  main.o(.data)
    bat_current                              0x20000018   Data           4  main.o(.data)
    kf                                       0x2000001c   Data           4  main.o(.data)
    power_limit                              0x20000020   Data           4  main.o(.data)
    power_ref                                0x20000024   Data           4  main.o(.data)
    isPWD                                    0x20000028   Data           1  main.o(.data)
    isCAP_START                              0x20000029   Data           1  main.o(.data)
    PWUcnt                                   0x2000002a   Data           2  main.o(.data)
    bsp_can_rxbuf                            0x2000002c   Data           8  main.o(.data)
    power_target                             0x20000034   Data           4  main.o(.data)
    uwTick                                   0x2000003c   Data           4  stm32f3xx_hal.o(.data)
    uwTickPrio                               0x20000040   Data           4  stm32f3xx_hal.o(.data)
    uwTickFreq                               0x20000044   Data           1  stm32f3xx_hal.o(.data)
    SystemCoreClock                          0x20000048   Data           4  system_stm32f3xx.o(.data)
    adc1_buf                                 0x2000004c   Data          12  main.o(.bss)
    adc2_buf                                 0x20000058   Data          12  main.o(.bss)
    cap_vol_h                                0x20000064   Data          60  main.o(.bss)
    cap_vol_l                                0x200000a0   Data          60  main.o(.bss)
    inp_power                                0x200000dc   Data          60  main.o(.bss)
    cap_cur                                  0x20000118   Data          60  main.o(.bss)
    hadc1                                    0x20000154   Data          80  adc.o(.bss)
    hadc2                                    0x200001a4   Data          80  adc.o(.bss)
    hdma_adc1                                0x200001f4   Data          68  adc.o(.bss)
    hdma_adc2                                0x20000238   Data          68  adc.o(.bss)
    hcan                                     0x2000027c   Data          40  can.o(.bss)
    hhrtim1                                  0x200002a4   Data         220  hrtim.o(.bss)
    htim6                                    0x20000380   Data          76  tim.o(.bss)
    htim7                                    0x200003cc   Data          76  tim.o(.bss)
    __libspace_start                         0x20000418   Data          96  libspace.o(.bss)
    __temporary_stack_top$libspace           0x20000478   Data           0  libspace.o(.bss)



==============================================================================

Memory Map of the image

  Image Entry point : 0x08000189

  Load Region LR_IROM1 (Base: 0x08000000, Size: 0x000051e4, Max: 0x00010000, ABSOLUTE)

    Execution Region ER_IROM1 (Exec base: 0x08000000, Load base: 0x08000000, Size: 0x00005198, Max: 0x00010000, ABSOLUTE)

    Exec Addr    Load Addr    Size         Type   Attr      Idx    E Section Name        Object

    0x08000000   0x08000000   0x00000188   Data   RO            3    RESET               startup_stm32f334x8.o
    0x08000188   0x08000188   0x00000008   Code   RO         4730  * !!!main             c_w.l(__main.o)
    0x08000190   0x08000190   0x00000034   Code   RO         4899    !!!scatter          c_w.l(__scatter.o)
    0x080001c4   0x080001c4   0x0000001a   Code   RO         4901    !!handler_copy      c_w.l(__scatter_copy.o)
    0x080001de   0x080001de   0x00000002   PAD
    0x080001e0   0x080001e0   0x0000001c   Code   RO         4903    !!handler_zi        c_w.l(__scatter_zi.o)
    0x080001fc   0x080001fc   0x00000002   Code   RO         4767    .ARM.Collect$$libinit$$00000000  c_w.l(libinit.o)
    0x080001fe   0x080001fe   0x00000004   Code   RO         4779    .ARM.Collect$$libinit$$00000001  c_w.l(libinit2.o)
    0x08000202   0x08000202   0x00000000   Code   RO         4782    .ARM.Collect$$libinit$$00000004  c_w.l(libinit2.o)
    0x08000202   0x08000202   0x00000000   Code   RO         4785    .ARM.Collect$$libinit$$0000000A  c_w.l(libinit2.o)
    0x08000202   0x08000202   0x00000000   Code   RO         4787    .ARM.Collect$$libinit$$0000000C  c_w.l(libinit2.o)
    0x08000202   0x08000202   0x00000000   Code   RO         4789    .ARM.Collect$$libinit$$0000000E  c_w.l(libinit2.o)
    0x08000202   0x08000202   0x00000000   Code   RO         4792    .ARM.Collect$$libinit$$00000011  c_w.l(libinit2.o)
    0x08000202   0x08000202   0x00000000   Code   RO         4794    .ARM.Collect$$libinit$$00000013  c_w.l(libinit2.o)
    0x08000202   0x08000202   0x00000000   Code   RO         4796    .ARM.Collect$$libinit$$00000015  c_w.l(libinit2.o)
    0x08000202   0x08000202   0x00000000   Code   RO         4798    .ARM.Collect$$libinit$$00000017  c_w.l(libinit2.o)
    0x08000202   0x08000202   0x00000000   Code   RO         4800    .ARM.Collect$$libinit$$00000019  c_w.l(libinit2.o)
    0x08000202   0x08000202   0x00000000   Code   RO         4802    .ARM.Collect$$libinit$$0000001B  c_w.l(libinit2.o)
    0x08000202   0x08000202   0x00000000   Code   RO         4804    .ARM.Collect$$libinit$$0000001D  c_w.l(libinit2.o)
    0x08000202   0x08000202   0x00000000   Code   RO         4806    .ARM.Collect$$libinit$$0000001F  c_w.l(libinit2.o)
    0x08000202   0x08000202   0x00000000   Code   RO         4808    .ARM.Collect$$libinit$$00000021  c_w.l(libinit2.o)
    0x08000202   0x08000202   0x00000000   Code   RO         4810    .ARM.Collect$$libinit$$00000023  c_w.l(libinit2.o)
    0x08000202   0x08000202   0x00000000   Code   RO         4812    .ARM.Collect$$libinit$$00000025  c_w.l(libinit2.o)
    0x08000202   0x08000202   0x00000000   Code   RO         4816    .ARM.Collect$$libinit$$0000002C  c_w.l(libinit2.o)
    0x08000202   0x08000202   0x00000000   Code   RO         4818    .ARM.Collect$$libinit$$0000002E  c_w.l(libinit2.o)
    0x08000202   0x08000202   0x00000000   Code   RO         4820    .ARM.Collect$$libinit$$00000030  c_w.l(libinit2.o)
    0x08000202   0x08000202   0x00000000   Code   RO         4822    .ARM.Collect$$libinit$$00000032  c_w.l(libinit2.o)
    0x08000202   0x08000202   0x00000002   Code   RO         4823    .ARM.Collect$$libinit$$00000033  c_w.l(libinit2.o)
    0x08000204   0x08000204   0x00000002   Code   RO         4854    .ARM.Collect$$libshutdown$$00000000  c_w.l(libshutdown.o)
    0x08000206   0x08000206   0x00000000   Code   RO         4880    .ARM.Collect$$libshutdown$$00000002  c_w.l(libshutdown2.o)
    0x08000206   0x08000206   0x00000000   Code   RO         4882    .ARM.Collect$$libshutdown$$00000004  c_w.l(libshutdown2.o)
    0x08000206   0x08000206   0x00000000   Code   RO         4884    .ARM.Collect$$libshutdown$$00000006  c_w.l(libshutdown2.o)
    0x08000206   0x08000206   0x00000000   Code   RO         4887    .ARM.Collect$$libshutdown$$00000009  c_w.l(libshutdown2.o)
    0x08000206   0x08000206   0x00000000   Code   RO         4890    .ARM.Collect$$libshutdown$$0000000C  c_w.l(libshutdown2.o)
    0x08000206   0x08000206   0x00000000   Code   RO         4892    .ARM.Collect$$libshutdown$$0000000E  c_w.l(libshutdown2.o)
    0x08000206   0x08000206   0x00000000   Code   RO         4895    .ARM.Collect$$libshutdown$$00000011  c_w.l(libshutdown2.o)
    0x08000206   0x08000206   0x00000002   Code   RO         4896    .ARM.Collect$$libshutdown$$00000012  c_w.l(libshutdown2.o)
    0x08000208   0x08000208   0x00000000   Code   RO         4732    .ARM.Collect$$rtentry$$00000000  c_w.l(__rtentry.o)
    0x08000208   0x08000208   0x00000000   Code   RO         4738    .ARM.Collect$$rtentry$$00000002  c_w.l(__rtentry2.o)
    0x08000208   0x08000208   0x00000006   Code   RO         4750    .ARM.Collect$$rtentry$$00000004  c_w.l(__rtentry4.o)
    0x0800020e   0x0800020e   0x00000000   Code   RO         4740    .ARM.Collect$$rtentry$$00000009  c_w.l(__rtentry2.o)
    0x0800020e   0x0800020e   0x00000004   Code   RO         4741    .ARM.Collect$$rtentry$$0000000A  c_w.l(__rtentry2.o)
    0x08000212   0x08000212   0x00000000   Code   RO         4743    .ARM.Collect$$rtentry$$0000000C  c_w.l(__rtentry2.o)
    0x08000212   0x08000212   0x00000008   Code   RO         4744    .ARM.Collect$$rtentry$$0000000D  c_w.l(__rtentry2.o)
    0x0800021a   0x0800021a   0x00000002   Code   RO         4771    .ARM.Collect$$rtexit$$00000000  c_w.l(rtexit.o)
    0x0800021c   0x0800021c   0x00000000   Code   RO         4827    .ARM.Collect$$rtexit$$00000002  c_w.l(rtexit2.o)
    0x0800021c   0x0800021c   0x00000004   Code   RO         4828    .ARM.Collect$$rtexit$$00000003  c_w.l(rtexit2.o)
    0x08000220   0x08000220   0x00000006   Code   RO         4829    .ARM.Collect$$rtexit$$00000004  c_w.l(rtexit2.o)
    0x08000226   0x08000226   0x00000002   PAD
    0x08000228   0x08000228   0x00000040   Code   RO            4    .text               startup_stm32f334x8.o
    0x08000268   0x08000268   0x000000ee   Code   RO         4722    .text               c_w.l(lludivv7m.o)
    0x08000356   0x08000356   0x0000004e   Code   RO         4726    .text               c_w.l(rt_memclr_w.o)
    0x080003a4   0x080003a4   0x00000006   Code   RO         4728    .text               c_w.l(heapauxi.o)
    0x080003aa   0x080003aa   0x0000004a   Code   RO         4754    .text               c_w.l(sys_stackheap_outer.o)
    0x080003f4   0x080003f4   0x00000012   Code   RO         4756    .text               c_w.l(exit.o)
    0x08000406   0x08000406   0x00000002   PAD
    0x08000408   0x08000408   0x00000008   Code   RO         4768    .text               c_w.l(libspace.o)
    0x08000410   0x08000410   0x0000000c   Code   RO         4824    .text               c_w.l(sys_exit.o)
    0x0800041c   0x0800041c   0x00000002   Code   RO         4843    .text               c_w.l(use_no_semi.o)
    0x0800041e   0x0800041e   0x00000000   Code   RO         4845    .text               c_w.l(indicate_semi.o)
    0x0800041e   0x0800041e   0x0000004e   Code   RO          874    i.ADC_DMAConvCplt   stm32f3xx_hal_adc_ex.o
    0x0800046c   0x0800046c   0x0000001e   Code   RO          875    i.ADC_DMAError      stm32f3xx_hal_adc_ex.o
    0x0800048a   0x0800048a   0x0000000e   Code   RO          876    i.ADC_DMAHalfConvCplt  stm32f3xx_hal_adc_ex.o
    0x08000498   0x08000498   0x000000a2   Code   RO          877    i.ADC_Disable       stm32f3xx_hal_adc_ex.o
    0x0800053a   0x0800053a   0x00000002   PAD
    0x0800053c   0x0800053c   0x0000009c   Code   RO          878    i.ADC_Enable        stm32f3xx_hal_adc_ex.o
    0x080005d8   0x080005d8   0x0000002c   Code   RO           50    i.BSP_CAN_Send      main.o
    0x08000604   0x08000604   0x00000004   Code   RO          587    i.BusFault_Handler  stm32f3xx_it.o
    0x08000608   0x08000608   0x00000010   Code   RO          588    i.CAN_RX0_IRQHandler  stm32f3xx_it.o
    0x08000618   0x08000618   0x00000010   Code   RO          589    i.CAN_RX1_IRQHandler  stm32f3xx_it.o
    0x08000628   0x08000628   0x00000010   Code   RO          590    i.DMA1_Channel1_IRQHandler  stm32f3xx_it.o
    0x08000638   0x08000638   0x00000010   Code   RO          591    i.DMA1_Channel2_IRQHandler  stm32f3xx_it.o
    0x08000648   0x08000648   0x0000001c   Code   RO         1523    i.DMA_CalcBaseAndBitshift  stm32f3xx_hal_dma.o
    0x08000664   0x08000664   0x0000002c   Code   RO         1524    i.DMA_SetConfig     stm32f3xx_hal_dma.o
    0x08000690   0x08000690   0x00000002   Code   RO          592    i.DebugMon_Handler  stm32f3xx_it.o
    0x08000692   0x08000692   0x00000006   Code   RO           51    i.Error_Handler     main.o
    0x08000698   0x08000698   0x000000bc   Code   RO          881    i.HAL_ADCEx_Calibration_Start  stm32f3xx_hal_adc_ex.o
    0x08000754   0x08000754   0x0000013c   Code   RO          893    i.HAL_ADCEx_MultiModeConfigChannel  stm32f3xx_hal_adc_ex.o
    0x08000890   0x08000890   0x0000041c   Code   RO          902    i.HAL_ADC_ConfigChannel  stm32f3xx_hal_adc_ex.o
    0x08000cac   0x08000cac   0x00000002   Code   RO          725    i.HAL_ADC_ConvCpltCallback  stm32f3xx_hal_adc.o
    0x08000cae   0x08000cae   0x00000002   Code   RO          726    i.HAL_ADC_ConvHalfCpltCallback  stm32f3xx_hal_adc.o
    0x08000cb0   0x08000cb0   0x00000002   Code   RO          728    i.HAL_ADC_ErrorCallback  stm32f3xx_hal_adc.o
    0x08000cb2   0x08000cb2   0x00000002   PAD
    0x08000cb4   0x08000cb4   0x00000254   Code   RO          906    i.HAL_ADC_Init      stm32f3xx_hal_adc_ex.o
    0x08000f08   0x08000f08   0x0000016c   Code   RO          374    i.HAL_ADC_MspInit   adc.o
    0x08001074   0x08001074   0x00000168   Code   RO          910    i.HAL_ADC_Start_DMA  stm32f3xx_hal_adc_ex.o
    0x080011dc   0x080011dc   0x0000002a   Code   RO         2691    i.HAL_CAN_ActivateNotification  stm32f3xx_hal_can.o
    0x08001206   0x08001206   0x0000014a   Code   RO         2692    i.HAL_CAN_AddTxMessage  stm32f3xx_hal_can.o
    0x08001350   0x08001350   0x0000010a   Code   RO         2693    i.HAL_CAN_ConfigFilter  stm32f3xx_hal_can.o
    0x0800145a   0x0800145a   0x00000002   Code   RO         2696    i.HAL_CAN_ErrorCallback  stm32f3xx_hal_can.o
    0x0800145c   0x0800145c   0x00000194   Code   RO         2699    i.HAL_CAN_GetRxMessage  stm32f3xx_hal_can.o
    0x080015f0   0x080015f0   0x0000024e   Code   RO         2703    i.HAL_CAN_IRQHandler  stm32f3xx_hal_can.o
    0x0800183e   0x0800183e   0x00000174   Code   RO         2704    i.HAL_CAN_Init      stm32f3xx_hal_can.o
    0x080019b2   0x080019b2   0x00000002   PAD
    0x080019b4   0x080019b4   0x0000009c   Code   RO          423    i.HAL_CAN_MspInit   can.o
    0x08001a50   0x08001a50   0x00000002   Code   RO         2711    i.HAL_CAN_RxFifo0FullCallback  stm32f3xx_hal_can.o
    0x08001a52   0x08001a52   0x00000002   PAD
    0x08001a54   0x08001a54   0x000000d0   Code   RO           52    i.HAL_CAN_RxFifo0MsgPendingCallback  main.o
    0x08001b24   0x08001b24   0x00000002   Code   RO         2713    i.HAL_CAN_RxFifo1FullCallback  stm32f3xx_hal_can.o
    0x08001b26   0x08001b26   0x00000002   PAD
    0x08001b28   0x08001b28   0x000000d0   Code   RO           53    i.HAL_CAN_RxFifo1MsgPendingCallback  main.o
    0x08001bf8   0x08001bf8   0x00000002   Code   RO         2715    i.HAL_CAN_SleepCallback  stm32f3xx_hal_can.o
    0x08001bfa   0x08001bfa   0x0000005e   Code   RO         2716    i.HAL_CAN_Start     stm32f3xx_hal_can.o
    0x08001c58   0x08001c58   0x00000002   Code   RO         2718    i.HAL_CAN_TxMailbox0AbortCallback  stm32f3xx_hal_can.o
    0x08001c5a   0x08001c5a   0x00000002   Code   RO         2719    i.HAL_CAN_TxMailbox0CompleteCallback  stm32f3xx_hal_can.o
    0x08001c5c   0x08001c5c   0x00000002   Code   RO         2720    i.HAL_CAN_TxMailbox1AbortCallback  stm32f3xx_hal_can.o
    0x08001c5e   0x08001c5e   0x00000002   Code   RO         2721    i.HAL_CAN_TxMailbox1CompleteCallback  stm32f3xx_hal_can.o
    0x08001c60   0x08001c60   0x00000002   Code   RO         2722    i.HAL_CAN_TxMailbox2AbortCallback  stm32f3xx_hal_can.o
    0x08001c62   0x08001c62   0x00000002   Code   RO         2723    i.HAL_CAN_TxMailbox2CompleteCallback  stm32f3xx_hal_can.o
    0x08001c64   0x08001c64   0x00000002   Code   RO         2725    i.HAL_CAN_WakeUpFromRxMsgCallback  stm32f3xx_hal_can.o
    0x08001c66   0x08001c66   0x000000e6   Code   RO         1530    i.HAL_DMA_IRQHandler  stm32f3xx_hal_dma.o
    0x08001d4c   0x08001d4c   0x00000056   Code   RO         1531    i.HAL_DMA_Init      stm32f3xx_hal_dma.o
    0x08001da2   0x08001da2   0x0000009c   Code   RO         1535    i.HAL_DMA_Start_IT  stm32f3xx_hal_dma.o
    0x08001e3e   0x08001e3e   0x00000002   PAD
    0x08001e40   0x08001e40   0x000001b0   Code   RO         1460    i.HAL_GPIO_Init     stm32f3xx_hal_gpio.o
    0x08001ff0   0x08001ff0   0x00000014   Code   RO         1463    i.HAL_GPIO_TogglePin  stm32f3xx_hal_gpio.o
    0x08002004   0x08002004   0x0000000a   Code   RO         1464    i.HAL_GPIO_WritePin  stm32f3xx_hal_gpio.o
    0x0800200e   0x0800200e   0x00000002   PAD
    0x08002010   0x08002010   0x0000000c   Code   RO         1148    i.HAL_GetTick       stm32f3xx_hal.o
    0x0800201c   0x0800201c   0x000000e2   Code   RO         2925    i.HAL_HRTIM_ADCTriggerConfig  stm32f3xx_hal_hrtim.o
    0x080020fe   0x080020fe   0x00000080   Code   RO         2942    i.HAL_HRTIM_DLLCalibrationStart  stm32f3xx_hal_hrtim.o
    0x0800217e   0x0800217e   0x00000002   PAD
    0x08002180   0x08002180   0x000000ac   Code   RO         2945    i.HAL_HRTIM_DeadTimeConfig  stm32f3xx_hal_hrtim.o
    0x0800222c   0x0800222c   0x00000108   Code   RO         2965    i.HAL_HRTIM_Init    stm32f3xx_hal_hrtim.o
    0x08002334   0x08002334   0x00000030   Code   RO          492    i.HAL_HRTIM_MspInit  hrtim.o
    0x08002364   0x08002364   0x00000060   Code   RO          493    i.HAL_HRTIM_MspPostInit  hrtim.o
    0x080023c4   0x080023c4   0x0000004a   Code   RO         2972    i.HAL_HRTIM_PollForDLLCalibration  stm32f3xx_hal_hrtim.o
    0x0800240e   0x0800240e   0x0000003a   Code   RO         3012    i.HAL_HRTIM_TimeBaseConfig  stm32f3xx_hal_hrtim.o
    0x08002448   0x08002448   0x000001f8   Code   RO         3017    i.HAL_HRTIM_WaveformCompareConfig  stm32f3xx_hal_hrtim.o
    0x08002640   0x08002640   0x0000003c   Code   RO         3018    i.HAL_HRTIM_WaveformCountStart  stm32f3xx_hal_hrtim.o
    0x0800267c   0x0800267c   0x00000054   Code   RO         3026    i.HAL_HRTIM_WaveformOutputConfig  stm32f3xx_hal_hrtim.o
    0x080026d0   0x080026d0   0x00000040   Code   RO         3027    i.HAL_HRTIM_WaveformOutputStart  stm32f3xx_hal_hrtim.o
    0x08002710   0x08002710   0x00000040   Code   RO         3028    i.HAL_HRTIM_WaveformOutputStop  stm32f3xx_hal_hrtim.o
    0x08002750   0x08002750   0x000000b2   Code   RO         3030    i.HAL_HRTIM_WaveformTimerConfig  stm32f3xx_hal_hrtim.o
    0x08002802   0x08002802   0x00000002   PAD
    0x08002804   0x08002804   0x00000018   Code   RO         1154    i.HAL_IncTick       stm32f3xx_hal.o
    0x0800281c   0x0800281c   0x00000028   Code   RO         1155    i.HAL_Init          stm32f3xx_hal.o
    0x08002844   0x08002844   0x0000004c   Code   RO         1156    i.HAL_InitTick      stm32f3xx_hal.o
    0x08002890   0x08002890   0x00000040   Code   RO          699    i.HAL_MspInit       stm32f3xx_hal_msp.o
    0x080028d0   0x080028d0   0x00000020   Code   RO         1625    i.HAL_NVIC_EnableIRQ  stm32f3xx_hal_cortex.o
    0x080028f0   0x080028f0   0x0000007c   Code   RO         1631    i.HAL_NVIC_SetPriority  stm32f3xx_hal_cortex.o
    0x0800296c   0x0800296c   0x00000028   Code   RO         1632    i.HAL_NVIC_SetPriorityGrouping  stm32f3xx_hal_cortex.o
    0x08002994   0x08002994   0x0000020c   Code   RO         1417    i.HAL_RCCEx_PeriphCLKConfig  stm32f3xx_hal_rcc_ex.o
    0x08002ba0   0x08002ba0   0x000002ac   Code   RO         1312    i.HAL_RCC_ClockConfig  stm32f3xx_hal_rcc.o
    0x08002e4c   0x08002e4c   0x000000a4   Code   RO         1321    i.HAL_RCC_GetSysClockFreq  stm32f3xx_hal_rcc.o
    0x08002ef0   0x08002ef0   0x00000a24   Code   RO         1324    i.HAL_RCC_OscConfig  stm32f3xx_hal_rcc.o
    0x08003914   0x08003914   0x00000034   Code   RO         1636    i.HAL_SYSTICK_Config  stm32f3xx_hal_cortex.o
    0x08003948   0x08003948   0x00000002   Code   RO         4407    i.HAL_TIMEx_Break2Callback  stm32f3xx_hal_tim_ex.o
    0x0800394a   0x0800394a   0x00000002   Code   RO         4408    i.HAL_TIMEx_BreakCallback  stm32f3xx_hal_tim_ex.o
    0x0800394c   0x0800394c   0x00000002   Code   RO         4409    i.HAL_TIMEx_CommutCallback  stm32f3xx_hal_tim_ex.o
    0x0800394e   0x0800394e   0x00000002   PAD
    0x08003950   0x08003950   0x00000094   Code   RO         4428    i.HAL_TIMEx_MasterConfigSynchronization  stm32f3xx_hal_tim_ex.o
    0x080039e4   0x080039e4   0x0000006e   Code   RO         3682    i.HAL_TIM_Base_Init  stm32f3xx_hal_tim.o
    0x08003a52   0x08003a52   0x00000002   PAD
    0x08003a54   0x08003a54   0x0000007c   Code   RO          540    i.HAL_TIM_Base_MspInit  tim.o
    0x08003ad0   0x08003ad0   0x00000084   Code   RO         3687    i.HAL_TIM_Base_Start_IT  stm32f3xx_hal_tim.o
    0x08003b54   0x08003b54   0x00000002   Code   RO         3716    i.HAL_TIM_IC_CaptureCallback  stm32f3xx_hal_tim.o
    0x08003b56   0x08003b56   0x000001b8   Code   RO         3730    i.HAL_TIM_IRQHandler  stm32f3xx_hal_tim.o
    0x08003d0e   0x08003d0e   0x00000002   Code   RO         3733    i.HAL_TIM_OC_DelayElapsedCallback  stm32f3xx_hal_tim.o
    0x08003d10   0x08003d10   0x00000002   Code   RO         3760    i.HAL_TIM_PWM_PulseFinishedCallback  stm32f3xx_hal_tim.o
    0x08003d12   0x08003d12   0x00000002   PAD
    0x08003d14   0x08003d14   0x000004a0   Code   RO           54    i.HAL_TIM_PeriodElapsedCallback  main.o
    0x080041b4   0x080041b4   0x00000002   Code   RO         3773    i.HAL_TIM_TriggerCallback  stm32f3xx_hal_tim.o
    0x080041b6   0x080041b6   0x00000080   Code   RO         3037    i.HRTIM_ForceRegistersUpdate  stm32f3xx_hal_hrtim.o
    0x08004236   0x08004236   0x00000028   Code   RO         3042    i.HRTIM_MasterBase_Config  stm32f3xx_hal_hrtim.o
    0x0800425e   0x0800425e   0x0000005c   Code   RO         3043    i.HRTIM_MasterWaveform_Config  stm32f3xx_hal_hrtim.o
    0x080042ba   0x080042ba   0x000000f2   Code   RO         3045    i.HRTIM_OutputConfig  stm32f3xx_hal_hrtim.o
    0x080043ac   0x080043ac   0x00000040   Code   RO         3048    i.HRTIM_TimingUnitBase_Config  stm32f3xx_hal_hrtim.o
    0x080043ec   0x080043ec   0x000001e2   Code   RO         3049    i.HRTIM_TimingUnitWaveform_Config  stm32f3xx_hal_hrtim.o
    0x080045ce   0x080045ce   0x00000004   Code   RO          593    i.HardFault_Handler  stm32f3xx_it.o
    0x080045d2   0x080045d2   0x00000002   PAD
    0x080045d4   0x080045d4   0x000000b8   Code   RO          375    i.MX_ADC1_Init      adc.o
    0x0800468c   0x0800468c   0x00000098   Code   RO          376    i.MX_ADC2_Init      adc.o
    0x08004724   0x08004724   0x0000009c   Code   RO          424    i.MX_CAN_Init       can.o
    0x080047c0   0x080047c0   0x00000044   Code   RO          464    i.MX_DMA_Init       dma.o
    0x08004804   0x08004804   0x000000a4   Code   RO          247    i.MX_GPIO_Init      gpio.o
    0x080048a8   0x080048a8   0x0000027c   Code   RO          494    i.MX_HRTIM1_Init    hrtim.o
    0x08004b24   0x08004b24   0x00000050   Code   RO          541    i.MX_TIM6_Init      tim.o
    0x08004b74   0x08004b74   0x0000004c   Code   RO          542    i.MX_TIM7_Init      tim.o
    0x08004bc0   0x08004bc0   0x00000004   Code   RO          594    i.MemManage_Handler  stm32f3xx_it.o
    0x08004bc4   0x08004bc4   0x00000004   Code   RO          595    i.NMI_Handler       stm32f3xx_it.o
    0x08004bc8   0x08004bc8   0x00000002   Code   RO          596    i.PendSV_Handler    stm32f3xx_it.o
    0x08004bca   0x08004bca   0x00000002   Code   RO          597    i.SVC_Handler       stm32f3xx_it.o
    0x08004bcc   0x08004bcc   0x0000009c   Code   RO           55    i.SendPowerManagementData  main.o
    0x08004c68   0x08004c68   0x00000008   Code   RO          598    i.SysTick_Handler   stm32f3xx_it.o
    0x08004c70   0x08004c70   0x00000082   Code   RO           56    i.SystemClock_Config  main.o
    0x08004cf2   0x08004cf2   0x00000002   PAD
    0x08004cf4   0x08004cf4   0x00000014   Code   RO         4687    i.SystemInit        system_stm32f3xx.o
    0x08004d08   0x08004d08   0x00000010   Code   RO          599    i.TIM6_DAC1_IRQHandler  stm32f3xx_it.o
    0x08004d18   0x08004d18   0x00000010   Code   RO          600    i.TIM7_DAC2_IRQHandler  stm32f3xx_it.o
    0x08004d28   0x08004d28   0x00000094   Code   RO         3775    i.TIM_Base_SetConfig  stm32f3xx_hal_tim.o
    0x08004dbc   0x08004dbc   0x00000004   Code   RO          601    i.UsageFault_Handler  stm32f3xx_it.o
    0x08004dc0   0x08004dc0   0x00000010   Code   RO         1638    i.__NVIC_GetPriorityGrouping  stm32f3xx_hal_cortex.o
    0x08004dd0   0x08004dd0   0x00000028   Code   RO         1639    i.__NVIC_SetPriority  stm32f3xx_hal_cortex.o
    0x08004df8   0x08004df8   0x000001a8   Code   RO           57    i.main              main.o
    0x08004fa0   0x08004fa0   0x00000146   Code   RO           10    i.pid_calculate     pid.o
    0x080050e6   0x080050e6   0x0000001c   Code   RO           11    i.pid_init          pid.o
    0x08005102   0x08005102   0x00000002   PAD
    0x08005104   0x08005104   0x00000030   Code   RO           12    i.pid_reset         pid.o
    0x08005134   0x08005134   0x0000000a   Code   RO         4839    x$fpl$fpinit        fz_wm.l(fpinit.o)
    0x0800513e   0x0800513e   0x00000020   Data   RO         1325    .constdata          stm32f3xx_hal_rcc.o
    0x0800515e   0x0800515e   0x00000018   Data   RO         4688    .constdata          system_stm32f3xx.o
    0x08005176   0x08005176   0x00000002   PAD
    0x08005178   0x08005178   0x00000020   Data   RO         4897    Region$$Table       anon$$obj.o


    Execution Region RW_IRAM2 (Exec base: 0x10000000, Load base: 0x080051e4, Size: 0x00000000, Max: 0x00001000, ABSOLUTE)

    **** No section assigned to this execution region ****


    Execution Region RW_IRAM1 (Exec base: 0x20000000, Load base: 0x08005198, Size: 0x00000a78, Max: 0x00003000, ABSOLUTE)

    Exec Addr    Load Addr    Size         Type   Attr      Idx    E Section Name        Object

    0x20000000   0x08005198   0x00000038   Data   RW           59    .data               main.o
    0x20000038   0x080051d0   0x00000004   Data   RW          378    .data               adc.o
    0x2000003c   0x080051d4   0x00000009   Data   RW         1162    .data               stm32f3xx_hal.o
    0x20000045   0x080051dd   0x00000003   PAD
    0x20000048   0x080051e0   0x00000004   Data   RW         4689    .data               system_stm32f3xx.o
    0x2000004c        -       0x00000108   Zero   RW           58    .bss                main.o
    0x20000154        -       0x00000128   Zero   RW          377    .bss                adc.o
    0x2000027c        -       0x00000028   Zero   RW          425    .bss                can.o
    0x200002a4        -       0x000000dc   Zero   RW          495    .bss                hrtim.o
    0x20000380        -       0x00000098   Zero   RW          543    .bss                tim.o
    0x20000418        -       0x00000060   Zero   RW         4769    .bss                c_w.l(libspace.o)
    0x20000478        -       0x00000200   Zero   RW            2    HEAP                startup_stm32f334x8.o
    0x20000678        -       0x00000400   Zero   RW            1    STACK               startup_stm32f334x8.o


==============================================================================

Image component sizes


      Code (inc. data)   RO Data    RW Data    ZI Data      Debug   Object Name

       700         38          0          4        296       2918   adc.o
       312         24          0          0         40       1887   can.o
        68          4          0          0          0        806   dma.o
       164         10          0          0          0     758127   gpio.o
       780         26          0          0        220       2927   hrtim.o
      2360        286          0         56        264     646070   main.o
       402          4          0          0          0       7391   pid.o
        64         26        392          0       1536        864   startup_stm32f334x8.o
       152         32          0          9          0      14673   stm32f3xx_hal.o
         6          0          0          0          0       2186   stm32f3xx_hal_adc.o
      2952         76          0          0          0       9948   stm32f3xx_hal_adc_ex.o
      2120          0          0          0          0      14099   stm32f3xx_hal_can.o
       304         22          0          0          0      32895   stm32f3xx_hal_cortex.o
       544          4          0          0          0       4195   stm32f3xx_hal_dma.o
       462         24          0          0          0       2765   stm32f3xx_hal_gpio.o
      2924         30          0          0          0      16275   stm32f3xx_hal_hrtim.o
        64          6          0          0          0        886   stm32f3xx_hal_msp.o
      3444         78         32          0          0       4724   stm32f3xx_hal_rcc.o
       524         12          0          0          0       1520   stm32f3xx_hal_rcc_ex.o
       838         38          0          0          0       6099   stm32f3xx_hal_tim.o
       154         14          0          0          0       3204   stm32f3xx_hal_tim_ex.o
       130         36          0          0          0       7536   stm32f3xx_it.o
        20          6         24          4          0       1187   system_stm32f3xx.o
       280         32          0          0        152       2323   tim.o

    ----------------------------------------------------------------------
     19798        828        482         76       2508    1545505   Object Totals
         0          0         32          0          0          0   (incl. Generated)
        30          0          2          3          0          0   (incl. Padding)

    ----------------------------------------------------------------------

      Code (inc. data)   RO Data    RW Data    ZI Data      Debug   Library Member Name

         8          0          0          0          0         68   __main.o
         0          0          0          0          0          0   __rtentry.o
        12          0          0          0          0          0   __rtentry2.o
         6          0          0          0          0          0   __rtentry4.o
        52          8          0          0          0          0   __scatter.o
        26          0          0          0          0          0   __scatter_copy.o
        28          0          0          0          0          0   __scatter_zi.o
        18          0          0          0          0         80   exit.o
         6          0          0          0          0        152   heapauxi.o
         0          0          0          0          0          0   indicate_semi.o
         2          0          0          0          0          0   libinit.o
         6          0          0          0          0          0   libinit2.o
         2          0          0          0          0          0   libshutdown.o
         2          0          0          0          0          0   libshutdown2.o
         8          4          0          0         96         68   libspace.o
       238          0          0          0          0        100   lludivv7m.o
        78          0          0          0          0         80   rt_memclr_w.o
         2          0          0          0          0          0   rtexit.o
        10          0          0          0          0          0   rtexit2.o
        12          4          0          0          0         68   sys_exit.o
        74          0          0          0          0         80   sys_stackheap_outer.o
         2          0          0          0          0         68   use_no_semi.o
        10          0          0          0          0        116   fpinit.o

    ----------------------------------------------------------------------
       608         16          0          0         96        880   Library Totals
         6          0          0          0          0          0   (incl. Padding)

    ----------------------------------------------------------------------

      Code (inc. data)   RO Data    RW Data    ZI Data      Debug   Library Name

       592         16          0          0         96        764   c_w.l
        10          0          0          0          0        116   fz_wm.l

    ----------------------------------------------------------------------
       608         16          0          0         96        880   Library Totals

    ----------------------------------------------------------------------

==============================================================================


      Code (inc. data)   RO Data    RW Data    ZI Data      Debug   

     20406        844        482         76       2604    1534525   Grand Totals
     20406        844        482         76       2604    1534525   ELF Image Totals
     20406        844        482         76          0          0   ROM Totals

==============================================================================

    Total RO  Size (Code + RO Data)                20888 (  20.40kB)
    Total RW  Size (RW Data + ZI Data)              2680 (   2.62kB)
    Total ROM Size (Code + RO Data + RW Data)      20964 (  20.47kB)

==============================================================================

