Component: ARM Compiler 5.06 update 7 (build 960) Tool: armlink [4d3601]

==============================================================================

Section Cross References

    startup_stm32f407xx.o(RESET) refers to startup_stm32f407xx.o(STACK) for __initial_sp
    startup_stm32f407xx.o(RESET) refers to startup_stm32f407xx.o(.text) for Reset_Handler
    startup_stm32f407xx.o(RESET) refers to stm32f4xx_it.o(i.NMI_Handler) for NMI_Handler
    startup_stm32f407xx.o(RESET) refers to stm32f4xx_it.o(i.HardFault_Handler) for HardFault_Handler
    startup_stm32f407xx.o(RESET) refers to stm32f4xx_it.o(i.MemManage_Handler) for MemManage_Handler
    startup_stm32f407xx.o(RESET) refers to stm32f4xx_it.o(i.BusFault_Handler) for BusFault_Handler
    startup_stm32f407xx.o(RESET) refers to stm32f4xx_it.o(i.UsageFault_Handler) for UsageFault_Handler
    startup_stm32f407xx.o(RESET) refers to port.o(.emb_text) for SVC_Handler
    startup_stm32f407xx.o(RESET) refers to stm32f4xx_it.o(i.DebugMon_Handler) for DebugMon_Handler
    startup_stm32f407xx.o(RESET) refers to port.o(i.SysTick_Handler) for SysTick_Handler
    startup_stm32f407xx.o(RESET) refers to stm32f4xx_it.o(i.EXTI0_IRQHandler) for EXTI0_IRQHandler
    startup_stm32f407xx.o(RESET) refers to stm32f4xx_it.o(i.EXTI3_IRQHandler) for EXTI3_IRQHandler
    startup_stm32f407xx.o(RESET) refers to stm32f4xx_it.o(i.EXTI4_IRQHandler) for EXTI4_IRQHandler
    startup_stm32f407xx.o(RESET) refers to stm32f4xx_it.o(i.DMA1_Stream1_IRQHandler) for DMA1_Stream1_IRQHandler
    startup_stm32f407xx.o(RESET) refers to stm32f4xx_it.o(i.CAN1_RX0_IRQHandler) for CAN1_RX0_IRQHandler
    startup_stm32f407xx.o(RESET) refers to stm32f4xx_it.o(i.EXTI9_5_IRQHandler) for EXTI9_5_IRQHandler
    startup_stm32f407xx.o(RESET) refers to stm32f4xx_it.o(i.USART1_IRQHandler) for USART1_IRQHandler
    startup_stm32f407xx.o(RESET) refers to remote_control.o(i.USART3_IRQHandler) for USART3_IRQHandler
    startup_stm32f407xx.o(RESET) refers to stm32f4xx_it.o(i.TIM8_TRG_COM_TIM14_IRQHandler) for TIM8_TRG_COM_TIM14_IRQHandler
    startup_stm32f407xx.o(RESET) refers to bsp_i2c.o(i.DMA1_Stream7_IRQHandler) for DMA1_Stream7_IRQHandler
    startup_stm32f407xx.o(RESET) refers to stm32f4xx_it.o(i.DMA2_Stream1_IRQHandler) for DMA2_Stream1_IRQHandler
    startup_stm32f407xx.o(RESET) refers to ins_task.o(i.DMA2_Stream2_IRQHandler) for DMA2_Stream2_IRQHandler
    startup_stm32f407xx.o(RESET) refers to stm32f4xx_it.o(i.CAN2_RX0_IRQHandler) for CAN2_RX0_IRQHandler
    startup_stm32f407xx.o(RESET) refers to stm32f4xx_it.o(i.OTG_FS_IRQHandler) for OTG_FS_IRQHandler
    startup_stm32f407xx.o(RESET) refers to stm32f4xx_it.o(i.DMA2_Stream5_IRQHandler) for DMA2_Stream5_IRQHandler
    startup_stm32f407xx.o(RESET) refers to stm32f4xx_it.o(i.DMA2_Stream6_IRQHandler) for DMA2_Stream6_IRQHandler
    startup_stm32f407xx.o(RESET) refers to stm32f4xx_it.o(i.DMA2_Stream7_IRQHandler) for DMA2_Stream7_IRQHandler
    startup_stm32f407xx.o(RESET) refers to stm32f4xx_it.o(i.USART6_IRQHandler) for USART6_IRQHandler
    startup_stm32f407xx.o(.text) refers to system_stm32f4xx.o(i.SystemInit) for SystemInit
    startup_stm32f407xx.o(.text) refers to entry.o(.ARM.Collect$$$$00000000) for __main
    main.o(i.HAL_TIM_PeriodElapsedCallback) refers to stm32f4xx_hal.o(i.HAL_IncTick) for HAL_IncTick
    main.o(i.SystemClock_Config) refers to memseta.o(.text) for __aeabi_memclr4
    main.o(i.SystemClock_Config) refers to stm32f4xx_hal_rcc.o(i.HAL_RCC_OscConfig) for HAL_RCC_OscConfig
    main.o(i.SystemClock_Config) refers to main.o(i.Error_Handler) for Error_Handler
    main.o(i.SystemClock_Config) refers to stm32f4xx_hal_rcc.o(i.HAL_RCC_ClockConfig) for HAL_RCC_ClockConfig
    main.o(i.main) refers to stm32f4xx_hal.o(i.HAL_Init) for HAL_Init
    main.o(i.main) refers to main.o(i.SystemClock_Config) for SystemClock_Config
    main.o(i.main) refers to gpio.o(i.MX_GPIO_Init) for MX_GPIO_Init
    main.o(i.main) refers to dma.o(i.MX_DMA_Init) for MX_DMA_Init
    main.o(i.main) refers to spi.o(i.MX_SPI1_Init) for MX_SPI1_Init
    main.o(i.main) refers to tim.o(i.MX_TIM5_Init) for MX_TIM5_Init
    main.o(i.main) refers to i2c.o(i.MX_I2C3_Init) for MX_I2C3_Init
    main.o(i.main) refers to tim.o(i.MX_TIM10_Init) for MX_TIM10_Init
    main.o(i.main) refers to can.o(i.MX_CAN1_Init) for MX_CAN1_Init
    main.o(i.main) refers to can.o(i.MX_CAN2_Init) for MX_CAN2_Init
    main.o(i.main) refers to usart.o(i.MX_USART1_UART_Init) for MX_USART1_UART_Init
    main.o(i.main) refers to usart.o(i.MX_USART3_UART_Init) for MX_USART3_UART_Init
    main.o(i.main) refers to usart.o(i.MX_USART6_UART_Init) for MX_USART6_UART_Init
    main.o(i.main) refers to i2c.o(i.MX_I2C1_Init) for MX_I2C1_Init
    main.o(i.main) refers to i2c.o(i.MX_I2C2_Init) for MX_I2C2_Init
    main.o(i.main) refers to crc.o(i.MX_CRC_Init) for MX_CRC_Init
    main.o(i.main) refers to tim.o(i.MX_TIM1_Init) for MX_TIM1_Init
    main.o(i.main) refers to bsp_delay.o(i.delay_init) for delay_init
[...]
    motor                                    0x20003f08   Data        1312  motor_angle_pid.o(.bss)
    rc_ctrl                                  0x20004428   Data          22  remote_control.o(.bss)
    accel_dma_rx_buf                         0x2000449c   Data           9  ins_task.o(.bss)
    bmi088_real_data                         0x200044a8   Data          36  ins_task.o(.bss)
    gyro_offset                              0x200044cc   Data          12  ins_task.o(.bss)
    gyro_cali_offset                         0x200044d8   Data          12  ins_task.o(.bss)
    accel_offset                             0x200044e4   Data          12  ins_task.o(.bss)
    accel_cali_offset                        0x200044f0   Data          12  ins_task.o(.bss)
    ist8310_real_data                        0x200044fc   Data          16  ins_task.o(.bss)
    mag_offset                               0x2000450c   Data          12  ins_task.o(.bss)
    mag_cali_offset                          0x20004518   Data          12  ins_task.o(.bss)
    INS_gyro                                 0x200045b4   Data          12  ins_task.o(.bss)
    INS_accel                                0x200045c0   Data          12  ins_task.o(.bss)
    INS_mag                                  0x200045cc   Data          12  ins_task.o(.bss)
    INS_quat                                 0x200045d8   Data          16  ins_task.o(.bss)
    INS_angle                                0x200045e8   Data          12  ins_task.o(.bss)
    shoot                                    0x200045f4   Data         748  shoot_task.o(.bss)
    ext_game_status                          0x200048e0   Data          11  referee.o(.bss)
    ext_game_robot_HP                        0x200048eb   Data          32  referee.o(.bss)
    ext_ICRA_buff_debuff_zone_status         0x2000490b   Data          11  referee.o(.bss)
    ext_game_robot_status                    0x20004916   Data          27  referee.o(.bss)
    ext_power_heat_data                      0x20004931   Data          16  referee.o(.bss)
    ext_game_robot_pos                       0x20004941   Data          16  referee.o(.bss)
    referee_buff                             0x20004951   Data         256  referee.o(.bss)
    save_date                                0x20004a54   Data         164  cmd_ctr.o(.bss)
    mid_date                                 0x20004af8   Data         164  cmd_ctr.o(.bss)
    cJson_buffer                             0x20004b9c   Data        1024  cmd_ctr.o(.bss)
    json_str11                               0x20004f9c   Data        1024  cmd_ctr.o(.bss)
    auto_set_v                               0x2000539c   Data          12  cmd_ctr.o(.bss)
    pFlash                                   0x200053a8   Data          32  stm32f4xx_hal_flash.o(.bss)
    xQueueRegistry                           0x200053c8   Data          64  queue.o(.bss)
    __heap_base                              0x2000b608   Data           0  startup_stm32f407xx.o(HEAP)
    __heap_limit                             0x2000d608   Data           0  startup_stm32f407xx.o(HEAP)
    __initial_sp                             0x2000f608   Data           0  startup_stm32f407xx.o(STACK)
    mem1base                                 0x20010000   Data       32768  malloc.o(.ARM.__AT_0x20010000)
    mem1mapbase                              0x20018000   Data        2048  malloc.o(.ARM.__AT_0x20018000)



==============================================================================

Memory Map of the image

  Image Entry point : 0x08000189

  Load Region LR_IROM1 (Base: 0x08000000, Size: 0x00015ba8, Max: 0x00100000, ABSOLUTE, COMPRESSED[0x00015440])

    Execution Region ER_IROM1 (Exec base: 0x08000000, Load base: 0x08000000, Size: 0x000151c0, Max: 0x00100000, ABSOLUTE)

    Exec Addr    Load Addr    Size         Type   Attr      Idx    E Section Name        Object

    0x08000000   0x08000000   0x00000188   Data   RO            3    RESET               startup_stm32f407xx.o
    0x08000188   0x08000188   0x00000000   Code   RO        11188  * .ARM.Collect$$$$00000000  mc_w.l(entry.o)
    0x08000188   0x08000188   0x00000004   Code   RO        11578    .ARM.Collect$$$$00000001  mc_w.l(entry2.o)
    0x0800018c   0x0800018c   0x00000004   Code   RO        11581    .ARM.Collect$$$$00000004  mc_w.l(entry5.o)
    0x08000190   0x08000190   0x00000000   Code   RO        11583    .ARM.Collect$$$$00000008  mc_w.l(entry7b.o)
    0x08000190   0x08000190   0x00000000   Code   RO        11585    .ARM.Collect$$$$0000000A  mc_w.l(entry8b.o)
    0x08000190   0x08000190   0x00000008   Code   RO        11586    .ARM.Collect$$$$0000000B  mc_w.l(entry9a.o)
    0x08000198   0x08000198   0x00000004   Code   RO        11593    .ARM.Collect$$$$0000000E  mc_w.l(entry12b.o)
    0x0800019c   0x0800019c   0x00000000   Code   RO        11588    .ARM.Collect$$$$0000000F  mc_w.l(entry10a.o)
    0x0800019c   0x0800019c   0x00000000   Code   RO        11590    .ARM.Collect$$$$00000011  mc_w.l(entry11a.o)
    0x0800019c   0x0800019c   0x00000004   Code   RO        11579    .ARM.Collect$$$$00002712  mc_w.l(entry2.o)
    0x080001a0   0x080001a0   0x000000be   Code   RO        10779    .emb_text           port.o
    0x0800025e   0x0800025e   0x00000002   PAD
    0x08000260   0x08000260   0x00000024   Code   RO            4    .text               startup_stm32f407xx.o
    0x08000284   0x08000284   0x00000078   Code   RO        10859    .text               arm_cortexM4lf_math.lib(arm_cos_f32.o)
    0x080002fc   0x080002fc   0x00000074   Code   RO        10912    .text               arm_cortexM4lf_math.lib(arm_sin_f32.o)
    0x08000370   0x08000370   0x00000062   Code   RO        11191    .text               mc_w.l(uldiv.o)
    0x080003d2   0x080003d2   0x0000000c   Code   RO        11193    .text               mc_w.l(tolower.o)
    0x080003de   0x080003de   0x00000024   Code   RO        11195    .text               mc_w.l(memcpya.o)
    0x08000402   0x08000402   0x00000024   Code   RO        11199    .text               mc_w.l(memseta.o)
    0x08000426   0x08000426   0x00000014   Code   RO        11203    .text               mc_w.l(strchr.o)
    0x0800043a   0x0800043a   0x0000000e   Code   RO        11205    .text               mc_w.l(strlen.o)
    0x08000448   0x08000448   0x0000001c   Code   RO        11207    .text               mc_w.l(strcmp.o)
    0x08000464   0x08000464   0x00000012   Code   RO        11209    .text               mc_w.l(strcpy.o)
    0x08000476   0x08000476   0x0000001e   Code   RO        11211    .text               mc_w.l(strncmp.o)
    0x08000494   0x08000494   0x0000014e   Code   RO        11504    .text               mf_w.l(dadd.o)
    0x080005e2   0x080005e2   0x000000e4   Code   RO        11506    .text               mf_w.l(dmul.o)
    0x080006c6   0x080006c6   0x000000de   Code   RO        11508    .text               mf_w.l(ddiv.o)
    0x080007a4   0x080007a4   0x00000022   Code   RO        11512    .text               mf_w.l(dflti.o)
    0x080007c6   0x080007c6   0x0000001a   Code   RO        11514    .text               mf_w.l(dfltui.o)
    0x080007e0   0x080007e0   0x0000003e   Code   RO        11516    .text               mf_w.l(dfixi.o)
    0x0800081e   0x0800081e   0x00000032   Code   RO        11518    .text               mf_w.l(dfixui.o)
    0x08000850   0x08000850   0x00000026   Code   RO        11520    .text               mf_w.l(f2d.o)
    0x08000876   0x08000876   0x00000002   PAD
    0x08000878   0x08000878   0x00000030   Code   RO        11522    .text               mf_w.l(cdcmple.o)
    0x080008a8   0x080008a8   0x00000030   Code   RO        11524    .text               mf_w.l(cdrcmple.o)
    0x080008d8   0x080008d8   0x00000038   Code   RO        11526    .text               mf_w.l(d2f.o)
    0x08000910   0x08000910   0x0000002c   Code   RO        11597    .text               mc_w.l(uidiv.o)
    0x0800093c   0x0800093c   0x0000001e   Code   RO        11599    .text               mc_w.l(llshl.o)
    0x0800095a   0x0800095a   0x00000020   Code   RO        11601    .text               mc_w.l(llushr.o)
    0x0800097a   0x0800097a   0x00000024   Code   RO        11603    .text               mc_w.l(llsshr.o)
    0x0800099e   0x0800099e   0x00000000   Code   RO        11614    .text               mc_w.l(iusefp.o)
    0x0800099e   0x0800099e   0x0000006e   Code   RO        11615    .text               mf_w.l(fepilogue.o)
    0x08000a0c   0x08000a0c   0x000000ba   Code   RO        11617    .text               mf_w.l(depilogue.o)
    0x08000ac6   0x08000ac6   0x0000002e   Code   RO        11619    .text               mf_w.l(dscalb.o)
    0x08000af4   0x08000af4   0x00000030   Code   RO        11621    .text               mf_w.l(dfixul.o)
    0x08000b24   0x08000b24   0x00000024   Code   RO        11623    .text               mc_w.l(init.o)
    0x08000b48   0x08000b48   0x000000a2   Code   RO        11627    .text               mf_w.l(dsqrt.o)
    0x08000bea   0x08000bea   0x00000056   Code   RO        11637    .text               mc_w.l(__dczerorl2.o)
    0x08000c40   0x08000c40   0x00000018   Code   RO         3964    i.AHRS_asinf        ahrs_middleware.o
    0x08000c58   0x08000c58   0x00000020   Code   RO         3965    i.AHRS_atan2f       ahrs_middleware.o
    0x08000c78   0x08000c78   0x00000018   Code   RO         3966    i.AHRS_cosf         ahrs_middleware.o
    0x08000c90   0x08000c90   0x0000001a   Code   RO        10933    i.AHRS_fabs         AHRS.lib(ahrs.o)
    0x08000caa   0x08000caa   0x00000002   PAD
    0x08000cac   0x08000cac   0x00000010   Code   RO         3967    i.AHRS_get_height   ahrs_middleware.o
    0x08000cbc   0x08000cbc   0x0000000c   Code   RO         3968    i.AHRS_get_latitude  ahrs_middleware.o
    0x08000cc8   0x08000cc8   0x0000029c   Code   RO        10934    i.AHRS_init         AHRS.lib(ahrs.o)
    0x08000f64   0x08000f64   0x00000024   Code   RO         3969    i.AHRS_invSqrt      ahrs_middleware.o
    0x08000f88   0x08000f88   0x00000018   Code   RO         3970    i.AHRS_sinf         ahrs_middleware.o
    0x08000fa0   0x08000fa0   0x0000013a   Code   RO        10935    i.AHRS_update       AHRS.lib(ahrs.o)
    0x080010da   0x080010da   0x00000002   PAD
    0x080010dc   0x080010dc   0x00000014   Code   RO         4915    i.BMI088_ACCEL_NS_H  bmi088middleware.o
    0x080010f0   0x080010f0   0x00000014   Code   RO         4916    i.BMI088_ACCEL_NS_L  bmi088middleware.o
    0x08001104   0x08001104   0x00000002   Code   RO         4917    i.BMI088_GPIO_init  bmi088middleware.o
    0x08001106   0x08001106   0x00000002   PAD
    0x08001108   0x08001108   0x00000014   Code   RO         4918    i.BMI088_GYRO_NS_H  bmi088middleware.o
    0x0800111c   0x0800111c   0x00000014   Code   RO         4919    i.BMI088_GYRO_NS_L  bmi088middleware.o
    0x08001130   0x08001130   0x00000090   Code   RO         4779    i.BMI088_accel_read_over  bmi088driver.o
    0x080011c0   0x080011c0   0x00000002   Code   RO         4920    i.BMI088_com_init   bmi088middleware.o
    0x080011c2   0x080011c2   0x0000000c   Code   RO         4921    i.BMI088_delay_ms   bmi088middleware.o
    0x080011ce   0x080011ce   0x0000000c   Code   RO         4922    i.BMI088_delay_us   bmi088middleware.o
    0x080011da   0x080011da   0x00000002   PAD
    0x080011dc   0x080011dc   0x00000068   Code   RO         4780    i.BMI088_gyro_read_over  bmi088driver.o
    0x08001244   0x08001244   0x00000034   Code   RO         4781    i.BMI088_init       bmi088driver.o
    0x08001278   0x08001278   0x0000017c   Code   RO         4782    i.BMI088_read       bmi088driver.o
    0x080013f4   0x080013f4   0x00000026   Code   RO         4785    i.BMI088_read_muli_reg  bmi088driver.o
    0x0800141a   0x0800141a   0x00000018   Code   RO         4786    i.BMI088_read_single_reg  bmi088driver.o
    0x08001432   0x08001432   0x00000002   PAD
    0x08001434   0x08001434   0x00000020   Code   RO         4923    i.BMI088_read_write_byte  bmi088middleware.o
    0x08001454   0x08001454   0x00000034   Code   RO         4787    i.BMI088_temperature_read_over  bmi088driver.o
    0x08001488   0x08001488   0x00000014   Code   RO         4788    i.BMI088_write_single_reg  bmi088driver.o
    0x0800149c   0x0800149c   0x00000004   Code   RO         1376    i.BusFault_Handler  stm32f4xx_it.o
    0x080014a0   0x080014a0   0x00000010   Code   RO         1377    i.CAN1_RX0_IRQHandler  stm32f4xx_it.o
    0x080014b0   0x080014b0   0x00000010   Code   RO         1378    i.CAN2_RX0_IRQHandler  stm32f4xx_it.o
    0x080014c0   0x080014c0   0x00000050   Code   RO         2973    i.CAN_cmd_gimbal    can_receive.o
    0x08001510   0x08001510   0x00000044   Code   RO         1316    i.CDC_Control_FS    usbd_cdc_if.o
    0x08001554   0x08001554   0x00000004   Code   RO         1317    i.CDC_DeInit_FS     usbd_cdc_if.o
    0x08001558   0x08001558   0x00000024   Code   RO         1318    i.CDC_Init_FS       usbd_cdc_if.o
    0x0800157c   0x0800157c   0x0000008c   Code   RO         1319    i.CDC_Receive_FS    usbd_cdc_if.o
    0x08001608   0x08001608   0x0000000c   Code   RO         1320    i.CDC_TransmitCplt_FS  usbd_cdc_if.o
    0x08001614   0x08001614   0x00000038   Code   RO         1321    i.CDC_Transmit_FS   usbd_cdc_if.o
    0x0800164c   0x0800164c   0x00000010   Code   RO         1379    i.DMA1_Stream1_IRQHandler  stm32f4xx_it.o
    0x0800165c   0x0800165c   0x0000007c   Code   RO         1865    i.DMA1_Stream7_IRQHandler  bsp_i2c.o
    0x080016d8   0x080016d8   0x00000010   Code   RO         1380    i.DMA2_Stream1_IRQHandler  stm32f4xx_it.o
    0x080016e8   0x080016e8   0x000000d0   Code   RO         3403    i.DMA2_Stream2_IRQHandler  ins_task.o
    0x080017b8   0x080017b8   0x00000010   Code   RO         1381    i.DMA2_Stream5_IRQHandler  stm32f4xx_it.o
    0x080017c8   0x080017c8   0x00000010   Code   RO         1382    i.DMA2_Stream6_IRQHandler  stm32f4xx_it.o
    0x080017d8   0x080017d8   0x00000010   Code   RO         1383    i.DMA2_Stream7_IRQHandler  stm32f4xx_it.o
    0x080017e8   0x080017e8   0x00000034   Code   RO         7189    i.DMA_CalcBaseAndBitshift  stm32f4xx_hal_dma.o
    0x0800181c   0x0800181c   0x0000007e   Code   RO         7190    i.DMA_CheckFifoParam  stm32f4xx_hal_dma.o
    0x0800189a   0x0800189a   0x00000038   Code   RO         7191    i.DMA_SetConfig     stm32f4xx_hal_dma.o
    0x080018d2   0x080018d2   0x00000002   Code   RO         1384    i.DebugMon_Handler  stm32f4xx_it.o
    0x080018d4   0x080018d4   0x0000000a   Code   RO         1385    i.EXTI0_IRQHandler  stm32f4xx_it.o
    0x080018de   0x080018de   0x0000000a   Code   RO         1386    i.EXTI3_IRQHandler  stm32f4xx_it.o
    0x080018e8   0x080018e8   0x0000000a   Code   RO         1387    i.EXTI4_IRQHandler  stm32f4xx_it.o
    0x080018f2   0x080018f2   0x0000000a   Code   RO         1388    i.EXTI9_5_IRQHandler  stm32f4xx_it.o
    0x080018fc   0x080018fc   0x00000002   Code   RO           13    i.Error_Handler     main.o
    0x080018fe   0x080018fe   0x00000002   PAD
    0x08001900   0x08001900   0x00000050   Code   RO         6959    i.FLASH_Erase_Sector  stm32f4xx_hal_flash_ex.o
    0x08001950   0x08001950   0x00000058   Code   RO         6960    i.FLASH_FlushCaches  stm32f4xx_hal_flash_ex.o
    0x080019a8   0x080019a8   0x00000028   Code   RO         6961    i.FLASH_MassErase   stm32f4xx_hal_flash_ex.o
    0x080019d0   0x080019d0   0x00000020   Code   RO         6841    i.FLASH_Program_Byte  stm32f4xx_hal_flash.o
    0x080019f0   0x080019f0   0x00000034   Code   RO         6842    i.FLASH_Program_DoubleWord  stm32f4xx_hal_flash.o
    0x08001a24   0x08001a24   0x00000024   Code   RO         6843    i.FLASH_Program_HalfWord  stm32f4xx_hal_flash.o
    0x08001a48   0x08001a48   0x00000024   Code   RO         6844    i.FLASH_Program_Word  stm32f4xx_hal_flash.o
    0x08001a6c   0x08001a6c   0x00000074   Code   RO         6845    i.FLASH_SetErrorCode  stm32f4xx_hal_flash.o
    0x08001ae0   0x08001ae0   0x00000060   Code   RO         6846    i.FLASH_WaitForLastOperation  stm32f4xx_hal_flash.o
    0x08001b40   0x08001b40   0x00000034   Code   RO         3690    i.Get_CRC16_Check_Sum_UI  referee.o
    0x08001b74   0x08001b74   0x00000024   Code   RO         3691    i.Get_CRC8_Check_Sum_UI  referee.o
    0x08001b98   0x08001b98   0x00000034   Code   RO         1226    i.Get_SerialNum     usbd_desc.o
    0x08001bcc   0x08001bcc   0x00000024   Code   RO         7858    i.HAL_CAN_ActivateNotification  stm32f4xx_hal_can.o
    0x08001bf0   0x08001bf0   0x00000104   Code   RO         7859    i.HAL_CAN_AddTxMessage  stm32f4xx_hal_can.o
    0x08001cf4   0x08001cf4   0x00000128   Code   RO         7860    i.HAL_CAN_ConfigFilter  stm32f4xx_hal_can.o
    0x08001e1c   0x08001e1c   0x00000002   Code   RO         7863    i.HAL_CAN_ErrorCallback  stm32f4xx_hal_can.o
    0x08001e1e   0x08001e1e   0x0000016c   Code   RO         7866    i.HAL_CAN_GetRxMessage  stm32f4xx_hal_can.o
    0x08001f8a   0x08001f8a   0x00000234   Code   RO         7870    i.HAL_CAN_IRQHandler  stm32f4xx_hal_can.o
    0x080021be   0x080021be   0x00000168   Code   RO         7871    i.HAL_CAN_Init      stm32f4xx_hal_can.o
    0x08002326   0x08002326   0x00000002   PAD
    0x08002328   0x08002328   0x00000160   Code   RO          635    i.HAL_CAN_MspInit   can.o
    0x08002488   0x08002488   0x00000002   Code   RO         7878    i.HAL_CAN_RxFifo0FullCallback  stm32f4xx_hal_can.o
    0x0800248a   0x0800248a   0x00000002   PAD
    0x0800248c   0x0800248c   0x00000414   Code   RO         2976    i.HAL_CAN_RxFifo0MsgPendingCallback  can_receive.o
    0x080028a0   0x080028a0   0x00000002   Code   RO         7880    i.HAL_CAN_RxFifo1FullCallback  stm32f4xx_hal_can.o
    0x080028a2   0x080028a2   0x00000002   Code   RO         7881    i.HAL_CAN_RxFifo1MsgPendingCallback  stm32f4xx_hal_can.o
    0x080028a4   0x080028a4   0x00000002   Code   RO         7882    i.HAL_CAN_SleepCallback  stm32f4xx_hal_can.o
    0x080028a6   0x080028a6   0x00000064   Code   RO         7883    i.HAL_CAN_Start     stm32f4xx_hal_can.o
    0x0800290a   0x0800290a   0x00000002   Code   RO         7885    i.HAL_CAN_TxMailbox0AbortCallback  stm32f4xx_hal_can.o
    0x0800290c   0x0800290c   0x00000002   Code   RO         7886    i.HAL_CAN_TxMailbox0CompleteCallback  stm32f4xx_hal_can.o
    0x0800290e   0x0800290e   0x00000002   Code   RO         7887    i.HAL_CAN_TxMailbox1AbortCallback  stm32f4xx_hal_can.o
    0x08002910   0x08002910   0x00000002   Code   RO         7888    i.HAL_CAN_TxMailbox1CompleteCallback  stm32f4xx_hal_can.o
    0x08002912   0x08002912   0x00000002   Code   RO         7889    i.HAL_CAN_TxMailbox2AbortCallback  stm32f4xx_hal_can.o
    0x08002914   0x08002914   0x00000002   Code   RO         7890    i.HAL_CAN_TxMailbox2CompleteCallback  stm32f4xx_hal_can.o
    0x08002916   0x08002916   0x00000002   Code   RO         7892    i.HAL_CAN_WakeUpFromRxMsgCallback  stm32f4xx_hal_can.o
    0x08002918   0x08002918   0x00000024   Code   RO         8095    i.HAL_CRC_Init      stm32f4xx_hal_crc.o
    0x0800293c   0x0800293c   0x00000034   Code   RO          684    i.HAL_CRC_MspInit   crc.o
    0x08002970   0x08002970   0x000000a2   Code   RO         7192    i.HAL_DMA_Abort     stm32f4xx_hal_dma.o
    0x08002a12   0x08002a12   0x00000024   Code   RO         7193    i.HAL_DMA_Abort_IT  stm32f4xx_hal_dma.o
    0x08002a36   0x08002a36   0x00000002   PAD
    0x08002a38   0x08002a38   0x000001ec   Code   RO         7197    i.HAL_DMA_IRQHandler  stm32f4xx_hal_dma.o
    0x08002c24   0x08002c24   0x000000ec   Code   RO         7198    i.HAL_DMA_Init      stm32f4xx_hal_dma.o
    0x08002d10   0x08002d10   0x00000070   Code   RO         7202    i.HAL_DMA_Start_IT  stm32f4xx_hal_dma.o
    0x08002d80   0x08002d80   0x00000028   Code   RO         7606    i.HAL_Delay         stm32f4xx_hal.o
    0x08002da8   0x08002da8   0x000000ac   Code   RO         6971    i.HAL_FLASHEx_Erase  stm32f4xx_hal_flash_ex.o
    0x08002e54   0x08002e54   0x00000014   Code   RO         6850    i.HAL_FLASH_Lock    stm32f4xx_hal_flash.o
    0x08002e68   0x08002e68   0x00000080   Code   RO         6855    i.HAL_FLASH_Program  stm32f4xx_hal_flash.o
    0x08002ee8   0x08002ee8   0x00000034   Code   RO         6857    i.HAL_FLASH_Unlock  stm32f4xx_hal_flash.o
    0x08002f1c   0x08002f1c   0x000000a8   Code   RO         3404    i.HAL_GPIO_EXTI_Callback  ins_task.o
    0x08002fc4   0x08002fc4   0x00000018   Code   RO         7084    i.HAL_GPIO_EXTI_IRQHandler  stm32f4xx_hal_gpio.o
    0x08002fdc   0x08002fdc   0x00000230   Code   RO         7085    i.HAL_GPIO_Init     stm32f4xx_hal_gpio.o
    0x0800320c   0x0800320c   0x0000000e   Code   RO         7087    i.HAL_GPIO_ReadPin  stm32f4xx_hal_gpio.o
    0x0800321a   0x0800321a   0x0000000e   Code   RO         7089    i.HAL_GPIO_WritePin  stm32f4xx_hal_gpio.o
    0x08003228   0x08003228   0x0000000c   Code   RO         7612    i.HAL_GetTick       stm32f4xx_hal.o
    0x08003234   0x08003234   0x000001ac   Code   RO         8162    i.HAL_I2C_Init      stm32f4xx_hal_i2c.o
    0x080033e0   0x080033e0   0x000002c0   Code   RO         8180    i.HAL_I2C_Mem_Read  stm32f4xx_hal_i2c.o
    0x080036a0   0x080036a0   0x00000174   Code   RO         8183    i.HAL_I2C_Mem_Write  stm32f4xx_hal_i2c.o
    0x08003814   0x08003814   0x000001f4   Code   RO          750    i.HAL_I2C_MspInit   i2c.o
    0x08003a08   0x08003a08   0x00000010   Code   RO         7618    i.HAL_IncTick       stm32f4xx_hal.o
    0x08003a18   0x08003a18   0x00000034   Code   RO         7619    i.HAL_Init          stm32f4xx_hal.o
    0x08003a4c   0x08003a4c   0x0000008c   Code   RO         1548    i.HAL_InitTick      stm32f4xx_hal_timebase_tim.o
    0x08003ad8   0x08003ad8   0x00000054   Code   RO         1524    i.HAL_MspInit       stm32f4xx_hal_msp.o
    0x08003b2c   0x08003b2c   0x0000001c   Code   RO         7474    i.HAL_NVIC_EnableIRQ  stm32f4xx_hal_cortex.o
    0x08003b48   0x08003b48   0x00000068   Code   RO         7480    i.HAL_NVIC_SetPriority  stm32f4xx_hal_cortex.o
    0x08003bb0   0x08003bb0   0x00000024   Code   RO         7481    i.HAL_NVIC_SetPriorityGrouping  stm32f4xx_hal_cortex.o
    0x08003bd4   0x08003bd4   0x00000002   Code   RO         6339    i.HAL_PCDEx_LPM_Callback  stm32f4xx_hal_pcd_ex.o
    0x08003bd6   0x08003bd6   0x00000008   Code   RO         6340    i.HAL_PCDEx_SetRxFiFo  stm32f4xx_hal_pcd_ex.o
    0x08003bde   0x08003bde   0x0000004a   Code   RO         6341    i.HAL_PCDEx_SetTxFiFo  stm32f4xx_hal_pcd_ex.o
    0x08003c28   0x08003c28   0x0000000e   Code   RO         1019    i.HAL_PCD_ConnectCallback  usbd_conf.o
    0x08003c36   0x08003c36   0x00000020   Code   RO         1020    i.HAL_PCD_DataInStageCallback  usbd_conf.o
    0x08003c56   0x08003c56   0x00000020   Code   RO         1021    i.HAL_PCD_DataOutStageCallback  usbd_conf.o
    0x08003c76   0x08003c76   0x0000000e   Code   RO         1022    i.HAL_PCD_DisconnectCallback  usbd_conf.o
    0x08003c84   0x08003c84   0x0000004a   Code   RO         6116    i.HAL_PCD_EP_Close  stm32f4xx_hal_pcd.o
    0x08003cce   0x08003cce   0x0000005c   Code   RO         6117    i.HAL_PCD_EP_ClrStall  stm32f4xx_hal_pcd.o
    0x08003d2a   0x08003d2a   0x00000012   Code   RO         6119    i.HAL_PCD_EP_GetRxCount  stm32f4xx_hal_pcd.o
    0x08003d3c   0x08003d3c   0x0000005c   Code   RO         6120    i.HAL_PCD_EP_Open   stm32f4xx_hal_pcd.o
    0x08003d98   0x08003d98   0x00000046   Code   RO         6121    i.HAL_PCD_EP_Receive  stm32f4xx_hal_pcd.o
    0x08003dde   0x08003dde   0x00000074   Code   RO         6122    i.HAL_PCD_EP_SetStall  stm32f4xx_hal_pcd.o
    0x08003e52   0x08003e52   0x00000046   Code   RO         6123    i.HAL_PCD_EP_Transmit  stm32f4xx_hal_pcd.o
    0x08003e98   0x08003e98   0x00000436   Code   RO         6125    i.HAL_PCD_IRQHandler  stm32f4xx_hal_pcd.o
    0x080042ce   0x080042ce   0x00000012   Code   RO         1023    i.HAL_PCD_ISOINIncompleteCallback  usbd_conf.o
    0x080042e0   0x080042e0   0x00000012   Code   RO         1024    i.HAL_PCD_ISOOUTIncompleteCallback  usbd_conf.o
    0x080042f2   0x080042f2   0x00000140   Code   RO         6128    i.HAL_PCD_Init      stm32f4xx_hal_pcd.o
    0x08004432   0x08004432   0x00000002   PAD
    0x08004434   0x08004434   0x000000a8   Code   RO         1026    i.HAL_PCD_MspInit   usbd_conf.o
    0x080044dc   0x080044dc   0x00000030   Code   RO         1027    i.HAL_PCD_ResetCallback  usbd_conf.o
    0x0800450c   0x0800450c   0x0000000e   Code   RO         1028    i.HAL_PCD_ResumeCallback  usbd_conf.o
    0x0800451a   0x0800451a   0x0000000e   Code   RO         1029    i.HAL_PCD_SOFCallback  usbd_conf.o
    0x08004528   0x08004528   0x00000028   Code   RO         6134    i.HAL_PCD_SetAddress  stm32f4xx_hal_pcd.o
    0x08004550   0x08004550   0x00000012   Code   RO         1030    i.HAL_PCD_SetupStageCallback  usbd_conf.o
    0x08004562   0x08004562   0x00000042   Code   RO         6136    i.HAL_PCD_Start     stm32f4xx_hal_pcd.o
    0x080045a4   0x080045a4   0x00000034   Code   RO         1031    i.HAL_PCD_SuspendCallback  usbd_conf.o
    0x080045d8   0x080045d8   0x0000017c   Code   RO         6686    i.HAL_RCC_ClockConfig  stm32f4xx_hal_rcc.o
    0x08004754   0x08004754   0x0000003c   Code   RO         6690    i.HAL_RCC_GetClockConfig  stm32f4xx_hal_rcc.o
    0x08004790   0x08004790   0x0000000c   Code   RO         6691    i.HAL_RCC_GetHCLKFreq  stm32f4xx_hal_rcc.o
    0x0800479c   0x0800479c   0x00000020   Code   RO         6693    i.HAL_RCC_GetPCLK1Freq  stm32f4xx_hal_rcc.o
    0x080047bc   0x080047bc   0x00000020   Code   RO         6694    i.HAL_RCC_GetPCLK2Freq  stm32f4xx_hal_rcc.o
    0x080047dc   0x080047dc   0x00000070   Code   RO         6695    i.HAL_RCC_GetSysClockFreq  stm32f4xx_hal_rcc.o
    0x0800484c   0x0800484c   0x00000482   Code   RO         6698    i.HAL_RCC_OscConfig  stm32f4xx_hal_rcc.o
    0x08004cce   0x08004cce   0x000000be   Code   RO         8652    i.HAL_SPI_Init      stm32f4xx_hal_spi.o
    0x08004d8c   0x08004d8c   0x00000158   Code   RO          804    i.HAL_SPI_MspInit   spi.o
    0x08004ee4   0x08004ee4   0x000001f8   Code   RO         8661    i.HAL_SPI_TransmitReceive  stm32f4xx_hal_spi.o
    0x080050dc   0x080050dc   0x00000002   Code   RO         5840    i.HAL_TIMEx_BreakCallback  stm32f4xx_hal_tim_ex.o
    0x080050de   0x080050de   0x00000002   Code   RO         5841    i.HAL_TIMEx_CommutCallback  stm32f4xx_hal_tim_ex.o
    0x080050e0   0x080050e0   0x00000066   Code   RO         5843    i.HAL_TIMEx_ConfigBreakDeadTime  stm32f4xx_hal_tim_ex.o
    0x08005146   0x08005146   0x0000009a   Code   RO         5859    i.HAL_TIMEx_MasterConfigSynchronization  stm32f4xx_hal_tim_ex.o
    0x080051e0   0x080051e0   0x0000005c   Code   RO         5125    i.HAL_TIM_Base_Init  stm32f4xx_hal_tim.o
    0x0800523c   0x0800523c   0x00000064   Code   RO          846    i.HAL_TIM_Base_MspInit  tim.o
    0x080052a0   0x080052a0   0x00000080   Code   RO         5128    i.HAL_TIM_Base_Start  stm32f4xx_hal_tim.o
    0x08005320   0x08005320   0x0000008a   Code   RO         5130    i.HAL_TIM_Base_Start_IT  stm32f4xx_hal_tim.o
    0x080053aa   0x080053aa   0x000000e4   Code   RO         5134    i.HAL_TIM_ConfigClockSource  stm32f4xx_hal_tim.o
    0x0800548e   0x0800548e   0x00000002   Code   RO         5159    i.HAL_TIM_IC_CaptureCallback  stm32f4xx_hal_tim.o
    0x08005490   0x08005490   0x00000174   Code   RO         5173    i.HAL_TIM_IRQHandler  stm32f4xx_hal_tim.o
    0x08005604   0x08005604   0x00000150   Code   RO          847    i.HAL_TIM_MspPostInit  tim.o
    0x08005754   0x08005754   0x00000002   Code   RO         5176    i.HAL_TIM_OC_DelayElapsedCallback  stm32f4xx_hal_tim.o
    0x08005756   0x08005756   0x000000d2   Code   RO         5197    i.HAL_TIM_PWM_ConfigChannel  stm32f4xx_hal_tim.o
    0x08005828   0x08005828   0x0000005c   Code   RO         5200    i.HAL_TIM_PWM_Init  stm32f4xx_hal_tim.o
    0x08005884   0x08005884   0x00000034   Code   RO          849    i.HAL_TIM_PWM_MspInit  tim.o
    0x080058b8   0x080058b8   0x00000002   Code   RO         5203    i.HAL_TIM_PWM_PulseFinishedCallback  stm32f4xx_hal_tim.o
    0x080058ba   0x080058ba   0x00000002   PAD
    0x080058bc   0x080058bc   0x000000dc   Code   RO         5205    i.HAL_TIM_PWM_Start  stm32f4xx_hal_tim.o
    0x08005998   0x08005998   0x00000018   Code   RO           14    i.HAL_TIM_PeriodElapsedCallback  main.o
    0x080059b0   0x080059b0   0x00000002   Code   RO         5216    i.HAL_TIM_TriggerCallback  stm32f4xx_hal_tim.o
    0x080059b2   0x080059b2   0x00000002   Code   RO         8974    i.HAL_UARTEx_RxEventCallback  stm32f4xx_hal_uart.o
    0x080059b4   0x080059b4   0x00000002   Code   RO         8988    i.HAL_UART_ErrorCallback  stm32f4xx_hal_uart.o
    0x080059b6   0x080059b6   0x00000002   PAD
    0x080059b8   0x080059b8   0x00000200   Code   RO         8991    i.HAL_UART_IRQHandler  stm32f4xx_hal_uart.o
    0x08005bb8   0x08005bb8   0x00000064   Code   RO         8992    i.HAL_UART_Init     stm32f4xx_hal_uart.o
    0x08005c1c   0x08005c1c   0x0000034c   Code   RO          918    i.HAL_UART_MspInit  usart.o
    0x08005f68   0x08005f68   0x0000002e   Code   RO         8996    i.HAL_UART_Receive_DMA  stm32f4xx_hal_uart.o
    0x08005f96   0x08005f96   0x00000002   Code   RO         8998    i.HAL_UART_RxCpltCallback  stm32f4xx_hal_uart.o
    0x08005f98   0x08005f98   0x00000002   Code   RO         8999    i.HAL_UART_RxHalfCpltCallback  stm32f4xx_hal_uart.o
    0x08005f9a   0x08005f9a   0x00000002   Code   RO         9003    i.HAL_UART_TxCpltCallback  stm32f4xx_hal_uart.o
    0x08005f9c   0x08005f9c   0x00000004   Code   RO         1389    i.HardFault_Handler  stm32f4xx_it.o
    0x08005fa0   0x08005fa0   0x00000032   Code   RO         8205    i.I2C_IsAcknowledgeFailed  stm32f4xx_hal_i2c.o
    0x08005fd2   0x08005fd2   0x00000002   PAD
    0x08005fd4   0x08005fd4   0x00000154   Code   RO         8216    i.I2C_RequestMemoryRead  stm32f4xx_hal_i2c.o
    0x08006128   0x08006128   0x000000d0   Code   RO         8217    i.I2C_RequestMemoryWrite  stm32f4xx_hal_i2c.o
    0x080061f8   0x080061f8   0x0000005c   Code   RO         8225    i.I2C_WaitOnBTFFlagUntilTimeout  stm32f4xx_hal_i2c.o
    0x08006254   0x08006254   0x000000b4   Code   RO         8226    i.I2C_WaitOnFlagUntilTimeout  stm32f4xx_hal_i2c.o
    0x08006308   0x08006308   0x000000ce   Code   RO         8227    i.I2C_WaitOnMasterAddressFlagUntilTimeout  stm32f4xx_hal_i2c.o
    0x080063d6   0x080063d6   0x0000007c   Code   RO         8228    i.I2C_WaitOnRXNEFlagUntilTimeout  stm32f4xx_hal_i2c.o
    0x08006452   0x08006452   0x0000005c   Code   RO         8231    i.I2C_WaitOnTXEFlagUntilTimeout  stm32f4xx_hal_i2c.o
    0x080064ae   0x080064ae   0x00000002   PAD
    0x080064b0   0x080064b0   0x0000043c   Code   RO         3407    i.INS_task          ins_task.o
    0x080068ec   0x080068ec   0x0000003e   Code   RO         1227    i.IntToUnicode      usbd_desc.o
    0x0800692a   0x0800692a   0x00000086   Code   RO         3258    i.KalmanFilter      kalman.o
    0x080069b0   0x080069b0   0x00000044   Code   RO          636    i.MX_CAN1_Init      can.o
    0x080069f4   0x080069f4   0x00000044   Code   RO          637    i.MX_CAN2_Init      can.o
    0x08006a38   0x08006a38   0x00000020   Code   RO          685    i.MX_CRC_Init       crc.o
    0x08006a58   0x08006a58   0x000000c8   Code   RO          725    i.MX_DMA_Init       dma.o
    0x08006b20   0x08006b20   0x000000b4   Code   RO          333    i.MX_FREERTOS_Init  freertos.o
    0x08006bd4   0x08006bd4   0x00000238   Code   RO          309    i.MX_GPIO_Init      gpio.o
    0x08006e0c   0x08006e0c   0x0000003c   Code   RO          751    i.MX_I2C1_Init      i2c.o
    0x08006e48   0x08006e48   0x0000003c   Code   RO          752    i.MX_I2C2_Init      i2c.o
    0x08006e84   0x08006e84   0x0000003c   Code   RO          753    i.MX_I2C3_Init      i2c.o
    0x08006ec0   0x08006ec0   0x00000048   Code   RO          805    i.MX_SPI1_Init      spi.o
    0x08006f08   0x08006f08   0x0000006c   Code   RO          850    i.MX_TIM10_Init     tim.o
    0x08006f74   0x08006f74   0x000000e4   Code   RO          851    i.MX_TIM1_Init      tim.o
    0x08007058   0x08007058   0x000000c4   Code   RO          852    i.MX_TIM5_Init      tim.o
    0x0800711c   0x0800711c   0x00000038   Code   RO          919    i.MX_USART1_UART_Init  usart.o
    0x08007154   0x08007154   0x0000003c   Code   RO          920    i.MX_USART3_UART_Init  usart.o
    0x08007190   0x08007190   0x00000038   Code   RO          921    i.MX_USART6_UART_Init  usart.o
    0x080071c8   0x080071c8   0x0000004c   Code   RO          971    i.MX_USB_DEVICE_Init  usb_device.o
    0x08007214   0x08007214   0x00000004   Code   RO         1390    i.MemManage_Handler  stm32f4xx_it.o
    0x08007218   0x08007218   0x000001f8   Code   RO         3285    i.Motor_Angle_Cal   motor_angle_pid.o
    0x08007410   0x08007410   0x00000002   Code   RO         1391    i.NMI_Handler       stm32f4xx_it.o
    0x08007412   0x08007412   0x00000002   PAD
    0x08007414   0x08007414   0x00000010   Code   RO         1392    i.OTG_FS_IRQHandler  stm32f4xx_it.o
    0x08007424   0x08007424   0x00000048   Code   RO         6140    i.PCD_EP_OutSetupPacket_int  stm32f4xx_hal_pcd.o
    0x0800746c   0x0800746c   0x000000ec   Code   RO         6141    i.PCD_EP_OutXfrComplete_int  stm32f4xx_hal_pcd.o
    0x08007558   0x08007558   0x000000a2   Code   RO         6142    i.PCD_WriteEmptyTxFifo  stm32f4xx_hal_pcd.o
    0x080075fa   0x080075fa   0x00000002   PAD
    0x080075fc   0x080075fc   0x000001f0   Code   RO         4278    i.PID_calc          pid.o
    0x080077ec   0x080077ec   0x00000060   Code   RO         4280    i.PID_init          pid.o
    0x0800784c   0x0800784c   0x0000009c   Code   RO         1935    i.RC_Init           bsp_rc.o
    0x080078e8   0x080078e8   0x0000273c   Code   RO         1803    i.SPI1_DMA_enable   bsp_spi.o
    0x0800a024   0x0800a024   0x00000180   Code   RO         1804    i.SPI1_DMA_init     bsp_spi.o
    0x0800a1a4   0x0800a1a4   0x00000064   Code   RO         8690    i.SPI_EndRxTxTransaction  stm32f4xx_hal_spi.o
    0x0800a208   0x0800a208   0x000000d8   Code   RO         8695    i.SPI_WaitFlagStateUntilTimeout  stm32f4xx_hal_spi.o
    0x0800a2e0   0x0800a2e0   0x000000a0   Code   RO         4228    i.STMFLASH_GetFlashSector  stm32_flash.o
    0x0800a380   0x0800a380   0x00000006   Code   RO         4230    i.STMFLASH_ReadWord  stm32_flash.o
    0x0800a386   0x0800a386   0x00000002   PAD
    0x0800a388   0x0800a388   0x000000b4   Code   RO         4231    i.STMFLASH_Write    stm32_flash.o
    0x0800a43c   0x0800a43c   0x00000012   Code   RO         2373    i.SWAPBYTE          usbd_ctlreq.o
    0x0800a44e   0x0800a44e   0x00000002   PAD
    0x0800a450   0x0800a450   0x0000002c   Code   RO        10780    i.SysTick_Handler   port.o
    0x0800a47c   0x0800a47c   0x000000b4   Code   RO           15    i.SystemClock_Config  main.o
    0x0800a530   0x0800a530   0x00000064   Code   RO         1588    i.SystemInit        system_stm32f4xx.o
    0x0800a594   0x0800a594   0x00000010   Code   RO         1393    i.TIM8_TRG_COM_TIM14_IRQHandler  stm32f4xx_it.o
    0x0800a5a4   0x0800a5a4   0x000000cc   Code   RO         5218    i.TIM_Base_SetConfig  stm32f4xx_hal_tim.o
    0x0800a670   0x0800a670   0x0000001e   Code   RO         5219    i.TIM_CCxChannelCmd  stm32f4xx_hal_tim.o
    0x0800a68e   0x0800a68e   0x00000016   Code   RO         5229    i.TIM_ETR_SetConfig  stm32f4xx_hal_tim.o
    0x0800a6a4   0x0800a6a4   0x00000010   Code   RO         5230    i.TIM_ITRx_SetConfig  stm32f4xx_hal_tim.o
    0x0800a6b4   0x0800a6b4   0x00000070   Code   RO         5231    i.TIM_OC1_SetConfig  stm32f4xx_hal_tim.o
    0x0800a724   0x0800a724   0x00000078   Code   RO         5232    i.TIM_OC2_SetConfig  stm32f4xx_hal_tim.o
    0x0800a79c   0x0800a79c   0x00000078   Code   RO         5233    i.TIM_OC3_SetConfig  stm32f4xx_hal_tim.o
    0x0800a814   0x0800a814   0x00000058   Code   RO         5234    i.TIM_OC4_SetConfig  stm32f4xx_hal_tim.o
    0x0800a86c   0x0800a86c   0x00000026   Code   RO         5236    i.TIM_TI1_ConfigInputStage  stm32f4xx_hal_tim.o
    0x0800a892   0x0800a892   0x00000024   Code   RO         5238    i.TIM_TI2_ConfigInputStage  stm32f4xx_hal_tim.o
    0x0800a8b6   0x0800a8b6   0x00000010   Code   RO         9005    i.UART_DMAAbortOnError  stm32f4xx_hal_uart.o
    0x0800a8c6   0x0800a8c6   0x0000004a   Code   RO         9006    i.UART_DMAError     stm32f4xx_hal_uart.o
    0x0800a910   0x0800a910   0x0000005c   Code   RO         9007    i.UART_DMAReceiveCplt  stm32f4xx_hal_uart.o
    0x0800a96c   0x0800a96c   0x0000001a   Code   RO         9009    i.UART_DMARxHalfCplt  stm32f4xx_hal_uart.o
    0x0800a986   0x0800a986   0x00000030   Code   RO         9015    i.UART_EndRxTransfer  stm32f4xx_hal_uart.o
    0x0800a9b6   0x0800a9b6   0x0000001a   Code   RO         9016    i.UART_EndTransmit_IT  stm32f4xx_hal_uart.o
    0x0800a9d0   0x0800a9d0   0x00000012   Code   RO         9017    i.UART_EndTxTransfer  stm32f4xx_hal_uart.o
    0x0800a9e2   0x0800a9e2   0x000000b2   Code   RO         9018    i.UART_Receive_IT   stm32f4xx_hal_uart.o
    0x0800aa94   0x0800aa94   0x000000fc   Code   RO         9019    i.UART_SetConfig    stm32f4xx_hal_uart.o
    0x0800ab90   0x0800ab90   0x00000074   Code   RO         9020    i.UART_Start_Receive_DMA  stm32f4xx_hal_uart.o
    0x0800ac04   0x0800ac04   0x0000005e   Code   RO         9022    i.UART_Transmit_IT  stm32f4xx_hal_uart.o
    0x0800ac62   0x0800ac62   0x00000002   PAD
    0x0800ac64   0x0800ac64   0x00000010   Code   RO         1394    i.USART1_IRQHandler  stm32f4xx_it.o
    0x0800ac74   0x0800ac74   0x00000124   Code   RO         3319    i.USART3_IRQHandler  remote_control.o
    0x0800ad98   0x0800ad98   0x00000064   Code   RO         1395    i.USART6_IRQHandler  stm32f4xx_it.o
    0x0800adfc   0x0800adfc   0x00000094   Code   RO         2536    i.USBD_CDC_DataIn   usbd_cdc.o
    0x0800ae90   0x0800ae90   0x00000034   Code   RO         2537    i.USBD_CDC_DataOut  usbd_cdc.o
    0x0800aec4   0x0800aec4   0x00000052   Code   RO         2538    i.USBD_CDC_DeInit   usbd_cdc.o
    0x0800af16   0x0800af16   0x00000038   Code   RO         2539    i.USBD_CDC_EP0_RxReady  usbd_cdc.o
    0x0800af4e   0x0800af4e   0x00000002   PAD
    0x0800af50   0x0800af50   0x00000010   Code   RO         2540    i.USBD_CDC_GetDeviceQualifierDescriptor  usbd_cdc.o
    0x0800af60   0x0800af60   0x00000010   Code   RO         2541    i.USBD_CDC_GetFSCfgDesc  usbd_cdc.o
    0x0800af70   0x0800af70   0x00000010   Code   RO         2542    i.USBD_CDC_GetHSCfgDesc  usbd_cdc.o
    0x0800af80   0x0800af80   0x00000010   Code   RO         2543    i.USBD_CDC_GetOtherSpeedCfgDesc  usbd_cdc.o
    0x0800af90   0x0800af90   0x000000c0   Code   RO         2544    i.USBD_CDC_Init     usbd_cdc.o
    0x0800b050   0x0800b050   0x0000003a   Code   RO         2545    i.USBD_CDC_ReceivePacket  usbd_cdc.o
    0x0800b08a   0x0800b08a   0x00000010   Code   RO         2546    i.USBD_CDC_RegisterInterface  usbd_cdc.o
    0x0800b09a   0x0800b09a   0x00000016   Code   RO         2547    i.USBD_CDC_SetRxBuffer  usbd_cdc.o
    0x0800b0b0   0x0800b0b0   0x0000001c   Code   RO         2548    i.USBD_CDC_SetTxBuffer  usbd_cdc.o
    0x0800b0cc   0x0800b0cc   0x0000011c   Code   RO         2549    i.USBD_CDC_Setup    usbd_cdc.o
    0x0800b1e8   0x0800b1e8   0x0000003c   Code   RO         2550    i.USBD_CDC_TransmitPacket  usbd_cdc.o
    0x0800b224   0x0800b224   0x0000001c   Code   RO         2235    i.USBD_ClrClassConfig  usbd_core.o
    0x0800b240   0x0800b240   0x0000003e   Code   RO         2374    i.USBD_ClrFeature   usbd_ctlreq.o
    0x0800b27e   0x0800b27e   0x00000018   Code   RO         2476    i.USBD_CtlContinueRx  usbd_ioreq.o
    0x0800b296   0x0800b296   0x00000018   Code   RO         2477    i.USBD_CtlContinueSendData  usbd_ioreq.o
    0x0800b2ae   0x0800b2ae   0x00000018   Code   RO         2375    i.USBD_CtlError     usbd_ctlreq.o
    0x0800b2c6   0x0800b2c6   0x00000028   Code   RO         2478    i.USBD_CtlPrepareRx  usbd_ioreq.o
    0x0800b2ee   0x0800b2ee   0x0000001a   Code   RO         2479    i.USBD_CtlReceiveStatus  usbd_ioreq.o
    0x0800b308   0x0800b308   0x00000022   Code   RO         2480    i.USBD_CtlSendData  usbd_ioreq.o
    0x0800b32a   0x0800b32a   0x0000001a   Code   RO         2481    i.USBD_CtlSendStatus  usbd_ioreq.o
    0x0800b344   0x0800b344   0x00000034   Code   RO         1228    i.USBD_FS_ConfigStrDescriptor  usbd_desc.o
    0x0800b378   0x0800b378   0x00000010   Code   RO         1229    i.USBD_FS_DeviceDescriptor  usbd_desc.o
    0x0800b388   0x0800b388   0x00000038   Code   RO         1230    i.USBD_FS_InterfaceStrDescriptor  usbd_desc.o
    0x0800b3c0   0x0800b3c0   0x00000010   Code   RO         1231    i.USBD_FS_LangIDStrDescriptor  usbd_desc.o
    0x0800b3d0   0x0800b3d0   0x0000002c   Code   RO         1232    i.USBD_FS_ManufacturerStrDescriptor  usbd_desc.o
    0x0800b3fc   0x0800b3fc   0x00000040   Code   RO         1233    i.USBD_FS_ProductStrDescriptor  usbd_desc.o
    0x0800b43c   0x0800b43c   0x00000018   Code   RO         1234    i.USBD_FS_SerialStrDescriptor  usbd_desc.o
    0x0800b454   0x0800b454   0x00000056   Code   RO         2376    i.USBD_GetConfig    usbd_ctlreq.o
    0x0800b4aa   0x0800b4aa   0x000001fc   Code   RO         2377    i.USBD_GetDescriptor  usbd_ctlreq.o
    0x0800b6a6   0x0800b6a6   0x00000016   Code   RO         2378    i.USBD_GetLen       usbd_ctlreq.o
    0x0800b6bc   0x0800b6bc   0x0000005a   Code   RO         2379    i.USBD_GetStatus    usbd_ctlreq.o
    0x0800b716   0x0800b716   0x00000054   Code   RO         2380    i.USBD_GetString    usbd_ctlreq.o
    0x0800b76a   0x0800b76a   0x0000002c   Code   RO         1032    i.USBD_Get_USB_Status  usbd_conf.o
    0x0800b796   0x0800b796   0x0000003a   Code   RO         2237    i.USBD_Init         usbd_core.o
    0x0800b7d0   0x0800b7d0   0x00000026   Code   RO         1033    i.USBD_LL_ClearStallEP  usbd_conf.o
    0x0800b7f6   0x0800b7f6   0x00000026   Code   RO         1034    i.USBD_LL_CloseEP   usbd_conf.o
    0x0800b81c   0x0800b81c   0x000000e2   Code   RO         2238    i.USBD_LL_DataInStage  usbd_core.o
    0x0800b8fe   0x0800b8fe   0x0000008e   Code   RO         2239    i.USBD_LL_DataOutStage  usbd_core.o
    0x0800b98c   0x0800b98c   0x00000006   Code   RO         2240    i.USBD_LL_DevConnected  usbd_core.o
    0x0800b992   0x0800b992   0x00000020   Code   RO         2241    i.USBD_LL_DevDisconnected  usbd_core.o
    0x0800b9b2   0x0800b9b2   0x00000012   Code   RO         1038    i.USBD_LL_GetRxDataSize  usbd_conf.o
    0x0800b9c4   0x0800b9c4   0x00000068   Code   RO         1039    i.USBD_LL_Init      usbd_conf.o
    0x0800ba2c   0x0800ba2c   0x00000038   Code   RO         1040    i.USBD_LL_IsStallEP  usbd_conf.o
    0x0800ba64   0x0800ba64   0x00000030   Code   RO         2242    i.USBD_LL_IsoINIncomplete  usbd_core.o
    0x0800ba94   0x0800ba94   0x00000030   Code   RO         2243    i.USBD_LL_IsoOUTIncomplete  usbd_core.o
    0x0800bac4   0x0800bac4   0x00000030   Code   RO         1041    i.USBD_LL_OpenEP    usbd_conf.o
    0x0800baf4   0x0800baf4   0x00000030   Code   RO         1042    i.USBD_LL_PrepareReceive  usbd_conf.o
    0x0800bb24   0x0800bb24   0x0000006c   Code   RO         2244    i.USBD_LL_Reset     usbd_core.o
    0x0800bb90   0x0800bb90   0x00000016   Code   RO         2245    i.USBD_LL_Resume    usbd_core.o
    0x0800bba6   0x0800bba6   0x0000002c   Code   RO         2246    i.USBD_LL_SOF       usbd_core.o
    0x0800bbd2   0x0800bbd2   0x00000008   Code   RO         2247    i.USBD_LL_SetSpeed  usbd_core.o
    0x0800bbda   0x0800bbda   0x00000026   Code   RO         1043    i.USBD_LL_SetUSBAddress  usbd_conf.o
    0x0800bc00   0x0800bc00   0x00000076   Code   RO         2248    i.USBD_LL_SetupStage  usbd_core.o
    0x0800bc76   0x0800bc76   0x00000026   Code   RO         1044    i.USBD_LL_StallEP   usbd_conf.o
    0x0800bc9c   0x0800bc9c   0x0000001e   Code   RO         1045    i.USBD_LL_Start     usbd_conf.o
    0x0800bcba   0x0800bcba   0x00000014   Code   RO         2249    i.USBD_LL_Suspend   usbd_core.o
    0x0800bcce   0x0800bcce   0x00000030   Code   RO         1047    i.USBD_LL_Transmit  usbd_conf.o
    0x0800bcfe   0x0800bcfe   0x00000036   Code   RO         2381    i.USBD_ParseSetupRequest  usbd_ctlreq.o
    0x0800bd34   0x0800bd34   0x0000002e   Code   RO         2250    i.USBD_RegisterClass  usbd_core.o
    0x0800bd62   0x0800bd62   0x00000006   Code   RO         2251    i.USBD_RunTestMode  usbd_core.o
    0x0800bd68   0x0800bd68   0x0000005a   Code   RO         2382    i.USBD_SetAddress   usbd_ctlreq.o
    0x0800bdc2   0x0800bdc2   0x00000020   Code   RO         2252    i.USBD_SetClassConfig  usbd_core.o
    0x0800bde2   0x0800bde2   0x00000002   PAD
    0x0800bde4   0x0800bde4   0x000000fc   Code   RO         2383    i.USBD_SetConfig    usbd_ctlreq.o
    0x0800bee0   0x0800bee0   0x00000018   Code   RO         2384    i.USBD_SetFeature   usbd_ctlreq.o
    0x0800bef8   0x0800bef8   0x0000000c   Code   RO         2253    i.USBD_Start        usbd_core.o
    0x0800bf04   0x0800bf04   0x000000a6   Code   RO         2385    i.USBD_StdDevReq    usbd_ctlreq.o
    0x0800bfaa   0x0800bfaa   0x0000022c   Code   RO         2386    i.USBD_StdEPReq     usbd_ctlreq.o
    0x0800c1d6   0x0800c1d6   0x0000007e   Code   RO         2387    i.USBD_StdItfReq    usbd_ctlreq.o
    0x0800c254   0x0800c254   0x00000002   Code   RO         1048    i.USBD_static_free  usbd_conf.o
    0x0800c256   0x0800c256   0x00000002   PAD
    0x0800c258   0x0800c258   0x0000000c   Code   RO         1049    i.USBD_static_malloc  usbd_conf.o
    0x0800c264   0x0800c264   0x0000009c   Code   RO         6381    i.USB_ActivateEndpoint  stm32f4xx_ll_usb.o
    0x0800c300   0x0800c300   0x0000001c   Code   RO         6383    i.USB_ActivateSetup  stm32f4xx_ll_usb.o
    0x0800c31c   0x0800c31c   0x0000007e   Code   RO         6385    i.USB_CoreInit      stm32f4xx_ll_usb.o
    0x0800c39a   0x0800c39a   0x00000002   PAD
    0x0800c39c   0x0800c39c   0x0000003c   Code   RO         6386    i.USB_CoreReset     stm32f4xx_ll_usb.o
    0x0800c3d8   0x0800c3d8   0x000000dc   Code   RO         6389    i.USB_DeactivateEndpoint  stm32f4xx_ll_usb.o
    0x0800c4b4   0x0800c4b4   0x0000001c   Code   RO         6390    i.USB_DevConnect    stm32f4xx_ll_usb.o
    0x0800c4d0   0x0800c4d0   0x0000001c   Code   RO         6391    i.USB_DevDisconnect  stm32f4xx_ll_usb.o
    0x0800c4ec   0x0800c4ec   0x00000178   Code   RO         6392    i.USB_DevInit       stm32f4xx_ll_usb.o
    0x0800c664   0x0800c664   0x0000000c   Code   RO         6393    i.USB_DisableGlobalInt  stm32f4xx_ll_usb.o
    0x0800c670   0x0800c670   0x0000012a   Code   RO         6396    i.USB_EP0StartXfer  stm32f4xx_ll_usb.o
    0x0800c79a   0x0800c79a   0x00000002   PAD
    0x0800c79c   0x0800c79c   0x00000060   Code   RO         6397    i.USB_EP0_OutStart  stm32f4xx_ll_usb.o
    0x0800c7fc   0x0800c7fc   0x00000058   Code   RO         6398    i.USB_EPClearStall  stm32f4xx_ll_usb.o
    0x0800c854   0x0800c854   0x0000005e   Code   RO         6399    i.USB_EPSetStall    stm32f4xx_ll_usb.o
    0x0800c8b2   0x0800c8b2   0x00000228   Code   RO         6400    i.USB_EPStartXfer   stm32f4xx_ll_usb.o
    0x0800cada   0x0800cada   0x0000000c   Code   RO         6401    i.USB_EnableGlobalInt  stm32f4xx_ll_usb.o
    0x0800cae6   0x0800cae6   0x00000002   PAD
    0x0800cae8   0x0800cae8   0x00000024   Code   RO         6402    i.USB_FlushRxFifo   stm32f4xx_ll_usb.o
    0x0800cb0c   0x0800cb0c   0x00000028   Code   RO         6403    i.USB_FlushTxFifo   stm32f4xx_ll_usb.o
    0x0800cb34   0x0800cb34   0x00000020   Code   RO         6405    i.USB_GetDevSpeed   stm32f4xx_ll_usb.o
    0x0800cb54   0x0800cb54   0x00000008   Code   RO         6407    i.USB_GetMode       stm32f4xx_ll_usb.o
    0x0800cb5c   0x0800cb5c   0x0000000e   Code   RO         6414    i.USB_ReadDevAllInEpInterrupt  stm32f4xx_ll_usb.o
    0x0800cb6a   0x0800cb6a   0x0000000e   Code   RO         6415    i.USB_ReadDevAllOutEpInterrupt  stm32f4xx_ll_usb.o
    0x0800cb78   0x0800cb78   0x00000024   Code   RO         6416    i.USB_ReadDevInEPInterrupt  stm32f4xx_ll_usb.o
    0x0800cb9c   0x0800cb9c   0x00000010   Code   RO         6417    i.USB_ReadDevOutEPInterrupt  stm32f4xx_ll_usb.o
    0x0800cbac   0x0800cbac   0x00000008   Code   RO         6418    i.USB_ReadInterrupts  stm32f4xx_ll_usb.o
    0x0800cbb4   0x0800cbb4   0x00000024   Code   RO         6419    i.USB_ReadPacket    stm32f4xx_ll_usb.o
    0x0800cbd8   0x0800cbd8   0x00000030   Code   RO         6421    i.USB_SetCurrentMode  stm32f4xx_ll_usb.o
    0x0800cc08   0x0800cc08   0x00000022   Code   RO         6422    i.USB_SetDevAddress  stm32f4xx_ll_usb.o
    0x0800cc2a   0x0800cc2a   0x0000000e   Code   RO         6423    i.USB_SetDevSpeed   stm32f4xx_ll_usb.o
    0x0800cc38   0x0800cc38   0x000000f4   Code   RO         6424    i.USB_SetTurnaroundTime  stm32f4xx_ll_usb.o
    0x0800cd2c   0x0800cd2c   0x00000030   Code   RO         6427    i.USB_WritePacket   stm32f4xx_ll_usb.o
    0x0800cd5c   0x0800cd5c   0x00000004   Code   RO         1396    i.UsageFault_Handler  stm32f4xx_it.o
    0x0800cd60   0x0800cd60   0x00000028   Code   RO        11450    i.__0sprintf        mc_w.l(printfa.o)
    0x0800cd88   0x0800cd88   0x00000024   Code   RO        11454    i.__0vsprintf       mc_w.l(printfa.o)
    0x0800cdac   0x0800cdac   0x00000030   Code   RO        11542    i.__ARM_fpclassify  m_wm.l(fpclassify.o)
    0x0800cddc   0x0800cddc   0x00000026   Code   RO        11544    i.__ARM_fpclassifyf  m_wm.l(fpclassifyf.o)
    0x0800ce02   0x0800ce02   0x00000002   PAD
    0x0800ce04   0x0800ce04   0x0000012c   Code   RO        11114    i.__hardfp_asinf    m_wm.l(asinf.o)
    0x0800cf30   0x0800cf30   0x000002ac   Code   RO        11126    i.__hardfp_atan2f   m_wm.l(atan2f.o)
    0x0800d1dc   0x0800d1dc   0x00000014   Code   RO        11138    i.__hardfp_fabs     m_wm.l(fabs.o)
    0x0800d1f0   0x0800d1f0   0x00000118   Code   RO        11144    i.__hardfp_floor    m_wm.l(floor.o)
    0x0800d308   0x0800d308   0x00000c50   Code   RO        11150    i.__hardfp_pow      m_wm.l(pow.o)
    0x0800df58   0x0800df58   0x0000003a   Code   RO        11176    i.__hardfp_sqrtf    m_wm.l(sqrtf_full.o)
    0x0800df92   0x0800df92   0x000000f8   Code   RO        11560    i.__kernel_poly     m_wm.l(poly.o)
    0x0800e08a   0x0800e08a   0x00000006   PAD
    0x0800e090   0x0800e090   0x00000030   Code   RO        11528    i.__mathlib_dbl_divzero  m_wm.l(dunder.o)
    0x0800e0c0   0x0800e0c0   0x00000014   Code   RO        11530    i.__mathlib_dbl_infnan2  m_wm.l(dunder.o)
    0x0800e0d4   0x0800e0d4   0x00000004   PAD
    0x0800e0d8   0x0800e0d8   0x00000020   Code   RO        11531    i.__mathlib_dbl_invalid  m_wm.l(dunder.o)
    0x0800e0f8   0x0800e0f8   0x00000020   Code   RO        11532    i.__mathlib_dbl_overflow  m_wm.l(dunder.o)
    0x0800e118   0x0800e118   0x00000020   Code   RO        11534    i.__mathlib_dbl_underflow  m_wm.l(dunder.o)
    0x0800e138   0x0800e138   0x00000006   Code   RO        11547    i.__mathlib_flt_infnan  m_wm.l(funder.o)
    0x0800e13e   0x0800e13e   0x00000006   Code   RO        11548    i.__mathlib_flt_infnan2  m_wm.l(funder.o)
    0x0800e144   0x0800e144   0x00000010   Code   RO        11549    i.__mathlib_flt_invalid  m_wm.l(funder.o)
    0x0800e154   0x0800e154   0x00000010   Code   RO        11552    i.__mathlib_flt_underflow  m_wm.l(funder.o)
    0x0800e164   0x0800e164   0x0000000e   Code   RO        11631    i.__scatterload_copy  mc_w.l(handlers.o)
    0x0800e172   0x0800e172   0x00000002   Code   RO        11632    i.__scatterload_null  mc_w.l(handlers.o)
    0x0800e174   0x0800e174   0x0000000e   Code   RO        11633    i.__scatterload_zeroinit  mc_w.l(handlers.o)
    0x0800e182   0x0800e182   0x00000002   PAD
    0x0800e184   0x0800e184   0x0000000c   Code   RO        11609    i.__set_errno       mc_w.l(errno.o)
    0x0800e190   0x0800e190   0x00000184   Code   RO        11455    i._fp_digits        mc_w.l(printfa.o)
    0x0800e314   0x0800e314   0x000006b4   Code   RO        11456    i._printf_core      mc_w.l(printfa.o)
    0x0800e9c8   0x0800e9c8   0x00000024   Code   RO        11457    i._printf_post_padding  mc_w.l(printfa.o)
    0x0800e9ec   0x0800e9ec   0x0000002e   Code   RO        11458    i._printf_pre_padding  mc_w.l(printfa.o)
    0x0800ea1a   0x0800ea1a   0x0000000a   Code   RO        11460    i._sputc            mc_w.l(printfa.o)
    0x0800ea24   0x0800ea24   0x00000068   Code   RO         1774    i.aRGB_led_show     bsp_led.o
    0x0800ea8c   0x0800ea8c   0x000001d0   Code   RO        10936    i.accel_comple_filter  AHRS.lib(ahrs.o)
    0x0800ec5c   0x0800ec5c   0x0000018c   Code   RO        10937    i.accel_update_kp_ki  AHRS.lib(ahrs.o)
    0x0800ede8   0x0800ede8   0x0000016c   Code   RO        10938    i.angle_to_quat     AHRS.lib(ahrs.o)
    0x0800ef54   0x0800ef54   0x00000134   Code   RO         4789    i.bmi088_accel_init  bmi088driver.o
    0x0800f088   0x0800f088   0x000002fc   Code   RO         4790    i.bmi088_accel_self_test  bmi088driver.o
    0x0800f384   0x0800f384   0x000000f4   Code   RO         4791    i.bmi088_gyro_init  bmi088driver.o
    0x0800f478   0x0800f478   0x000000d0   Code   RO         4792    i.bmi088_gyro_self_test  bmi088driver.o
    0x0800f548   0x0800f548   0x0000002a   Code   RO         4400    i.cJSON_AddItemToArray  cjson.o
    0x0800f572   0x0800f572   0x00000002   PAD
    0x0800f574   0x0800f574   0x00000030   Code   RO         4401    i.cJSON_AddItemToObject  cjson.o
    0x0800f5a4   0x0800f5a4   0x00000012   Code   RO         4403    i.cJSON_CreateArray  cjson.o
    0x0800f5b6   0x0800f5b6   0x00000012   Code   RO         4411    i.cJSON_CreateObject  cjson.o
    0x0800f5c8   0x0800f5c8   0x0000001c   Code   RO         4412    i.cJSON_CreateString  cjson.o
    0x0800f5e4   0x0800f5e4   0x00000058   Code   RO         4415    i.cJSON_Delete      cjson.o
    0x0800f63c   0x0800f63c   0x00000012   Code   RO         4421    i.cJSON_GetArrayItem  cjson.o
    0x0800f64e   0x0800f64e   0x00000012   Code   RO         4422    i.cJSON_GetArraySize  cjson.o
    0x0800f660   0x0800f660   0x0000001e   Code   RO         4424    i.cJSON_GetObjectItem  cjson.o
    0x0800f67e   0x0800f67e   0x00000002   PAD
    0x0800f680   0x0800f680   0x00000020   Code   RO         4428    i.cJSON_New_Item    cjson.o
    0x0800f6a0   0x0800f6a0   0x00000010   Code   RO         4429    i.cJSON_Parse       cjson.o
    0x0800f6b0   0x0800f6b0   0x00000064   Code   RO         4430    i.cJSON_ParseWithOpts  cjson.o
    0x0800f714   0x0800f714   0x00000012   Code   RO         4431    i.cJSON_Print       cjson.o
    0x0800f726   0x0800f726   0x0000004c   Code   RO         4436    i.cJSON_strcasecmp  cjson.o
    0x0800f772   0x0800f772   0x00000002   PAD
    0x0800f774   0x0800f774   0x00000030   Code   RO         4437    i.cJSON_strdup      cjson.o
    0x0800f7a4   0x0800f7a4   0x0000005c   Code   RO         1837    i.can_filter_init   bsp_can.o
    0x0800f800   0x0800f800   0x00000040   Code   RO         3826    i.cmd_test          cmd_ctr.o
    0x0800f840   0x0800f840   0x000000b4   Code   RO         3827    i.ctr_mode          cmd_ctr.o
    0x0800f8f4   0x0800f8f4   0x00000018   Code   RO         3828    i.def2flash         cmd_ctr.o
    0x0800f90c   0x0800f90c   0x00000030   Code   RO         1624    i.delay_init        bsp_delay.o
    0x0800f93c   0x0800f93c   0x00000050   Code   RO         1626    i.delay_us          bsp_delay.o
    0x0800f98c   0x0800f98c   0x00000070   Code   RO         4439    i.ensure            cjson.o
    0x0800f9fc   0x0800f9fc   0x0000000c   Code   RO         4440    i.ex_free           cjson.o
    0x0800fa08   0x0800fa08   0x0000000c   Code   RO         4441    i.ex_malloc         cjson.o
    0x0800fa14   0x0800fa14   0x00000018   Code   RO        11140    i.fabs              m_wm.l(fabs.o)
    0x0800fa2c   0x0800fa2c   0x0000013c   Code   RO         3829    i.flash_date_init   cmd_ctr.o
    0x0800fb68   0x0800fb68   0x00000050   Code   RO        11476    i.free              mc_w.l(malloc.o)
    0x0800fbb8   0x0800fbb8   0x000000a0   Code   RO         3692    i.getDataLengthByCmdId  referee.o
    0x0800fc58   0x0800fc58   0x000000e8   Code   RO         3693    i.getDataPointerById  referee.o
    0x0800fd40   0x0800fd40   0x00000008   Code   RO         3408    i.get_INS_angle_point  ins_task.o
    0x0800fd48   0x0800fd48   0x000000e8   Code   RO        10939    i.get_angle         AHRS.lib(ahrs.o)
    0x0800fe30   0x0800fe30   0x00000018   Code   RO         2977    i.get_chassis_motor_measure_point  can_receive.o
    0x0800fe48   0x0800fe48   0x000000cc   Code   RO         3830    i.get_cmd_name      cmd_ctr.o
    0x0800ff14   0x0800ff14   0x00000008   Code   RO         3411    i.get_gyro_data_point  ins_task.o
    0x0800ff1c   0x0800ff1c   0x00000090   Code   RO         3831    i.get_par           cmd_ctr.o
    0x0800ffac   0x0800ffac   0x00000008   Code   RO         2978    i.get_pitch_gimbal_motor_measure_point  can_receive.o
    0x0800ffb4   0x0800ffb4   0x00000008   Code   RO         3320    i.get_remote_control_point  remote_control.o
    0x0800ffbc   0x0800ffbc   0x00000014   Code   RO         2979    i.get_shoot_motor_measure_point  can_receive.o
    0x0800ffd0   0x0800ffd0   0x00000008   Code   RO         2981    i.get_trigger2_motor_measure_point  can_receive.o
    0x0800ffd8   0x0800ffd8   0x00000008   Code   RO         2983    i.get_yaw_gimbal_motor_measure_point  can_receive.o
    0x0800ffe0   0x0800ffe0   0x00000030   Code   RO         3085    i.gimbal_PID_init   gimbal_task.o
    0x08010010   0x08010010   0x0000012c   Code   RO         3088    i.gimbal_init       gimbal_task.o
    0x0801013c   0x0801013c   0x000002e4   Code   RO         3091    i.gimbal_task       gimbal_task.o
    0x08010420   0x08010420   0x000000a8   Code   RO         3833    i.imu_cali          cmd_ctr.o
    0x080104c8   0x080104c8   0x0000012c   Code   RO         3414    i.imu_cali_slove    ins_task.o
    0x080105f4   0x080105f4   0x00000168   Code   RO         3415    i.imu_cmd_spi_dma   ins_task.o
    0x0801075c   0x0801075c   0x0000000c   Code   RO         1746    i.imu_pwm_set       bsp_imu_pwm.o
    0x08010768   0x08010768   0x000000a4   Code   RO         3416    i.imu_temp_control  ins_task.o
    0x0801080c   0x0801080c   0x00000002   Code   RO         5044    i.ist8310_GPIO_init  ist8310driver_middleware.o
    0x0801080e   0x0801080e   0x00000002   PAD
    0x08010810   0x08010810   0x00000028   Code   RO         5046    i.ist8310_IIC_read_single_reg  ist8310driver_middleware.o
    0x08010838   0x08010838   0x00000028   Code   RO         5048    i.ist8310_IIC_write_single_reg  ist8310driver_middleware.o
    0x08010860   0x08010860   0x00000014   Code   RO         5049    i.ist8310_RST_H     ist8310driver_middleware.o
    0x08010874   0x08010874   0x00000014   Code   RO         5050    i.ist8310_RST_L     ist8310driver_middleware.o
    0x08010888   0x08010888   0x00000002   Code   RO         5051    i.ist8310_com_init  ist8310driver_middleware.o
    0x0801088a   0x0801088a   0x0000000c   Code   RO         5052    i.ist8310_delay_ms  ist8310driver_middleware.o
    0x08010896   0x08010896   0x00000002   PAD
    0x08010898   0x08010898   0x00000094   Code   RO         5009    i.ist8310_init      ist8310driver.o
    0x0801092c   0x0801092c   0x00000038   Code   RO         3259    i.kalmanCreate      kalman.o
    0x08010964   0x08010964   0x000001b0   Code   RO         2832    i.led_RGB_flow_task  led_flow_task.o
    0x08010b14   0x08010b14   0x00000090   Code   RO           16    i.main              main.o
    0x08010ba4   0x08010ba4   0x0000000c   Code   RO        10345    i.makeFreeRtosPriority  cmsis_os.o
    0x08010bb0   0x08010bb0   0x0000006c   Code   RO        11477    i.malloc            mc_w.l(malloc.o)
    0x08010c1c   0x08010c1c   0x00000010   Code   RO        10347    i.osDelay           cmsis_os.o
    0x08010c2c   0x08010c2c   0x0000000a   Code   RO        10350    i.osKernelStart     cmsis_os.o
    0x08010c36   0x08010c36   0x0000005c   Code   RO        10384    i.osThreadCreate    cmsis_os.o
    0x08010c92   0x08010c92   0x00000078   Code   RO         3694    i.parse             referee.o
    0x08010d0a   0x08010d0a   0x00000002   PAD
    0x08010d0c   0x08010d0c   0x000000ac   Code   RO         4442    i.parse_array       cjson.o
    0x08010db8   0x08010db8   0x00000114   Code   RO         4443    i.parse_hex4        cjson.o
    0x08010ecc   0x08010ecc   0x0000005c   Code   RO         3834    i.parse_loop        cmd_ctr.o
    0x08010f28   0x08010f28   0x000001c8   Code   RO         4444    i.parse_number      cjson.o
    0x080110f0   0x080110f0   0x00000114   Code   RO         4445    i.parse_object      cjson.o
    0x08011204   0x08011204   0x000001cc   Code   RO         4446    i.parse_string      cjson.o
    0x080113d0   0x080113d0   0x000000bc   Code   RO         4447    i.parse_value       cjson.o
    0x0801148c   0x0801148c   0x00000024   Code   RO         9812    i.pcTaskGetName     tasks.o
    0x080114b0   0x080114b0   0x0000001c   Code   RO         4448    i.pow2gt            cjson.o
    0x080114cc   0x080114cc   0x00000250   Code   RO         4449    i.print_array       cjson.o
    0x0801171c   0x0801171c   0x00000234   Code   RO         4450    i.print_number      cjson.o
    0x08011950   0x08011950   0x00000418   Code   RO         4451    i.print_object      cjson.o
    0x08011d68   0x08011d68   0x00000010   Code   RO         4452    i.print_string      cjson.o
    0x08011d78   0x08011d78   0x000001d8   Code   RO         4453    i.print_string_ptr  cjson.o
    0x08011f50   0x08011f50   0x00000130   Code   RO         4454    i.print_value       cjson.o
    0x08012080   0x08012080   0x00000080   Code   RO         9813    i.prvAddCurrentTaskToDelayedList  tasks.o
    0x08012100   0x08012100   0x00000088   Code   RO         9814    i.prvAddNewTaskToReadyList  tasks.o
    0x08012188   0x08012188   0x0000005c   Code   RO        10177    i.prvCheckForValidListAndQueue  timers.o
    0x080121e4   0x080121e4   0x00000040   Code   RO         9815    i.prvCheckTasksWaitingTermination  tasks.o
    0x08012224   0x08012224   0x00000024   Code   RO         9469    i.prvCopyDataFromQueue  queue.o
    0x08012248   0x08012248   0x0000006e   Code   RO         9470    i.prvCopyDataToQueue  queue.o
    0x080122b6   0x080122b6   0x00000040   Code   RO         9816    i.prvDeleteTCB      tasks.o
    0x080122f6   0x080122f6   0x00000002   PAD
    0x080122f8   0x080122f8   0x00000024   Code   RO        10178    i.prvGetNextExpireTime  timers.o
    0x0801231c   0x0801231c   0x00000050   Code   RO        10724    i.prvHeapInit       heap_4.o
    0x0801236c   0x0801236c   0x00000028   Code   RO         9817    i.prvIdleTask       tasks.o
    0x08012394   0x08012394   0x00000018   Code   RO         9473    i.prvInitialiseNewQueue  queue.o
    0x080123ac   0x080123ac   0x00000098   Code   RO         9818    i.prvInitialiseNewTask  tasks.o
    0x08012444   0x08012444   0x00000060   Code   RO         9819    i.prvInitialiseTaskLists  tasks.o
    0x080124a4   0x080124a4   0x0000005c   Code   RO        10725    i.prvInsertBlockIntoFreeList  heap_4.o
    0x08012500   0x08012500   0x00000048   Code   RO        10180    i.prvInsertTimerInActiveList  timers.o
    0x08012548   0x08012548   0x0000001a   Code   RO         9474    i.prvIsQueueEmpty   queue.o
    0x08012562   0x08012562   0x0000001e   Code   RO         9475    i.prvIsQueueFull    queue.o
    0x08012580   0x08012580   0x00000068   Code   RO        10181    i.prvProcessExpiredTimer  timers.o
    0x080125e8   0x080125e8   0x00000110   Code   RO        10182    i.prvProcessReceivedCommands  timers.o
    0x080126f8   0x080126f8   0x0000006c   Code   RO        10183    i.prvProcessTimerOrBlockTask  timers.o
    0x08012764   0x08012764   0x00000024   Code   RO         9820    i.prvResetNextTaskUnblockTime  tasks.o
    0x08012788   0x08012788   0x0000002c   Code   RO        10184    i.prvSampleTimeNow  timers.o
    0x080127b4   0x080127b4   0x0000006e   Code   RO         9821    i.prvSearchForNameWithinSingleList  tasks.o
    0x08012822   0x08012822   0x00000002   PAD
    0x08012824   0x08012824   0x00000078   Code   RO        10185    i.prvSwitchTimerLists  timers.o
    0x0801289c   0x0801289c   0x00000030   Code   RO        10781    i.prvTaskExitError  port.o
    0x080128cc   0x080128cc   0x00000014   Code   RO        10186    i.prvTimerTask      timers.o
    0x080128e0   0x080128e0   0x00000068   Code   RO         9476    i.prvUnlockQueue    queue.o
    0x08012948   0x08012948   0x000000e8   Code   RO        10726    i.pvPortMalloc      heap_4.o
    0x08012a30   0x08012a30   0x0000002c   Code   RO        10782    i.pxPortInitialiseStack  port.o
    0x08012a5c   0x08012a5c   0x00000084   Code   RO        10944    i.quat_normalization  AHRS.lib(ahrs.o)
    0x08012ae0   0x08012ae0   0x0000002c   Code   RO         4132    i.ramp_init         user_lib.o
    0x08012b0c   0x08012b0c   0x00000050   Code   RO         3321    i.remote_control_init  remote_control.o
    0x08012b5c   0x08012b5c   0x00000020   Code   RO         3835    i.reset             cmd_ctr.o
    0x08012b7c   0x08012b7c   0x00000034   Code   RO         3836    i.save              cmd_ctr.o
    0x08012bb0   0x08012bb0   0x0000015c   Code   RO         3322    i.sbus_to_rc        remote_control.o
    0x08012d0c   0x08012d0c   0x000000d4   Code   RO         3837    i.set_par           cmd_ctr.o
    0x08012de0   0x08012de0   0x00000040   Code   RO         3838    i.set_version       cmd_ctr.o
    0x08012e20   0x08012e20   0x0000013c   Code   RO         3535    i.shoot_init        shoot_task.o
    0x08012f5c   0x08012f5c   0x000000b8   Code   RO         3539    i.shoot_task        shoot_task.o
    0x08013014   0x08013014   0x00000012   Code   RO         4455    i.skip              cjson.o
    0x08013026   0x08013026   0x0000006e   Code   RO        11568    i.sqrt              m_wm.l(sqrt_full.o)
    0x08013094   0x08013094   0x0000003e   Code   RO        11178    i.sqrtf             m_wm.l(sqrtf_full.o)
    0x080130d2   0x080130d2   0x00000006   Code   RO         4456    i.suffix_object     cjson.o
    0x080130d8   0x080130d8   0x00000040   Code   RO         3839    i.switch_wave       cmd_ctr.o
    0x08013118   0x08013118   0x0000000a   Code   RO         2641    i.test_task         test_task.o
    0x08013122   0x08013122   0x00000002   PAD
    0x08013124   0x08013124   0x00000068   Code   RO         9825    i.ulTaskNotifyTake  tasks.o
    0x0801318c   0x0801318c   0x00000020   Code   RO         4457    i.update            cjson.o
    0x080131ac   0x080131ac   0x0000007a   Code   RO        10945    i.update_w          AHRS.lib(ahrs.o)
    0x08013226   0x08013226   0x00000002   PAD
    0x08013228   0x08013228   0x00000068   Code   RO         2183    i.usb_Receive       bsp_usb.o
    0x08013290   0x08013290   0x00000038   Code   RO         2184    i.usb_printf        bsp_usb.o
    0x080132c8   0x080132c8   0x000000a4   Code   RO         3655    i.usb_task          usb_task.o
    0x0801336c   0x0801336c   0x0000003c   Code   RO         3840    i.use_def           cmd_ctr.o
    0x080133a8   0x080133a8   0x00000034   Code   RO         3841    i.use_flash         cmd_ctr.o
    0x080133dc   0x080133dc   0x00000026   Code   RO         9429    i.uxListRemove      list.o
    0x08013402   0x08013402   0x00000002   PAD
    0x08013404   0x08013404   0x00000018   Code   RO          335    i.vApplicationGetIdleTaskMemory  freertos.o
    0x0801341c   0x0801341c   0x00000018   Code   RO          336    i.vApplicationGetTimerTaskMemory  freertos.o
    0x08013434   0x08013434   0x00000016   Code   RO         9430    i.vListInitialise   list.o
    0x0801344a   0x0801344a   0x00000006   Code   RO         9431    i.vListInitialiseItem  list.o
    0x08013450   0x08013450   0x00000036   Code   RO         9432    i.vListInsert       list.o
    0x08013486   0x08013486   0x00000018   Code   RO         9433    i.vListInsertEnd    list.o
    0x0801349e   0x0801349e   0x00000002   PAD
    0x080134a0   0x080134a0   0x00000040   Code   RO        10784    i.vPortEnterCritical  port.o
    0x080134e0   0x080134e0   0x0000002c   Code   RO        10785    i.vPortExitCritical  port.o
    0x0801350c   0x0801350c   0x00000064   Code   RO        10727    i.vPortFree         heap_4.o
    0x08013570   0x08013570   0x00000024   Code   RO        10786    i.vPortSetupTimerInterrupt  port.o
    0x08013594   0x08013594   0x00000054   Code   RO        10787    i.vPortValidateInterruptPriority  port.o
    0x080135e8   0x080135e8   0x00000028   Code   RO         9480    i.vQueueAddToRegistry  queue.o
    0x08013610   0x08013610   0x0000004a   Code   RO         9483    i.vQueueWaitForMessageRestricted  queue.o
    0x0801365a   0x0801365a   0x00000002   PAD
    0x0801365c   0x0801365c   0x00000050   Code   RO         9832    i.vTaskDelay        tasks.o
    0x080136ac   0x080136ac   0x00000010   Code   RO         9836    i.vTaskInternalSetTimeOutState  tasks.o
    0x080136bc   0x080136bc   0x0000000c   Code   RO         9837    i.vTaskMissedYield  tasks.o
    0x080136c8   0x080136c8   0x000000bc   Code   RO         9838    i.vTaskNotifyGiveFromISR  tasks.o
    0x08013784   0x08013784   0x00000034   Code   RO         9839    i.vTaskPlaceOnEventList  tasks.o
    0x080137b8   0x080137b8   0x0000003c   Code   RO         9840    i.vTaskPlaceOnEventListRestricted  tasks.o
    0x080137f4   0x080137f4   0x00000090   Code   RO         9847    i.vTaskStartScheduler  tasks.o
    0x08013884   0x08013884   0x00000010   Code   RO         9849    i.vTaskSuspendAll   tasks.o
    0x08013894   0x08013894   0x00000060   Code   RO         9850    i.vTaskSwitchContext  tasks.o
    0x080138f4   0x080138f4   0x00000058   Code   RO         3842    i.wave_set          cmd_ctr.o
    0x0801394c   0x0801394c   0x00000104   Code   RO        10788    i.xPortStartScheduler  port.o
    0x08013a50   0x08013a50   0x00000070   Code   RO         9487    i.xQueueGenericCreateStatic  queue.o
    0x08013ac0   0x08013ac0   0x00000090   Code   RO         9488    i.xQueueGenericReset  queue.o
    0x08013b50   0x08013b50   0x00000170   Code   RO         9489    i.xQueueGenericSend  queue.o
    0x08013cc0   0x08013cc0   0x000000be   Code   RO         9490    i.xQueueGenericSendFromISR  queue.o
    0x08013d7e   0x08013d7e   0x00000002   PAD
    0x08013d80   0x08013d80   0x00000148   Code   RO         9498    i.xQueueReceive     queue.o
    0x08013ec8   0x08013ec8   0x00000098   Code   RO         9853    i.xTaskCheckForTimeOut  tasks.o
    0x08013f60   0x08013f60   0x0000006c   Code   RO         9854    i.xTaskCreate       tasks.o
    0x08013fcc   0x08013fcc   0x00000060   Code   RO         9855    i.xTaskCreateStatic  tasks.o
    0x0801402c   0x0801402c   0x0000008c   Code   RO         9859    i.xTaskGetHandle    tasks.o
    0x080140b8   0x080140b8   0x0000001c   Code   RO         9860    i.xTaskGetSchedulerState  tasks.o
    0x080140d4   0x080140d4   0x0000000c   Code   RO         9861    i.xTaskGetTickCount  tasks.o
    0x080140e0   0x080140e0   0x000000d4   Code   RO         9863    i.xTaskIncrementTick  tasks.o
    0x080141b4   0x080141b4   0x0000009c   Code   RO         9866    i.xTaskPriorityDisinherit  tasks.o
    0x08014250   0x08014250   0x00000078   Code   RO         9868    i.xTaskRemoveFromEventList  tasks.o
    0x080142c8   0x080142c8   0x000000cc   Code   RO         9869    i.xTaskResumeAll    tasks.o
    0x08014394   0x08014394   0x00000068   Code   RO        10193    i.xTimerCreateTimerTask  timers.o
    0x080143fc   0x080143fc   0x00000074   Code   RO        10194    i.xTimerGenericCommand  timers.o
    0x08014470   0x08014470   0x000000a8   Data   RO          338    .constdata          freertos.o
    0x08014518   0x08014518   0x00000018   Data   RO         1589    .constdata          system_stm32f4xx.o
    0x08014530   0x08014530   0x00000018   Data   RO         3418    .constdata          ins_task.o
    0x08014548   0x08014548   0x00000038   Data   RO         3541    .constdata          shoot_task.o
    0x08014580   0x08014580   0x00000302   Data   RO         3696    .constdata          referee.o
    0x08014882   0x08014882   0x00000007   Data   RO         4458    .constdata          cjson.o
    0x08014889   0x08014889   0x00000012   Data   RO         4797    .constdata          bmi088driver.o
    0x0801489b   0x0801489b   0x0000000c   Data   RO         5012    .constdata          ist8310driver.o
    0x080148a7   0x080148a7   0x00000008   Data   RO         7204    .constdata          stm32f4xx_hal_dma.o
    0x080148af   0x080148af   0x00000001   PAD
    0x080148b0   0x080148b0   0x0000000c   Data   RO        10946    .constdata          AHRS.lib(ahrs.o)
    0x080148bc   0x080148bc   0x00000804   Data   RO        11079    .constdata          arm_cortexM4lf_math.lib(arm_common_tables.o)
    0x080150c0   0x080150c0   0x00000088   Data   RO        11153    .constdata          m_wm.l(pow.o)
    0x08015148   0x08015148   0x00000008   Data   RO        11562    .constdata          m_wm.l(qnan.o)
    0x08015150   0x08015150   0x0000002d   Data   RO          339    .conststring        freertos.o
    0x0801517d   0x0801517d   0x00000003   PAD
    0x08015180   0x08015180   0x00000020   Data   RO         3845    .conststring        cmd_ctr.o
    0x080151a0   0x080151a0   0x00000020   Data   RO        11629    Region$$Table       anon$$obj.o


    Execution Region RW_IRAM1 (Exec base: 0x20000000, Load base: 0x080151c0, Size: 0x00018800, Max: 0x00020000, ABSOLUTE, COMPRESSED[0x00000280])

    Exec Addr    Load Addr    Size         Type   Attr      Idx    E Section Name        Object

    0x20000000   COMPRESSED   0x00000020   Data   RW          340    .data               freertos.o
    0x20000020   COMPRESSED   0x00000004   Data   RW          639    .data               can.o
    0x20000024   COMPRESSED   0x00000008   Data   RW          686    .data               crc.o
    0x2000002c   COMPRESSED   0x0000004e   Data   RW         1236    .data               usbd_desc.o
    0x2000007a   COMPRESSED   0x00000002   PAD
    0x2000007c   COMPRESSED   0x0000001c   Data   RW         1323    .data               usbd_cdc_if.o
    0x20000098   COMPRESSED   0x00000004   Data   RW         1590    .data               system_stm32f4xx.o
    0x2000009c   COMPRESSED   0x00000008   Data   RW         1627    .data               bsp_delay.o
    0x200000a4   COMPRESSED   0x00000008   Data   RW         1775    .data               bsp_led.o
    0x200000ac   COMPRESSED   0x00000008   Data   RW         2186    .data               bsp_usb.o
    0x200000b4   COMPRESSED   0x00000001   Data   RW         2388    .data               usbd_ctlreq.o
    0x200000b5   COMPRESSED   0x00000003   PAD
    0x200000b8   COMPRESSED   0x0000010f   Data   RW         2551    .data               usbd_cdc.o
    0x200001c7   COMPRESSED   0x00000001   PAD
    0x200001c8   COMPRESSED   0x0000001c   Data   RW         2833    .data               led_flow_task.o
    0x200001e4   COMPRESSED   0x00000022   Data   RW         2985    .data               can_receive.o
    0x20000206   COMPRESSED   0x00000002   PAD
    0x20000208   COMPRESSED   0x00000080   Data   RW         3097    .data               gimbal_task.o
    0x20000288   COMPRESSED   0x00000038   Data   RW         3287    .data               motor_angle_pid.o
    0x200002c0   COMPRESSED   0x00000003   Data   RW         3327    .data               remote_control.o
    0x200002c3   COMPRESSED   0x00000001   PAD
    0x200002c4   COMPRESSED   0x000000a0   Data   RW         3419    .data               ins_task.o
    0x20000364   COMPRESSED   0x00000004   PAD
    0x20000368   COMPRESSED   0x00000049   Data   RW         3542    .data               shoot_task.o
    0x200003b1   COMPRESSED   0x00000003   PAD
    0x200003b4   COMPRESSED   0x00000025   Data   RW         3658    .data               usb_task.o
    0x200003d9   COMPRESSED   0x00000001   PAD
    0x200003da   COMPRESSED   0x00000028   Data   RW         3697    .data               referee.o
    0x20000402   COMPRESSED   0x00000002   PAD
    0x20000404   COMPRESSED   0x00000506   Data   RW         3846    .data               cmd_ctr.o
    0x2000090a   COMPRESSED   0x00000002   PAD
    0x2000090c   COMPRESSED   0x0000000c   Data   RW         4459    .data               cjson.o
    0x20000918   COMPRESSED   0x0000002c   Data   RW         4798    .data               bmi088driver.o
    0x20000944   COMPRESSED   0x0000000c   Data   RW         7626    .data               stm32f4xx_hal.o
    0x20000950   COMPRESSED   0x0000003c   Data   RW         9872    .data               tasks.o
    0x2000098c   COMPRESSED   0x00000014   Data   RW        10202    .data               timers.o
    0x200009a0   COMPRESSED   0x00000020   Data   RW        10733    .data               heap_4.o
    0x200009c0   COMPRESSED   0x0000000c   Data   RW        10789    .data               port.o
    0x200009cc   COMPRESSED   0x00000010   Data   RW        10947    .data               AHRS.lib(ahrs.o)
    0x200009dc   COMPRESSED   0x00000004   Data   RW        11605    .data               mc_w.l(mvars.o)
    0x200009e0   COMPRESSED   0x00000004   Data   RW        11606    .data               mc_w.l(mvars.o)
    0x200009e4   COMPRESSED   0x00000004   Data   RW        11610    .data               mc_w.l(errno.o)
    0x200009e8        -       0x000006a8   Zero   RW          337    .bss                freertos.o
    0x20001090        -       0x00000050   Zero   RW          638    .bss                can.o
    0x200010e0        -       0x0000015c   Zero   RW          754    .bss                i2c.o
    0x2000123c        -       0x00000118   Zero   RW          806    .bss                spi.o
    0x20001354        -       0x000000d8   Zero   RW          853    .bss                tim.o
    0x2000142c        -       0x000002ac   Zero   RW          922    .bss                usart.o
    0x200016d8        -       0x000002d0   Zero   RW          972    .bss                usb_device.o
    0x200019a8        -       0x00000628   Zero   RW         1050    .bss                usbd_conf.o
    0x20001fd0        -       0x00000200   Zero   RW         1235    .bss                usbd_desc.o
    0x200021d0        -       0x00001000   Zero   RW         1322    .bss                usbd_cdc_if.o
    0x200031d0        -       0x00000048   Zero   RW         1551    .bss                stm32f4xx_hal_timebase_tim.o
    0x20003218        -       0x00000508   Zero   RW         2185    .bss                bsp_usb.o
    0x20003720        -       0x000000ac   Zero   RW         2984    .bss                can_receive.o
    0x200037cc   COMPRESSED   0x00000004   PAD
    0x200037d0        -       0x0000065c   Zero   RW         3096    .bss                gimbal_task.o
    0x20003e2c        -       0x000000dc   Zero   RW         3260    .bss                kalman.o
    0x20003f08        -       0x00000520   Zero   RW         3286    .bss                motor_angle_pid.o
    0x20004428        -       0x00000072   Zero   RW         3326    .bss                remote_control.o
    0x2000449a   COMPRESSED   0x00000002   PAD
    0x2000449c        -       0x00000158   Zero   RW         3417    .bss                ins_task.o
    0x200045f4        -       0x000002ec   Zero   RW         3540    .bss                shoot_task.o
    0x200048e0        -       0x00000171   Zero   RW         3695    .bss                referee.o
    0x20004a51   COMPRESSED   0x00000003   PAD
    0x20004a54        -       0x00000954   Zero   RW         3844    .bss                cmd_ctr.o
    0x200053a8        -       0x00000020   Zero   RW         6858    .bss                stm32f4xx_hal_flash.o
    0x200053c8        -       0x00000040   Zero   RW         9501    .bss                queue.o
    0x20005408        -       0x000000f0   Zero   RW         9871    .bss                tasks.o
    0x200054f8        -       0x00000110   Zero   RW        10201    .bss                timers.o
    0x20005608        -       0x00006000   Zero   RW        10732    .bss                heap_4.o
    0x2000b608        -       0x00002000   Zero   RW            2    HEAP                startup_stm32f407xx.o
    0x2000d608        -       0x00002000   Zero   RW            1    STACK               startup_stm32f407xx.o
    0x2000f608   COMPRESSED   0x000009f8   PAD
    0x20010000        -       0x00008000   Zero   RW         4326    .ARM.__AT_0x20010000  malloc.o
    0x20018000        -       0x00000800   Zero   RW         4327    .ARM.__AT_0x20018000  malloc.o


==============================================================================

Image component sizes


      Code (inc. data)   RO Data    RW Data    ZI Data      Debug   Object Name

       168          4          0          0          0       5784   ahrs_middleware.o
      2338         40         18         44          0      11103   bmi088driver.o
       140         28          0          0          0       5148   bmi088middleware.o
        92          8          0          0          0        626   bsp_can.o
       128         20          0          8          0     594224   bsp_delay.o
       124         14          0          0          0        550   bsp_i2c.o
        12          4          0          0          0        534   bsp_imu_pwm.o
       104         22          0          8          0        624   bsp_led.o
       156         14          0          0          0       1086   bsp_rc.o
     10428        170          0          0          0       5730   bsp_spi.o
       160         22          0          8       1288       2669   bsp_usb.o
       488         44          0          4         80       2570   can.o
      1192         80          0         34        172       8277   can_receive.o
      5642        294          7         12          0      30049   cjson.o
         0          0          0          0          0        956   client_ui.o
      1816        478         32       1286       2388      13110   cmd_ctr.o
       130          0          0          0          0      23235   cmsis_os.o
        84         18          0          8          0       1607   crc.o
       200          6          0          0          0        914   dma.o
         0          0          0          0          0      18392   event_groups.o
       228         48        213         32       1704      38965   freertos.o
      1088        160          0        128       1628      14027   gimbal_task.o
       568         30          0          0          0       1367   gpio.o
       504         32          0         32      24576       5255   heap_4.o
       680         78          0          0        348       3276   i2c.o
      2300        292         24        160        344      11029   ins_task.o
       148          6         12          0          0       2095   ist8310driver.o
       136         22          0          0          0       4251   ist8310driver_middleware.o
       190          6          0          0        220       4026   kalman.o
       432         10          0         28          0     607085   led_flow_task.o
       144          0          0          0          0       3818   list.o
       350         30          0          0          0     754676   main.o
         0          0          0          0      34816       1340   malloc.o
       504         36          0         56       1312       5025   motor_angle_pid.o
       592          8          0          0          0       2642   pid.o
       814         92          0         12          0      12441   port.o
      1586         24          0          0         64      18240   queue.o
       600        104        770         40        369      10259   referee.o
       728         68          0          3        114       5996   remote_control.o
       500         70         56         73        748       5284   shoot_task.o
       416         38          0          0        280       2043   spi.o
        36          8        392          0      16384        864   startup_stm32f407xx.o
       346         50          0          0          0       2739   stm32_flash.o
       120         20          0         12          0       8970   stm32f4xx_hal.o
      2004          6          0          0          0      15735   stm32f4xx_hal_can.o
       168         12          0          0          0      32994   stm32f4xx_hal_cortex.o
        36          0          0          0          0       1131   stm32f4xx_hal_crc.o
      1272         18          8          0          0       7842   stm32f4xx_hal_dma.o
       568         74          0          0         32       6454   stm32f4xx_hal_flash.o
       380         24          0          0          0       3542   stm32f4xx_hal_flash_ex.o
       612         28          0          0          0       3870   stm32f4xx_hal_gpio.o
      2796         48          0          0          0      14082   stm32f4xx_hal_i2c.o
        84          6          0          0          0        910   stm32f4xx_hal_msp.o
      2506         12          0          0          0      13997   stm32f4xx_hal_pcd.o
        84          0          0          0          0       2705   stm32f4xx_hal_pcd_ex.o
      1782        112          0          0          0       7473   stm32f4xx_hal_rcc.o
      1010         14          0          0          0       5025   stm32f4xx_hal_spi.o
      2274         56          0          0          0      17807   stm32f4xx_hal_tim.o
       260          0          0          0          0       3637   stm32f4xx_hal_tim_ex.o
       140         18          0          0         72       1560   stm32f4xx_hal_timebase_tim.o
      1608         22          0          0          0      14542   stm32f4xx_hal_uart.o
       320         72          0          0          0      11875   stm32f4xx_it.o
      2802        104          0          0          0      24442   stm32f4xx_ll_usb.o
       100         18         24          4          0       1263   system_stm32f4xx.o
      2858        238          0         60        240      34171   tasks.o
        10          0          0          0          0       5594   test_task.o
      1020         84          0          0        216       4854   tim.o
      1088         94          0         20        272      31523   timers.o
      1016         94          0          0        684       3771   usart.o
        76         16          0          0        720       2667   usb_device.o
       164         22          0         37          0       2399   usb_task.o
      1062         24          0        271          0      14509   usbd_cdc.o
       316         32          0         28       4096       4597   usbd_cdc_if.o
      1004         24          0          0       1576      17888   usbd_conf.o
      1004          0          0          0          0      14181   usbd_core.o
      2162         28          0          1          0      17824   usbd_ctlreq.o
       386        122          0         78        512       7025   usbd_desc.o
       174          0          0          0          0       4976   usbd_ioreq.o
        44          4          0          0          0       1756   user_lib.o

    ----------------------------------------------------------------------
     69676       3924       1592       2508      97816    2611522   Object Totals
         0          0         32          0          0          0   (incl. Generated)
        74          0          4         21       2561          0   (incl. Padding)

    ----------------------------------------------------------------------

      Code (inc. data)   RO Data    RW Data    ZI Data      Debug   Library Member Name

      2718         84         12         16          0       9922   ahrs.o
         0          0       2052          0          0       4636   arm_common_tables.o
       120         12          0          0          0      16970   arm_cos_f32.o
       116         12          0          0          0        658   arm_sin_f32.o
       300         42          0          0          0        176   asinf.o
       684         90          0          0          0        208   atan2f.o
       164         44          0          0          0        620   dunder.o
        44          0          0          0          0        248   fabs.o
       280         28          0          0          0        156   floor.o
        48          0          0          0          0        124   fpclassify.o
        38          0          0          0          0        116   fpclassifyf.o
        44         12          0          0          0        464   funder.o
       248          0          0          0          0        152   poly.o
      3152        296        136          0          0        352   pow.o
         0          0          8          0          0          0   qnan.o
       110          0          0          0          0        148   sqrt_full.o
       120          0          0          0          0        272   sqrtf_full.o
        86          0          0          0          0          0   __dczerorl2.o
         0          0          0          0          0          0   entry.o
         0          0          0          0          0          0   entry10a.o
         0          0          0          0          0          0   entry11a.o
         4          0          0          0          0          0   entry12b.o
         8          4          0          0          0          0   entry2.o
         4          0          0          0          0          0   entry5.o
         0          0          0          0          0          0   entry7b.o
         0          0          0          0          0          0   entry8b.o
         8          4          0          0          0          0   entry9a.o
        12          6          0          4          0         68   errno.o
        30          0          0          0          0          0   handlers.o
        36          8          0          0          0         68   init.o
         0          0          0          0          0          0   iusefp.o
        30          0          0          0          0         68   llshl.o
        36          0          0          0          0         68   llsshr.o
        32          0          0          0          0         68   llushr.o
       188         20          0          0          0        160   malloc.o
        36          0          0          0          0         68   memcpya.o
        36          0          0          0          0        108   memseta.o
         0          0          0          8          0          0   mvars.o
      2272         92          0          0          0        612   printfa.o
        20          0          0          0          0         68   strchr.o
        28          0          0          0          0         76   strcmp.o
        18          0          0          0          0         68   strcpy.o
        14          0          0          0          0         68   strlen.o
        30          0          0          0          0         80   strncmp.o
        12          0          0          0          0         68   tolower.o
        44          0          0          0          0         80   uidiv.o
        98          0          0          0          0         92   uldiv.o
        48          0          0          0          0         68   cdcmple.o
        48          0          0          0          0         68   cdrcmple.o
        56          0          0          0          0         88   d2f.o
       334          0          0          0          0        148   dadd.o
       222          0          0          0          0        100   ddiv.o
       186          0          0          0          0        176   depilogue.o
        62          0          0          0          0         80   dfixi.o
        50          0          0          0          0         76   dfixui.o
        48          0          0          0          0         68   dfixul.o
        34          0          0          0          0         76   dflti.o
        26          0          0          0          0         76   dfltui.o
       228          0          0          0          0         96   dmul.o
        46          0          0          0          0         80   dscalb.o
       162          0          0          0          0        100   dsqrt.o
        38          0          0          0          0         68   f2d.o
       110          0          0          0          0        168   fepilogue.o

    ----------------------------------------------------------------------
     12988        754       2208         28          0      38646   Library Totals
        22          0          0          0          0          0   (incl. Padding)

    ----------------------------------------------------------------------

      Code (inc. data)   RO Data    RW Data    ZI Data      Debug   Library Name

      2718         84         12         16          0       9922   AHRS.lib
       236         24       2052          0          0      22264   arm_cortexM4lf_math.lib
      5232        512        144          0          0       3036   m_wm.l
      3082        134          0         12          0       1888   mc_w.l
      1698          0          0          0          0       1536   mf_w.l

    ----------------------------------------------------------------------
     12988        754       2208         28          0      38646   Library Totals

    ----------------------------------------------------------------------

==============================================================================


      Code (inc. data)   RO Data    RW Data    ZI Data      Debug   

     82664       4678       3800       2536      97816    2593528   Grand Totals
     82664       4678       3800        640      97816    2593528   ELF Image Totals (compressed)
     82664       4678       3800        640          0          0   ROM Totals

==============================================================================

    Total RO  Size (Code + RO Data)                86464 (  84.44kB)
    Total RW  Size (RW Data + ZI Data)            100352 (  98.00kB)
    Total ROM Size (Code + RO Data + RW Data)      87104 (  85.06kB)

==============================================================================

