<html>
<body>
<pre>
<h1>�Vision Build Log</h1>
<h2>Tool Versions:</h2>
IDE-Version: µVision V5.41.0.0
Copyright (C) 2024 ARM Ltd and ARM Germany GmbH. All rights reserved.
License Information: 11 Windows, HP Inc., LIC=UJWP0-BTXX8-2ZWW4-FLS0P-Z7PGW-HIR2F
 
Tool Versions:
Toolchain:       MDK-ARM Plus  Version: 5.41.0.0
Toolchain Path:  E:\keil\ARM\compiler\Bin
C Compiler:      Armcc.exe V5.06 update 7 (build 960)
Assembler:       Armasm.exe V5.06 update 7 (build 960)
Linker/Locator:  ArmLink.exe V5.06 update 7 (build 960)
Library Manager: ArmAr.exe V5.06 update 7 (build 960)
Hex Converter:   FromElf.exe V5.06 update 7 (build 960)
CPU DLL:         SARMCM3.DLL V5.41.0.0
Dialog DLL:      DCM.DLL V1.17.5.0
Target DLL:      CMSIS_AGDI.dll V1.33.21.0
Dialog DLL:      TCM.DLL V1.56.4.0
 
<h2>Project:</h2>
C:\Users\13466\Desktop\速控\MDK-ARM\ins_task.uvprojx
Project File Date:  04/04/2025

<h2>Output:</h2>
*** Using Compiler 'V5.06 update 7 (build 960)', folder: 'E:\keil\ARM\compiler\Bin'
Build target 'ins_task'
compiling shoot_task.c...
..\application\cmd_ctr.h(79): warning:  #1295-D: Deprecated declaration flash_date_init - give arg types
  extern void flash_date_init();
..\application\cmd_ctr.h(81): warning:  #1295-D: Deprecated declaration wavedisplay - give arg types
  extern char wavedisplay();
..\application\cmd_ctr.h(85): warning:  #1295-D: Deprecated declaration imu_cail_behaviour - give arg types
  extern uint8_t imu_cail_behaviour();
..\application\shoot_task.h(129): warning:  #1295-D: Deprecated declaration positive_motion - give arg types
  void positive_motion();
..\application\shoot_task.h(130): warning:  #1295-D: Deprecated declaration negative_motion - give arg types
  void negative_motion();
..\application\shoot_task.c(33): warning:  #1295-D: Deprecated declaration shoot_mode - give arg types
  void shoot_mode();
..\application\shoot_task.c(67): warning:  #1295-D: Deprecated declaration shoot_zero1 - give arg types
  void shoot_zero1();
..\application\shoot_task.c(68): warning:  #1295-D: Deprecated declaration shoot_1 - give arg types
  void shoot_1();
..\application\shoot_task.c(69): warning:  #1295-D: Deprecated declaration shoot_behave - give arg types
  void shoot_behave();
..\application\shoot_task.c(70): warning:  #1295-D: Deprecated declaration shoot_2 - give arg types
  void shoot_2();
..\application\shoot_task.c(71): warning:  #1295-D: Deprecated declaration shoot_loop - give arg types
  void shoot_loop();
..\application\shoot_task.c(73): warning:  #1295-D: Deprecated declaration pid_math_speed - give arg types
  void pid_math_speed();
..\application\shoot_task.c(74): warning:  #1295-D: Deprecated declaration pid_math_double - give arg types
  void pid_math_double();
..\application\shoot_task.c(149): warning:  #177-D: variable "SHOOT2_filter"  was declared but never referenced
      const static fp32 SHOOT2_filter[1] = {0.0005};    //����������һ����������
..\application\shoot_task.c(150): warning:  #177-D: variable "SHOOT1_filter"  was declared but never referenced
      const static fp32 SHOOT1_filter[1] = {0.0005};  
..\application\shoot_task.c: 15 warnings, 0 errors
linking...
Program Size: Code=82664 RO-data=3800 RW-data=2536 ZI-data=97816  
FromELF: creating hex file...
"ins_task\ins_task.axf" - 0 Error(s), 15 Warning(s).

<h2>Software Packages used:</h2>

Package Vendor: ARM
                https://www.keil.com/pack/ARM.CMSIS.6.1.0.pack
                ARM::CMSIS@6.1.0
                CMSIS (Common Microcontroller Software Interface Standard)
   * Component: CORE Version: 6.1.0

Package Vendor: Keil
                https://www.keil.com/pack/Keil.STM32F4xx_DFP.3.0.0.pack
                Keil::STM32F4xx_DFP@3.0.0
                STMicroelectronics STM32F4 Series Device Support

<h2>Collection of Component include folders:</h2>
  ./RTE/_ins_task
  E:/keil/pack/ARM/CMSIS/6.1.0/CMSIS/Core/Include

<h2>Collection of Component Files used:</h2>

   * Component: ARM::CMSIS:CORE@6.1.0
Build Time Elapsed:  00:00:03
</pre>
</body>
</html>
