Component: ARM Compiler 5.06 update 7 (build 960) Tool: armlink [4d3601]

==============================================================================

Section Cross References

    startup_stm32f407xx.o(RESET) refers to startup_stm32f407xx.o(STACK) for __initial_sp
    startup_stm32f407xx.o(RESET) refers to startup_stm32f407xx.o(.text) for Reset_Handler
    startup_stm32f407xx.o(RESET) refers to stm32f4xx_it.o(i.NMI_Handler) for NMI_Handler
    startup_stm32f407xx.o(RESET) refers to stm32f4xx_it.o(i.HardFault_Handler) for HardFault_Handler
    startup_stm32f407xx.o(RESET) refers to stm32f4xx_it.o(i.MemManage_Handler) for MemManage_Handler
    startup_stm32f407xx.o(RESET) refers to stm32f4xx_it.o(i.BusFault_Handler) for BusFault_Handler
    startup_stm32f407xx.o(RESET) refers to stm32f4xx_it.o(i.UsageFault_Handler) for UsageFault_Handler
    startup_stm32f407xx.o(RESET) refers to port.o(.emb_text) for SVC_Handler
    startup_stm32f407xx.o(RESET) refers to stm32f4xx_it.o(i.DebugMon_Handler) for DebugMon_Handler
    startup_stm32f407xx.o(RESET) refers to port.o(i.SysTick_Handler) for SysTick_Handler
    startup_stm32f407xx.o(RESET) refers to stm32f4xx_it.o(i.EXTI0_IRQHandler) for EXTI0_IRQHandler
    startup_stm32f407xx.o(RESET) refers to stm32f4xx_it.o(i.EXTI3_IRQHandler) for EXTI3_IRQHandler
    startup_stm32f407xx.o(RESET) refers to stm32f4xx_it.o(i.EXTI4_IRQHandler) for EXTI4_IRQHandler
    startup_stm32f407xx.o(RESET) refers to stm32f4xx_it.o(i.DMA1_Stream1_IRQHandler) for DMA1_Stream1_IRQHandler
    startup_stm32f407xx.o(RESET) refers to stm32f4xx_it.o(i.CAN1_RX0_IRQHandler) for CAN1_RX0_IRQHandler
    startup_stm32f407xx.o(RESET) refers to stm32f4xx_it.o(i.EXTI9_5_IRQHandler) for EXTI9_5_IRQHandler
    startup_stm32f407xx.o(RESET) refers to remote_control.o(i.USART3_IRQHandler) for USART3_IRQHandler
    startup_stm32f407xx.o(RESET) refers to stm32f4xx_it.o(i.TIM8_TRG_COM_TIM14_IRQHandler) for TIM8_TRG_COM_TIM14_IRQHandler
    startup_stm32f407xx.o(RESET) refers to bsp_i2c.o(i.DMA1_Stream7_IRQHandler) for DMA1_Stream7_IRQHandler
    startup_stm32f407xx.o(RESET) refers to stm32f4xx_it.o(i.DMA2_Stream1_IRQHandler) for DMA2_Stream1_IRQHandler
    startup_stm32f407xx.o(RESET) refers to ins_task.o(i.DMA2_Stream2_IRQHandler) for DMA2_Stream2_IRQHandler
    startup_stm32f407xx.o(RESET) refers to stm32f4xx_it.o(i.CAN2_RX0_IRQHandler) for CAN2_RX0_IRQHandler
    startup_stm32f407xx.o(RESET) refers to stm32f4xx_it.o(i.OTG_FS_IRQHandler) for OTG_FS_IRQHandler
    startup_stm32f407xx.o(RESET) refers to stm32f4xx_it.o(i.DMA2_Stream5_IRQHandler) for DMA2_Stream5_IRQHandler
    startup_stm32f407xx.o(RESET) refers to stm32f4xx_it.o(i.DMA2_Stream6_IRQHandler) for DMA2_Stream6_IRQHandler
    startup_stm32f407xx.o(RESET) refers to stm32f4xx_it.o(i.DMA2_Stream7_IRQHandler) for DMA2_Stream7_IRQHandler
    startup_stm32f407xx.o(RESET) refers to stm32f4xx_it.o(i.USART6_IRQHandler) for USART6_IRQHandler
    startup_stm32f407xx.o(.text) refers to system_stm32f4xx.o(i.SystemInit) for SystemInit
    startup_stm32f407xx.o(.text) refers to entry.o(.ARM.Collect$$$$00000000) for __main
    main.o(i.HAL_TIM_PeriodElapsedCallback) refers to stm32f4xx_hal.o(i.HAL_IncTick) for HAL_IncTick
    main.o(i.SystemClock_Config) refers to memseta.o(.text) for __aeabi_memclr4
    main.o(i.SystemClock_Config) refers to stm32f4xx_hal_rcc.o(i.HAL_RCC_OscConfig) for HAL_RCC_OscConfig
    main.o(i.SystemClock_Config) refers to main.o(i.Error_Handler) for Error_Handler
    main.o(i.SystemClock_Config) refers to stm32f4xx_hal_rcc.o(i.HAL_RCC_ClockConfig) for HAL_RCC_ClockConfig
    main.o(i.main) refers to stm32f4xx_hal.o(i.HAL_Init) for HAL_Init
    main.o(i.main) refers to main.o(i.SystemClock_Config) for SystemClock_Config
    main.o(i.main) refers to gpio.o(i.MX_GPIO_Init) for MX_GPIO_Init
    main.o(i.main) refers to dma.o(i.MX_DMA_Init) for MX_DMA_Init
    main.o(i.main) refers to spi.o(i.MX_SPI1_Init) for MX_SPI1_Init
    main.o(i.main) refers to tim.o(i.MX_TIM5_Init) for MX_TIM5_Init
    main.o(i.main) refers to i2c.o(i.MX_I2C3_Init) for MX_I2C3_Init
    main.o(i.main) refers to tim.o(i.MX_TIM10_Init) for MX_TIM10_Init
    main.o(i.main) refers to can.o(i.MX_CAN1_Init) for MX_CAN1_Init
    main.o(i.main) refers to can.o(i.MX_CAN2_Init) for MX_CAN2_Init
    main.o(i.main) refers to usart.o(i.MX_USART1_UART_Init) for MX_USART1_UART_Init
    main.o(i.main) refers to usart.o(i.MX_USART3_UART_Init) for MX_USART3_UART_Init
    main.o(i.main) refers to usart.o(i.MX_USART6_UART_Init) for MX_USART6_UART_Init
    main.o(i.main) refers to i2c.o(i.MX_I2C1_Init) for MX_I2C1_Init
    main.o(i.main) refers to i2c.o(i.MX_I2C2_Init) for MX_I2C2_Init
    main.o(i.main) refers to crc.o(i.MX_CRC_Init) for MX_CRC_Init
    main.o(i.main) refers to tim.o(i.MX_TIM1_Init) for MX_TIM1_Init
    main.o(i.main) refers to bsp_delay.o(i.delay_init) for delay_init
    main.o(i.main) refers to bsp_can.o(i.can_filter_init) for can_filter_init
[...]
    0x08000b20   0x08000b20   0x00000024   Code   RO        11261    .text               mc_w.l(init.o)
    0x08000b44   0x08000b44   0x000000a2   Code   RO        11265    .text               mf_w.l(dsqrt.o)
    0x08000be6   0x08000be6   0x00000056   Code   RO        11275    .text               mc_w.l(__dczerorl2.o)
    0x08000c3c   0x08000c3c   0x00000004   Code   RO         3747    i.AHRS_asinf        ahrs_middleware.o
    0x08000c40   0x08000c40   0x00000004   Code   RO         3748    i.AHRS_atan2f       ahrs_middleware.o
    0x08000c44   0x08000c44   0x00000004   Code   RO         3749    i.AHRS_cosf         ahrs_middleware.o
    0x08000c48   0x08000c48   0x0000001a   Code   RO        10573    i.AHRS_fabs         AHRS.lib(ahrs.o)
    0x08000c62   0x08000c62   0x00000002   PAD
    0x08000c64   0x08000c64   0x00000014   Code   RO         3750    i.AHRS_get_height   ahrs_middleware.o
    0x08000c78   0x08000c78   0x0000000e   Code   RO         3751    i.AHRS_get_latitude  ahrs_middleware.o
    0x08000c86   0x08000c86   0x00000002   PAD
    0x08000c88   0x08000c88   0x0000029c   Code   RO        10574    i.AHRS_init         AHRS.lib(ahrs.o)
    0x08000f24   0x08000f24   0x00000014   Code   RO         3752    i.AHRS_invSqrt      ahrs_middleware.o
    0x08000f38   0x08000f38   0x00000004   Code   RO         3753    i.AHRS_sinf         ahrs_middleware.o
    0x08000f3c   0x08000f3c   0x0000013a   Code   RO        10575    i.AHRS_update       AHRS.lib(ahrs.o)
    0x08001076   0x08001076   0x00000002   PAD
    0x08001078   0x08001078   0x00000010   Code   RO         4589    i.BMI088_ACCEL_NS_H  bmi088middleware.o
    0x08001088   0x08001088   0x00000010   Code   RO         4590    i.BMI088_ACCEL_NS_L  bmi088middleware.o
    0x08001098   0x08001098   0x00000002   Code   RO         4591    i.BMI088_GPIO_init  bmi088middleware.o
    0x0800109a   0x0800109a   0x00000002   PAD
    0x0800109c   0x0800109c   0x00000010   Code   RO         4592    i.BMI088_GYRO_NS_H  bmi088middleware.o
    0x080010ac   0x080010ac   0x00000010   Code   RO         4593    i.BMI088_GYRO_NS_L  bmi088middleware.o
    0x080010bc   0x080010bc   0x00000088   Code   RO         4453    i.BMI088_accel_read_over  bmi088driver.o
    0x08001144   0x08001144   0x00000002   Code   RO         4594    i.BMI088_com_init   bmi088middleware.o
    0x08001146   0x08001146   0x00000004   Code   RO         4595    i.BMI088_delay_ms   bmi088middleware.o
    0x0800114a   0x0800114a   0x00000004   Code   RO         4596    i.BMI088_delay_us   bmi088middleware.o
    0x0800114e   0x0800114e   0x00000002   PAD
    0x08001150   0x08001150   0x00000060   Code   RO         4454    i.BMI088_gyro_read_over  bmi088driver.o
    0x080011b0   0x080011b0   0x0000002e   Code   RO         4455    i.BMI088_init       bmi088driver.o
    0x080011de   0x080011de   0x00000002   PAD
    0x080011e0   0x080011e0   0x0000015c   Code   RO         4456    i.BMI088_read       bmi088driver.o
    0x0800133c   0x0800133c   0x00000024   Code   RO         4459    i.BMI088_read_muli_reg  bmi088driver.o
    0x08001360   0x08001360   0x00000016   Code   RO         4460    i.BMI088_read_single_reg  bmi088driver.o
    0x08001376   0x08001376   0x00000002   PAD
    0x08001378   0x08001378   0x00000020   Code   RO         4597    i.BMI088_read_write_byte  bmi088middleware.o
    0x08001398   0x08001398   0x00000030   Code   RO         4461    i.BMI088_temperature_read_over  bmi088driver.o
    0x080013c8   0x080013c8   0x00000012   Code   RO         4462    i.BMI088_write_single_reg  bmi088driver.o
    0x080013da   0x080013da   0x00000002   Code   RO         1172    i.BusFault_Handler  stm32f4xx_it.o
    0x080013dc   0x080013dc   0x0000000c   Code   RO         1173    i.CAN1_RX0_IRQHandler  stm32f4xx_it.o
    0x080013e8   0x080013e8   0x0000000c   Code   RO         1174    i.CAN2_RX0_IRQHandler  stm32f4xx_it.o
    0x080013f4   0x080013f4   0x00000048   Code   RO         2665    i.CAN_cmd_chassis   can_receive.o
    0x0800143c   0x0800143c   0x00000048   Code   RO         2667    i.CAN_cmd_gimbal    can_receive.o
    0x08001484   0x08001484   0x00000048   Code   RO         2668    i.CAN_cmd_shoot     can_receive.o
    0x080014cc   0x080014cc   0x00000044   Code   RO         2669    i.CAN_cmd_supercap  can_receive.o
    0x08001510   0x08001510   0x00000008   Code   RO         1114    i.CDC_Control_FS    usbd_cdc_if.o
    0x08001518   0x08001518   0x00000004   Code   RO         1115    i.CDC_DeInit_FS     usbd_cdc_if.o
    0x0800151c   0x0800151c   0x00000024   Code   RO         1116    i.CDC_Init_FS       usbd_cdc_if.o
    0x08001540   0x08001540   0x00000074   Code   RO         1117    i.CDC_Receive_FS    usbd_cdc_if.o
    0x080015b4   0x080015b4   0x00000004   Code   RO         1118    i.CDC_TransmitCplt_FS  usbd_cdc_if.o
    0x080015b8   0x080015b8   0x0000002c   Code   RO         1119    i.CDC_Transmit_FS   usbd_cdc_if.o
    0x080015e4   0x080015e4   0x000000aa   Code   RO         1837    i.Char_Draw         client_ui.o
    0x0800168e   0x0800168e   0x00000002   PAD
    0x08001690   0x08001690   0x000000d0   Code   RO         1838    i.Char_ReFresh      client_ui.o
    0x08001760   0x08001760   0x0000006a   Code   RO         1839    i.Circle_Draw       client_ui.o
    0x080017ca   0x080017ca   0x00000002   PAD
    0x080017cc   0x080017cc   0x0000000c   Code   RO         1175    i.DMA1_Stream1_IRQHandler  stm32f4xx_it.o
    0x080017d8   0x080017d8   0x00000058   Code   RO         1650    i.DMA1_Stream7_IRQHandler  bsp_i2c.o
    0x08001830   0x08001830   0x0000000c   Code   RO         1176    i.DMA2_Stream1_IRQHandler  stm32f4xx_it.o
    0x0800183c   0x0800183c   0x000000a4   Code   RO         3036    i.DMA2_Stream2_IRQHandler  ins_task.o
    0x080018e0   0x080018e0   0x0000000c   Code   RO         1177    i.DMA2_Stream5_IRQHandler  stm32f4xx_it.o
    0x080018ec   0x080018ec   0x0000000c   Code   RO         1178    i.DMA2_Stream6_IRQHandler  stm32f4xx_it.o
    0x080018f8   0x080018f8   0x0000000c   Code   RO         1179    i.DMA2_Stream7_IRQHandler  stm32f4xx_it.o
    0x08001904   0x08001904   0x00000034   Code   RO         5852    i.DMA_CalcBaseAndBitshift  stm32f4xx_hal_dma.o
    0x08001938   0x08001938   0x0000007e   Code   RO         5853    i.DMA_CheckFifoParam  stm32f4xx_hal_dma.o
    0x080019b6   0x080019b6   0x00000038   Code   RO         5854    i.DMA_SetConfig     stm32f4xx_hal_dma.o
    0x080019ee   0x080019ee   0x00000002   Code   RO         1180    i.DebugMon_Handler  stm32f4xx_it.o
    0x080019f0   0x080019f0   0x00000006   Code   RO         1181    i.EXTI0_IRQHandler  stm32f4xx_it.o
    0x080019f6   0x080019f6   0x00000006   Code   RO         1182    i.EXTI3_IRQHandler  stm32f4xx_it.o
    0x080019fc   0x080019fc   0x00000006   Code   RO         1183    i.EXTI4_IRQHandler  stm32f4xx_it.o
    0x08001a02   0x08001a02   0x00000006   Code   RO         1184    i.EXTI9_5_IRQHandler  stm32f4xx_it.o
    0x08001a08   0x08001a08   0x00000002   Code   RO           13    i.Error_Handler     main.o
    0x08001a0a   0x08001a0a   0x00000002   PAD
    0x08001a0c   0x08001a0c   0x00000050   Code   RO         5622    i.FLASH_Erase_Sector  stm32f4xx_hal_flash_ex.o
    0x08001a5c   0x08001a5c   0x00000058   Code   RO         5623    i.FLASH_FlushCaches  stm32f4xx_hal_flash_ex.o
    0x08001ab4   0x08001ab4   0x00000028   Code   RO         5624    i.FLASH_MassErase   stm32f4xx_hal_flash_ex.o
    0x08001adc   0x08001adc   0x00000020   Code   RO         5504    i.FLASH_Program_Byte  stm32f4xx_hal_flash.o
    0x08001afc   0x08001afc   0x00000034   Code   RO         5505    i.FLASH_Program_DoubleWord  stm32f4xx_hal_flash.o
    0x08001b30   0x08001b30   0x00000024   Code   RO         5506    i.FLASH_Program_HalfWord  stm32f4xx_hal_flash.o
    0x08001b54   0x08001b54   0x00000024   Code   RO         5507    i.FLASH_Program_Word  stm32f4xx_hal_flash.o
    0x08001b78   0x08001b78   0x00000074   Code   RO         5508    i.FLASH_SetErrorCode  stm32f4xx_hal_flash.o
    0x08001bec   0x08001bec   0x00000060   Code   RO         5509    i.FLASH_WaitForLastOperation  stm32f4xx_hal_flash.o
    0x08001c4c   0x08001c4c   0x00000030   Code   RO         3281    i.Get_CRC16_Check_Sum_UI  referee.o
    0x08001c7c   0x08001c7c   0x0000001c   Code   RO         3282    i.Get_CRC8_Check_Sum_UI  referee.o
    0x08001c98   0x08001c98   0x00000038   Code   RO         1023    i.Get_SerialNum     usbd_desc.o
    0x08001cd0   0x08001cd0   0x00000024   Code   RO         6521    i.HAL_CAN_ActivateNotification  stm32f4xx_hal_can.o
    0x08001cf4   0x08001cf4   0x00000104   Code   RO         6522    i.HAL_CAN_AddTxMessage  stm32f4xx_hal_can.o
    0x08001df8   0x08001df8   0x00000128   Code   RO         6523    i.HAL_CAN_ConfigFilter  stm32f4xx_hal_can.o
    0x08001f20   0x08001f20   0x00000002   Code   RO         6526    i.HAL_CAN_ErrorCallback  stm32f4xx_hal_can.o
    0x08001f22   0x08001f22   0x0000016c   Code   RO         6529    i.HAL_CAN_GetRxMessage  stm32f4xx_hal_can.o
    0x0800208e   0x0800208e   0x00000234   Code   RO         6533    i.HAL_CAN_IRQHandler  stm32f4xx_hal_can.o
    0x080022c2   0x080022c2   0x00000168   Code   RO         6534    i.HAL_CAN_Init      stm32f4xx_hal_can.o
    0x0800242a   0x0800242a   0x00000002   PAD
    0x0800242c   0x0800242c   0x00000100   Code   RO          461    i.HAL_CAN_MspInit   can.o
    0x0800252c   0x0800252c   0x00000002   Code   RO         6541    i.HAL_CAN_RxFifo0FullCallback  stm32f4xx_hal_can.o
    0x0800252e   0x0800252e   0x00000002   PAD
    0x08002530   0x08002530   0x000002fc   Code   RO         2670    i.HAL_CAN_RxFifo0MsgPendingCallback  can_receive.o
    0x0800282c   0x0800282c   0x00000002   Code   RO         6543    i.HAL_CAN_RxFifo1FullCallback  stm32f4xx_hal_can.o
    0x0800282e   0x0800282e   0x00000002   Code   RO         6544    i.HAL_CAN_RxFifo1MsgPendingCallback  stm32f4xx_hal_can.o
    0x08002830   0x08002830   0x00000002   Code   RO         6545    i.HAL_CAN_SleepCallback  stm32f4xx_hal_can.o
    0x08002832   0x08002832   0x00000064   Code   RO         6546    i.HAL_CAN_Start     stm32f4xx_hal_can.o
    0x08002896   0x08002896   0x00000002   Code   RO         6548    i.HAL_CAN_TxMailbox0AbortCallback  stm32f4xx_hal_can.o
    0x08002898   0x08002898   0x00000002   Code   RO         6549    i.HAL_CAN_TxMailbox0CompleteCallback  stm32f4xx_hal_can.o
    0x0800289a   0x0800289a   0x00000002   Code   RO         6550    i.HAL_CAN_TxMailbox1AbortCallback  stm32f4xx_hal_can.o
    0x0800289c   0x0800289c   0x00000002   Code   RO         6551    i.HAL_CAN_TxMailbox1CompleteCallback  stm32f4xx_hal_can.o
    0x0800289e   0x0800289e   0x00000002   Code   RO         6552    i.HAL_CAN_TxMailbox2AbortCallback  stm32f4xx_hal_can.o
    0x080028a0   0x080028a0   0x00000002   Code   RO         6553    i.HAL_CAN_TxMailbox2CompleteCallback  stm32f4xx_hal_can.o
    0x080028a2   0x080028a2   0x00000002   Code   RO         6555    i.HAL_CAN_WakeUpFromRxMsgCallback  stm32f4xx_hal_can.o
    0x080028a4   0x080028a4   0x00000024   Code   RO         6758    i.HAL_CRC_Init      stm32f4xx_hal_crc.o
    0x080028c8   0x080028c8   0x00000028   Code   RO          510    i.HAL_CRC_MspInit   crc.o
    0x080028f0   0x080028f0   0x000000a2   Code   RO         5855    i.HAL_DMA_Abort     stm32f4xx_hal_dma.o
    0x08002992   0x08002992   0x00000024   Code   RO         5856    i.HAL_DMA_Abort_IT  stm32f4xx_hal_dma.o
    0x080029b6   0x080029b6   0x00000002   PAD
    0x080029b8   0x080029b8   0x000001ec   Code   RO         5860    i.HAL_DMA_IRQHandler  stm32f4xx_hal_dma.o
    0x08002ba4   0x08002ba4   0x000000ec   Code   RO         5861    i.HAL_DMA_Init      stm32f4xx_hal_dma.o
    0x08002c90   0x08002c90   0x00000070   Code   RO         5865    i.HAL_DMA_Start_IT  stm32f4xx_hal_dma.o
    0x08002d00   0x08002d00   0x00000028   Code   RO         6269    i.HAL_Delay         stm32f4xx_hal.o
    0x08002d28   0x08002d28   0x000000ac   Code   RO         5634    i.HAL_FLASHEx_Erase  stm32f4xx_hal_flash_ex.o
    0x08002dd4   0x08002dd4   0x00000014   Code   RO         5513    i.HAL_FLASH_Lock    stm32f4xx_hal_flash.o
    0x08002de8   0x08002de8   0x00000080   Code   RO         5518    i.HAL_FLASH_Program  stm32f4xx_hal_flash.o
    0x08002e68   0x08002e68   0x00000034   Code   RO         5520    i.HAL_FLASH_Unlock  stm32f4xx_hal_flash.o
    0x08002e9c   0x08002e9c   0x00000084   Code   RO         3037    i.HAL_GPIO_EXTI_Callback  ins_task.o
    0x08002f20   0x08002f20   0x00000018   Code   RO         5747    i.HAL_GPIO_EXTI_IRQHandler  stm32f4xx_hal_gpio.o
    0x08002f38   0x08002f38   0x00000230   Code   RO         5748    i.HAL_GPIO_Init     stm32f4xx_hal_gpio.o
    0x08003168   0x08003168   0x0000000e   Code   RO         5752    i.HAL_GPIO_WritePin  stm32f4xx_hal_gpio.o
    0x08003176   0x08003176   0x00000002   PAD
    0x08003178   0x08003178   0x0000000c   Code   RO         6275    i.HAL_GetTick       stm32f4xx_hal.o
    0x08003184   0x08003184   0x000001ac   Code   RO         6825    i.HAL_I2C_Init      stm32f4xx_hal_i2c.o
    0x08003330   0x08003330   0x000002c0   Code   RO         6843    i.HAL_I2C_Mem_Read  stm32f4xx_hal_i2c.o
    0x080035f0   0x080035f0   0x00000174   Code   RO         6846    i.HAL_I2C_Mem_Write  stm32f4xx_hal_i2c.o
    0x08003764   0x08003764   0x00000178   Code   RO          576    i.HAL_I2C_MspInit   i2c.o
    0x080038dc   0x080038dc   0x00000010   Code   RO         6281    i.HAL_IncTick       stm32f4xx_hal.o
    0x080038ec   0x080038ec   0x00000034   Code   RO         6282    i.HAL_Init          stm32f4xx_hal.o
    0x08003920   0x08003920   0x00000074   Code   RO         1338    i.HAL_InitTick      stm32f4xx_hal_timebase_tim.o
    0x08003994   0x08003994   0x00000038   Code   RO         1314    i.HAL_MspInit       stm32f4xx_hal_msp.o
    0x080039cc   0x080039cc   0x0000001c   Code   RO         6137    i.HAL_NVIC_EnableIRQ  stm32f4xx_hal_cortex.o
    0x080039e8   0x080039e8   0x00000068   Code   RO         6143    i.HAL_NVIC_SetPriority  stm32f4xx_hal_cortex.o
    0x08003a50   0x08003a50   0x00000024   Code   RO         6144    i.HAL_NVIC_SetPriorityGrouping  stm32f4xx_hal_cortex.o
    0x08003a74   0x08003a74   0x00000002   Code   RO         5002    i.HAL_PCDEx_LPM_Callback  stm32f4xx_hal_pcd_ex.o
    0x08003a76   0x08003a76   0x00000008   Code   RO         5003    i.HAL_PCDEx_SetRxFiFo  stm32f4xx_hal_pcd_ex.o
    0x08003a7e   0x08003a7e   0x0000004a   Code   RO         5004    i.HAL_PCDEx_SetTxFiFo  stm32f4xx_hal_pcd_ex.o
    0x08003ac8   0x08003ac8   0x00000008   Code   RO          816    i.HAL_PCD_ConnectCallback  usbd_conf.o
    0x08003ad0   0x08003ad0   0x00000012   Code   RO          817    i.HAL_PCD_DataInStageCallback  usbd_conf.o
    0x08003ae2   0x08003ae2   0x00000014   Code   RO          818    i.HAL_PCD_DataOutStageCallback  usbd_conf.o
    0x08003af6   0x08003af6   0x00000008   Code   RO          819    i.HAL_PCD_DisconnectCallback  usbd_conf.o
    0x08003afe   0x08003afe   0x0000004a   Code   RO         4779    i.HAL_PCD_EP_Close  stm32f4xx_hal_pcd.o
    0x08003b48   0x08003b48   0x0000005c   Code   RO         4780    i.HAL_PCD_EP_ClrStall  stm32f4xx_hal_pcd.o
    0x08003ba4   0x08003ba4   0x00000012   Code   RO         4782    i.HAL_PCD_EP_GetRxCount  stm32f4xx_hal_pcd.o
    0x08003bb6   0x08003bb6   0x0000005c   Code   RO         4783    i.HAL_PCD_EP_Open   stm32f4xx_hal_pcd.o
    0x08003c12   0x08003c12   0x00000046   Code   RO         4784    i.HAL_PCD_EP_Receive  stm32f4xx_hal_pcd.o
    0x08003c58   0x08003c58   0x00000074   Code   RO         4785    i.HAL_PCD_EP_SetStall  stm32f4xx_hal_pcd.o
    0x08003ccc   0x08003ccc   0x00000046   Code   RO         4786    i.HAL_PCD_EP_Transmit  stm32f4xx_hal_pcd.o
    0x08003d12   0x08003d12   0x00000436   Code   RO         4788    i.HAL_PCD_IRQHandler  stm32f4xx_hal_pcd.o
    0x08004148   0x08004148   0x00000008   Code   RO          820    i.HAL_PCD_ISOINIncompleteCallback  usbd_conf.o
    0x08004150   0x08004150   0x00000008   Code   RO          821    i.HAL_PCD_ISOOUTIncompleteCallback  usbd_conf.o
    0x08004158   0x08004158   0x00000140   Code   RO         4791    i.HAL_PCD_Init      stm32f4xx_hal_pcd.o
    0x08004298   0x08004298   0x00000084   Code   RO          823    i.HAL_PCD_MspInit   usbd_conf.o
    0x0800431c   0x0800431c   0x0000002e   Code   RO          824    i.HAL_PCD_ResetCallback  usbd_conf.o
    0x0800434a   0x0800434a   0x00000008   Code   RO          825    i.HAL_PCD_ResumeCallback  usbd_conf.o
    0x08004352   0x08004352   0x00000008   Code   RO          826    i.HAL_PCD_SOFCallback  usbd_conf.o
    0x0800435a   0x0800435a   0x00000028   Code   RO         4797    i.HAL_PCD_SetAddress  stm32f4xx_hal_pcd.o
    0x08004382   0x08004382   0x0000000e   Code   RO          827    i.HAL_PCD_SetupStageCallback  usbd_conf.o
    0x08004390   0x08004390   0x00000042   Code   RO         4799    i.HAL_PCD_Start     stm32f4xx_hal_pcd.o
    0x080043d2   0x080043d2   0x00000002   PAD
    0x080043d4   0x080043d4   0x00000030   Code   RO          828    i.HAL_PCD_SuspendCallback  usbd_conf.o
    0x08004404   0x08004404   0x0000017c   Code   RO         5349    i.HAL_RCC_ClockConfig  stm32f4xx_hal_rcc.o
    0x08004580   0x08004580   0x0000003c   Code   RO         5353    i.HAL_RCC_GetClockConfig  stm32f4xx_hal_rcc.o
    0x080045bc   0x080045bc   0x0000000c   Code   RO         5354    i.HAL_RCC_GetHCLKFreq  stm32f4xx_hal_rcc.o
    0x080045c8   0x080045c8   0x00000020   Code   RO         5356    i.HAL_RCC_GetPCLK1Freq  stm32f4xx_hal_rcc.o
    0x080045e8   0x080045e8   0x00000020   Code   RO         5357    i.HAL_RCC_GetPCLK2Freq  stm32f4xx_hal_rcc.o
    0x08004608   0x08004608   0x00000070   Code   RO         5358    i.HAL_RCC_GetSysClockFreq  stm32f4xx_hal_rcc.o
    0x08004678   0x08004678   0x00000482   Code   RO         5361    i.HAL_RCC_OscConfig  stm32f4xx_hal_rcc.o
    0x08004afa   0x08004afa   0x000000be   Code   RO         7315    i.HAL_SPI_Init      stm32f4xx_hal_spi.o
    0x08004bb8   0x08004bb8   0x00000110   Code   RO          630    i.HAL_SPI_MspInit   spi.o
    0x08004cc8   0x08004cc8   0x000001f8   Code   RO         7324    i.HAL_SPI_TransmitReceive  stm32f4xx_hal_spi.o
    0x08004ec0   0x08004ec0   0x00000002   Code   RO         8343    i.HAL_TIMEx_BreakCallback  stm32f4xx_hal_tim_ex.o
    0x08004ec2   0x08004ec2   0x00000002   Code   RO         8344    i.HAL_TIMEx_CommutCallback  stm32f4xx_hal_tim_ex.o
    0x08004ec4   0x08004ec4   0x00000066   Code   RO         8346    i.HAL_TIMEx_ConfigBreakDeadTime  stm32f4xx_hal_tim_ex.o
    0x08004f2a   0x08004f2a   0x0000009a   Code   RO         8362    i.HAL_TIMEx_MasterConfigSynchronization  stm32f4xx_hal_tim_ex.o
    0x08004fc4   0x08004fc4   0x0000005c   Code   RO         7628    i.HAL_TIM_Base_Init  stm32f4xx_hal_tim.o
    0x08005020   0x08005020   0x00000064   Code   RO          672    i.HAL_TIM_Base_MspInit  tim.o
    0x08005084   0x08005084   0x00000080   Code   RO         7631    i.HAL_TIM_Base_Start  stm32f4xx_hal_tim.o
    0x08005104   0x08005104   0x0000008a   Code   RO         7633    i.HAL_TIM_Base_Start_IT  stm32f4xx_hal_tim.o
    0x0800518e   0x0800518e   0x000000e4   Code   RO         7637    i.HAL_TIM_ConfigClockSource  stm32f4xx_hal_tim.o
    0x08005272   0x08005272   0x00000002   Code   RO         7662    i.HAL_TIM_IC_CaptureCallback  stm32f4xx_hal_tim.o
    0x08005274   0x08005274   0x00000174   Code   RO         7676    i.HAL_TIM_IRQHandler  stm32f4xx_hal_tim.o
    0x080053e8   0x080053e8   0x0000010c   Code   RO          673    i.HAL_TIM_MspPostInit  tim.o
    0x080054f4   0x080054f4   0x00000002   Code   RO         7679    i.HAL_TIM_OC_DelayElapsedCallback  stm32f4xx_hal_tim.o
    0x080054f6   0x080054f6   0x000000d2   Code   RO         7700    i.HAL_TIM_PWM_ConfigChannel  stm32f4xx_hal_tim.o
    0x080055c8   0x080055c8   0x0000005c   Code   RO         7703    i.HAL_TIM_PWM_Init  stm32f4xx_hal_tim.o
    0x08005624   0x08005624   0x00000002   Code   RO         7705    i.HAL_TIM_PWM_MspInit  stm32f4xx_hal_tim.o
    0x08005626   0x08005626   0x00000002   Code   RO         7706    i.HAL_TIM_PWM_PulseFinishedCallback  stm32f4xx_hal_tim.o
    0x08005628   0x08005628   0x000000dc   Code   RO         7708    i.HAL_TIM_PWM_Start  stm32f4xx_hal_tim.o
    0x08005704   0x08005704   0x00000014   Code   RO           14    i.HAL_TIM_PeriodElapsedCallback  main.o
    0x08005718   0x08005718   0x00000002   Code   RO         7719    i.HAL_TIM_TriggerCallback  stm32f4xx_hal_tim.o
    0x0800571a   0x0800571a   0x00000002   Code   RO         8621    i.HAL_UARTEx_RxEventCallback  stm32f4xx_hal_uart.o
    0x0800571c   0x0800571c   0x00000002   Code   RO         8635    i.HAL_UART_ErrorCallback  stm32f4xx_hal_uart.o
    0x0800571e   0x0800571e   0x00000002   PAD
    0x08005720   0x08005720   0x00000200   Code   RO         8638    i.HAL_UART_IRQHandler  stm32f4xx_hal_uart.o
    0x08005920   0x08005920   0x00000064   Code   RO         8639    i.HAL_UART_Init     stm32f4xx_hal_uart.o
    0x08005984   0x08005984   0x000002b0   Code   RO          732    i.HAL_UART_MspInit  usart.o
    0x08005c34   0x08005c34   0x0000002e   Code   RO         8643    i.HAL_UART_Receive_DMA  stm32f4xx_hal_uart.o
    0x08005c62   0x08005c62   0x00000002   Code   RO         8645    i.HAL_UART_RxCpltCallback  stm32f4xx_hal_uart.o
    0x08005c64   0x08005c64   0x00000002   Code   RO         8646    i.HAL_UART_RxHalfCpltCallback  stm32f4xx_hal_uart.o
    0x08005c66   0x08005c66   0x00000002   PAD
    0x08005c68   0x08005c68   0x00000098   Code   RO         8648    i.HAL_UART_Transmit_DMA  stm32f4xx_hal_uart.o
    0x08005d00   0x08005d00   0x00000002   Code   RO         8650    i.HAL_UART_TxCpltCallback  stm32f4xx_hal_uart.o
    0x08005d02   0x08005d02   0x00000002   Code   RO         8651    i.HAL_UART_TxHalfCpltCallback  stm32f4xx_hal_uart.o
    0x08005d04   0x08005d04   0x00000002   Code   RO         1185    i.HardFault_Handler  stm32f4xx_it.o
    0x08005d06   0x08005d06   0x00000032   Code   RO         6868    i.I2C_IsAcknowledgeFailed  stm32f4xx_hal_i2c.o
    0x08005d38   0x08005d38   0x00000154   Code   RO         6879    i.I2C_RequestMemoryRead  stm32f4xx_hal_i2c.o
    0x08005e8c   0x08005e8c   0x000000d0   Code   RO         6880    i.I2C_RequestMemoryWrite  stm32f4xx_hal_i2c.o
    0x08005f5c   0x08005f5c   0x0000005c   Code   RO         6888    i.I2C_WaitOnBTFFlagUntilTimeout  stm32f4xx_hal_i2c.o
    0x08005fb8   0x08005fb8   0x000000b4   Code   RO         6889    i.I2C_WaitOnFlagUntilTimeout  stm32f4xx_hal_i2c.o
    0x0800606c   0x0800606c   0x000000ce   Code   RO         6890    i.I2C_WaitOnMasterAddressFlagUntilTimeout  stm32f4xx_hal_i2c.o
    0x0800613a   0x0800613a   0x0000007c   Code   RO         6891    i.I2C_WaitOnRXNEFlagUntilTimeout  stm32f4xx_hal_i2c.o
    0x080061b6   0x080061b6   0x0000005c   Code   RO         6894    i.I2C_WaitOnTXEFlagUntilTimeout  stm32f4xx_hal_i2c.o
    0x08006212   0x08006212   0x00000002   PAD
    0x08006214   0x08006214   0x00000064   Code   RO         3038    i.INS_cali_gyro     ins_task.o
    0x08006278   0x08006278   0x00000030   Code   RO         3039    i.INS_set_cali_gyro  ins_task.o
    0x080062a8   0x080062a8   0x000002fc   Code   RO         3040    i.INS_task          ins_task.o
    0x080065a4   0x080065a4   0x0000003a   Code   RO         1024    i.IntToUnicode      usbd_desc.o
    0x080065de   0x080065de   0x0000005a   Code   RO         2902    i.KalmanFilter      kalman.o
    0x08006638   0x08006638   0x00000070   Code   RO         1843    i.Line_Draw         client_ui.o
    0x080066a8   0x080066a8   0x00000044   Code   RO          462    i.MX_CAN1_Init      can.o
    0x080066ec   0x080066ec   0x00000044   Code   RO          463    i.MX_CAN2_Init      can.o
    0x08006730   0x08006730   0x00000024   Code   RO          511    i.MX_CRC_Init       crc.o
    0x08006754   0x08006754   0x000000ac   Code   RO          551    i.MX_DMA_Init       dma.o
    0x08006800   0x08006800   0x000000c0   Code   RO          333    i.MX_FREERTOS_Init  freertos.o
    0x080068c0   0x080068c0   0x00000194   Code   RO          309    i.MX_GPIO_Init      gpio.o
    0x08006a54   0x08006a54   0x00000040   Code   RO          577    i.MX_I2C1_Init      i2c.o
    0x08006a94   0x08006a94   0x00000040   Code   RO          578    i.MX_I2C2_Init      i2c.o
    0x08006ad4   0x08006ad4   0x00000040   Code   RO          579    i.MX_I2C3_Init      i2c.o
    0x08006b14   0x08006b14   0x00000048   Code   RO          631    i.MX_SPI1_Init      spi.o
    0x08006b5c   0x08006b5c   0x00000064   Code   RO          674    i.MX_TIM10_Init     tim.o
    0x08006bc0   0x08006bc0   0x000000fc   Code   RO          675    i.MX_TIM1_Init      tim.o
    0x08006cbc   0x08006cbc   0x000000b8   Code   RO          676    i.MX_TIM5_Init      tim.o
    0x08006d74   0x08006d74   0x00000038   Code   RO          733    i.MX_USART1_UART_Init  usart.o
    0x08006dac   0x08006dac   0x00000040   Code   RO          734    i.MX_USART3_UART_Init  usart.o
    0x08006dec   0x08006dec   0x00000038   Code   RO          735    i.MX_USART6_UART_Init  usart.o
    0x08006e24   0x08006e24   0x00000054   Code   RO          785    i.MX_USB_DEVICE_Init  usb_device.o
    0x08006e78   0x08006e78   0x00000002   Code   RO         1186    i.MemManage_Handler  stm32f4xx_it.o
    0x08006e7a   0x08006e7a   0x00000002   PAD
    0x08006e7c   0x08006e7c   0x0000011c   Code   RO         2933    i.Motor_Angle_Cal   motor_angle_pid.o
    0x08006f98   0x08006f98   0x00000002   Code   RO         1187    i.NMI_Handler       stm32f4xx_it.o
    0x08006f9a   0x08006f9a   0x00000002   PAD
    0x08006f9c   0x08006f9c   0x0000000c   Code   RO         1188    i.OTG_FS_IRQHandler  stm32f4xx_it.o
    0x08006fa8   0x08006fa8   0x00000048   Code   RO         4803    i.PCD_EP_OutSetupPacket_int  stm32f4xx_hal_pcd.o
    0x08006ff0   0x08006ff0   0x000000ec   Code   RO         4804    i.PCD_EP_OutXfrComplete_int  stm32f4xx_hal_pcd.o
    0x080070dc   0x080070dc   0x000000a2   Code   RO         4805    i.PCD_WriteEmptyTxFifo  stm32f4xx_hal_pcd.o
    0x0800717e   0x0800717e   0x00000002   PAD
    0x08007180   0x08007180   0x00000160   Code   RO         3953    i.PID_calc          pid.o
    0x080072e0   0x080072e0   0x0000005c   Code   RO         3955    i.PID_init          pid.o
    0x0800733c   0x0800733c   0x0000006c   Code   RO         1720    i.RC_Init           bsp_rc.o
    0x080073a8   0x080073a8   0x0000003c   Code   RO         1721    i.RC_restart        bsp_rc.o
    0x080073e4   0x080073e4   0x00000014   Code   RO         1722    i.RC_unable         bsp_rc.o
    0x080073f8   0x080073f8   0x0000184c   Code   RO         1591    i.SPI1_DMA_enable   bsp_spi.o
    0x08008c44   0x08008c44   0x0000010c   Code   RO         1592    i.SPI1_DMA_init     bsp_spi.o
    0x08008d50   0x08008d50   0x00000064   Code   RO         7353    i.SPI_EndRxTxTransaction  stm32f4xx_hal_spi.o
    0x08008db4   0x08008db4   0x000000d8   Code   RO         7358    i.SPI_WaitFlagStateUntilTimeout  stm32f4xx_hal_spi.o
    0x08008e8c   0x08008e8c   0x000000a0   Code   RO         3906    i.STMFLASH_GetFlashSector  stm32_flash.o
    0x08008f2c   0x08008f2c   0x0000001c   Code   RO         3907    i.STMFLASH_Read     stm32_flash.o
    0x08008f48   0x08008f48   0x00000004   Code   RO         3908    i.STMFLASH_ReadWord  stm32_flash.o
    0x08008f4c   0x08008f4c   0x000000a4   Code   RO         3909    i.STMFLASH_Write    stm32_flash.o
    0x08008ff0   0x08008ff0   0x0000000a   Code   RO         2143    i.SWAPBYTE          usbd_ctlreq.o
    0x08008ffa   0x08008ffa   0x00000002   PAD
    0x08008ffc   0x08008ffc   0x0000002c   Code   RO        10420    i.SysTick_Handler   port.o
    0x08009028   0x08009028   0x00000094   Code   RO           15    i.SystemClock_Config  main.o
    0x080090bc   0x080090bc   0x00000054   Code   RO         1378    i.SystemInit        system_stm32f4xx.o
    0x08009110   0x08009110   0x0000000c   Code   RO         1189    i.TIM8_TRG_COM_TIM14_IRQHandler  stm32f4xx_it.o
    0x0800911c   0x0800911c   0x000000cc   Code   RO         7721    i.TIM_Base_SetConfig  stm32f4xx_hal_tim.o
    0x080091e8   0x080091e8   0x0000001e   Code   RO         7722    i.TIM_CCxChannelCmd  stm32f4xx_hal_tim.o
    0x08009206   0x08009206   0x00000016   Code   RO         7732    i.TIM_ETR_SetConfig  stm32f4xx_hal_tim.o
    0x0800921c   0x0800921c   0x00000010   Code   RO         7733    i.TIM_ITRx_SetConfig  stm32f4xx_hal_tim.o
    0x0800922c   0x0800922c   0x00000070   Code   RO         7734    i.TIM_OC1_SetConfig  stm32f4xx_hal_tim.o
    0x0800929c   0x0800929c   0x00000078   Code   RO         7735    i.TIM_OC2_SetConfig  stm32f4xx_hal_tim.o
    0x08009314   0x08009314   0x00000078   Code   RO         7736    i.TIM_OC3_SetConfig  stm32f4xx_hal_tim.o
    0x0800938c   0x0800938c   0x00000058   Code   RO         7737    i.TIM_OC4_SetConfig  stm32f4xx_hal_tim.o
    0x080093e4   0x080093e4   0x00000026   Code   RO         7739    i.TIM_TI1_ConfigInputStage  stm32f4xx_hal_tim.o
    0x0800940a   0x0800940a   0x00000024   Code   RO         7741    i.TIM_TI2_ConfigInputStage  stm32f4xx_hal_tim.o
    0x0800942e   0x0800942e   0x00000010   Code   RO         8652    i.UART_DMAAbortOnError  stm32f4xx_hal_uart.o
    0x0800943e   0x0800943e   0x0000004a   Code   RO         8653    i.UART_DMAError     stm32f4xx_hal_uart.o
    0x08009488   0x08009488   0x0000005c   Code   RO         8654    i.UART_DMAReceiveCplt  stm32f4xx_hal_uart.o
    0x080094e4   0x080094e4   0x0000001a   Code   RO         8656    i.UART_DMARxHalfCplt  stm32f4xx_hal_uart.o
    0x080094fe   0x080094fe   0x00000030   Code   RO         8658    i.UART_DMATransmitCplt  stm32f4xx_hal_uart.o
    0x0800952e   0x0800952e   0x0000000a   Code   RO         8660    i.UART_DMATxHalfCplt  stm32f4xx_hal_uart.o
    0x08009538   0x08009538   0x00000030   Code   RO         8662    i.UART_EndRxTransfer  stm32f4xx_hal_uart.o
    0x08009568   0x08009568   0x0000001a   Code   RO         8663    i.UART_EndTransmit_IT  stm32f4xx_hal_uart.o
    0x08009582   0x08009582   0x00000012   Code   RO         8664    i.UART_EndTxTransfer  stm32f4xx_hal_uart.o
    0x08009594   0x08009594   0x000000b2   Code   RO         8665    i.UART_Receive_IT   stm32f4xx_hal_uart.o
    0x08009646   0x08009646   0x00000002   PAD
    0x08009648   0x08009648   0x000000fc   Code   RO         8666    i.UART_SetConfig    stm32f4xx_hal_uart.o
    0x08009744   0x08009744   0x00000074   Code   RO         8667    i.UART_Start_Receive_DMA  stm32f4xx_hal_uart.o
    0x080097b8   0x080097b8   0x0000005e   Code   RO         8669    i.UART_Transmit_IT  stm32f4xx_hal_uart.o
    0x08009816   0x08009816   0x00000002   PAD
    0x08009818   0x08009818   0x000000c4   Code   RO         1847    i.UI_Delete         client_ui.o
    0x080098dc   0x080098dc   0x00000110   Code   RO         1848    i.UI_ReFresh        client_ui.o
    0x080099ec   0x080099ec   0x000000c0   Code   RO         2960    i.USART3_IRQHandler  remote_control.o
    0x08009aac   0x08009aac   0x00000050   Code   RO         1190    i.USART6_IRQHandler  stm32f4xx_it.o
    0x08009afc   0x08009afc   0x00000064   Code   RO         2306    i.USBD_CDC_DataIn   usbd_cdc.o
    0x08009b60   0x08009b60   0x0000002e   Code   RO         2307    i.USBD_CDC_DataOut  usbd_cdc.o
    0x08009b8e   0x08009b8e   0x00000048   Code   RO         2308    i.USBD_CDC_DeInit   usbd_cdc.o
    0x08009bd6   0x08009bd6   0x00000030   Code   RO         2309    i.USBD_CDC_EP0_RxReady  usbd_cdc.o
    0x08009c06   0x08009c06   0x00000002   PAD
    0x08009c08   0x08009c08   0x0000000c   Code   RO         2310    i.USBD_CDC_GetDeviceQualifierDescriptor  usbd_cdc.o
    0x08009c14   0x08009c14   0x0000000c   Code   RO         2311    i.USBD_CDC_GetFSCfgDesc  usbd_cdc.o
    0x08009c20   0x08009c20   0x0000000c   Code   RO         2312    i.USBD_CDC_GetHSCfgDesc  usbd_cdc.o
    0x08009c2c   0x08009c2c   0x0000000c   Code   RO         2313    i.USBD_CDC_GetOtherSpeedCfgDesc  usbd_cdc.o
    0x08009c38   0x08009c38   0x000000c2   Code   RO         2314    i.USBD_CDC_Init     usbd_cdc.o
    0x08009cfa   0x08009cfa   0x00000032   Code   RO         2315    i.USBD_CDC_ReceivePacket  usbd_cdc.o
    0x08009d2c   0x08009d2c   0x00000010   Code   RO         2316    i.USBD_CDC_RegisterInterface  usbd_cdc.o
    0x08009d3c   0x08009d3c   0x00000014   Code   RO         2317    i.USBD_CDC_SetRxBuffer  usbd_cdc.o
    0x08009d50   0x08009d50   0x00000018   Code   RO         2318    i.USBD_CDC_SetTxBuffer  usbd_cdc.o
    0x08009d68   0x08009d68   0x000000f6   Code   RO         2319    i.USBD_CDC_Setup    usbd_cdc.o
    0x08009e5e   0x08009e5e   0x00000034   Code   RO         2320    i.USBD_CDC_TransmitPacket  usbd_cdc.o
    0x08009e92   0x08009e92   0x00000012   Code   RO         2005    i.USBD_ClrClassConfig  usbd_core.o
    0x08009ea4   0x08009ea4   0x00000026   Code   RO         2144    i.USBD_ClrFeature   usbd_ctlreq.o
    0x08009eca   0x08009eca   0x00000010   Code   RO         2246    i.USBD_CtlContinueRx  usbd_ioreq.o
    0x08009eda   0x08009eda   0x00000010   Code   RO         2247    i.USBD_CtlContinueSendData  usbd_ioreq.o
    0x08009eea   0x08009eea   0x00000018   Code   RO         2145    i.USBD_CtlError     usbd_ctlreq.o
    0x08009f02   0x08009f02   0x0000001e   Code   RO         2248    i.USBD_CtlPrepareRx  usbd_ioreq.o
    0x08009f20   0x08009f20   0x00000016   Code   RO         2249    i.USBD_CtlReceiveStatus  usbd_ioreq.o
    0x08009f36   0x08009f36   0x0000001a   Code   RO         2250    i.USBD_CtlSendData  usbd_ioreq.o
    0x08009f50   0x08009f50   0x00000016   Code   RO         2251    i.USBD_CtlSendStatus  usbd_ioreq.o
    0x08009f66   0x08009f66   0x00000002   PAD
    0x08009f68   0x08009f68   0x00000030   Code   RO         1025    i.USBD_FS_ConfigStrDescriptor  usbd_desc.o
    0x08009f98   0x08009f98   0x0000000c   Code   RO         1026    i.USBD_FS_DeviceDescriptor  usbd_desc.o
    0x08009fa4   0x08009fa4   0x00000034   Code   RO         1027    i.USBD_FS_InterfaceStrDescriptor  usbd_desc.o
    0x08009fd8   0x08009fd8   0x0000000c   Code   RO         1028    i.USBD_FS_LangIDStrDescriptor  usbd_desc.o
    0x08009fe4   0x08009fe4   0x00000028   Code   RO         1029    i.USBD_FS_ManufacturerStrDescriptor  usbd_desc.o
    0x0800a00c   0x0800a00c   0x0000003c   Code   RO         1030    i.USBD_FS_ProductStrDescriptor  usbd_desc.o
    0x0800a048   0x0800a048   0x00000014   Code   RO         1031    i.USBD_FS_SerialStrDescriptor  usbd_desc.o
    0x0800a05c   0x0800a05c   0x0000003a   Code   RO         2146    i.USBD_GetConfig    usbd_ctlreq.o
    0x0800a096   0x0800a096   0x000001b0   Code   RO         2147    i.USBD_GetDescriptor  usbd_ctlreq.o
    0x0800a246   0x0800a246   0x00000014   Code   RO         2148    i.USBD_GetLen       usbd_ctlreq.o
    0x0800a25a   0x0800a25a   0x0000003c   Code   RO         2149    i.USBD_GetStatus    usbd_ctlreq.o
    0x0800a296   0x0800a296   0x0000003e   Code   RO         2150    i.USBD_GetString    usbd_ctlreq.o
    0x0800a2d4   0x0800a2d4   0x00000024   Code   RO          829    i.USBD_Get_USB_Status  usbd_conf.o
    0x0800a2f8   0x0800a2f8   0x00000028   Code   RO         2007    i.USBD_Init         usbd_core.o
    0x0800a320   0x0800a320   0x00000012   Code   RO          830    i.USBD_LL_ClearStallEP  usbd_conf.o
    0x0800a332   0x0800a332   0x00000012   Code   RO          831    i.USBD_LL_CloseEP   usbd_conf.o
    0x0800a344   0x0800a344   0x000000bc   Code   RO         2008    i.USBD_LL_DataInStage  usbd_core.o
    0x0800a400   0x0800a400   0x0000006e   Code   RO         2009    i.USBD_LL_DataOutStage  usbd_core.o
    0x0800a46e   0x0800a46e   0x00000004   Code   RO         2010    i.USBD_LL_DevConnected  usbd_core.o
    0x0800a472   0x0800a472   0x0000001a   Code   RO         2011    i.USBD_LL_DevDisconnected  usbd_core.o
    0x0800a48c   0x0800a48c   0x00000008   Code   RO          835    i.USBD_LL_GetRxDataSize  usbd_conf.o
    0x0800a494   0x0800a494   0x00000060   Code   RO          836    i.USBD_LL_Init      usbd_conf.o
    0x0800a4f4   0x0800a4f4   0x00000020   Code   RO          837    i.USBD_LL_IsStallEP  usbd_conf.o
    0x0800a514   0x0800a514   0x00000022   Code   RO         2012    i.USBD_LL_IsoINIncomplete  usbd_core.o
    0x0800a536   0x0800a536   0x00000022   Code   RO         2013    i.USBD_LL_IsoOUTIncomplete  usbd_core.o
    0x0800a558   0x0800a558   0x00000018   Code   RO          838    i.USBD_LL_OpenEP    usbd_conf.o
    0x0800a570   0x0800a570   0x00000012   Code   RO          839    i.USBD_LL_PrepareReceive  usbd_conf.o
    0x0800a582   0x0800a582   0x0000005c   Code   RO         2014    i.USBD_LL_Reset     usbd_core.o
    0x0800a5de   0x0800a5de   0x00000014   Code   RO         2015    i.USBD_LL_Resume    usbd_core.o
    0x0800a5f2   0x0800a5f2   0x00000022   Code   RO         2016    i.USBD_LL_SOF       usbd_core.o
    0x0800a614   0x0800a614   0x00000006   Code   RO         2017    i.USBD_LL_SetSpeed  usbd_core.o
    0x0800a61a   0x0800a61a   0x00000012   Code   RO          840    i.USBD_LL_SetUSBAddress  usbd_conf.o
    0x0800a62c   0x0800a62c   0x00000060   Code   RO         2018    i.USBD_LL_SetupStage  usbd_core.o
    0x0800a68c   0x0800a68c   0x00000012   Code   RO          841    i.USBD_LL_StallEP   usbd_conf.o
    0x0800a69e   0x0800a69e   0x00000012   Code   RO          842    i.USBD_LL_Start     usbd_conf.o
    0x0800a6b0   0x0800a6b0   0x00000010   Code   RO         2019    i.USBD_LL_Suspend   usbd_core.o
    0x0800a6c0   0x0800a6c0   0x00000012   Code   RO          844    i.USBD_LL_Transmit  usbd_conf.o
    0x0800a6d2   0x0800a6d2   0x00000032   Code   RO         2151    i.USBD_ParseSetupRequest  usbd_ctlreq.o
    0x0800a704   0x0800a704   0x00000024   Code   RO         2020    i.USBD_RegisterClass  usbd_core.o
    0x0800a728   0x0800a728   0x00000004   Code   RO         2021    i.USBD_RunTestMode  usbd_core.o
    0x0800a72c   0x0800a72c   0x00000058   Code   RO         2152    i.USBD_SetAddress   usbd_ctlreq.o
    0x0800a784   0x0800a784   0x00000014   Code   RO         2022    i.USBD_SetClassConfig  usbd_core.o
    0x0800a798   0x0800a798   0x000000d8   Code   RO         2153    i.USBD_SetConfig    usbd_ctlreq.o
    0x0800a870   0x0800a870   0x00000010   Code   RO         2154    i.USBD_SetFeature   usbd_ctlreq.o
    0x0800a880   0x0800a880   0x00000004   Code   RO         2023    i.USBD_Start        usbd_core.o
    0x0800a884   0x0800a884   0x0000006e   Code   RO         2155    i.USBD_StdDevReq    usbd_ctlreq.o
    0x0800a8f2   0x0800a8f2   0x000001dc   Code   RO         2156    i.USBD_StdEPReq     usbd_ctlreq.o
    0x0800aace   0x0800aace   0x0000006e   Code   RO         2157    i.USBD_StdItfReq    usbd_ctlreq.o
    0x0800ab3c   0x0800ab3c   0x00000002   Code   RO          845    i.USBD_static_free  usbd_conf.o
    0x0800ab3e   0x0800ab3e   0x00000002   PAD
    0x0800ab40   0x0800ab40   0x00000008   Code   RO          846    i.USBD_static_malloc  usbd_conf.o
    0x0800ab48   0x0800ab48   0x0000009c   Code   RO         5044    i.USB_ActivateEndpoint  stm32f4xx_ll_usb.o
    0x0800abe4   0x0800abe4   0x0000001c   Code   RO         5046    i.USB_ActivateSetup  stm32f4xx_ll_usb.o
    0x0800ac00   0x0800ac00   0x0000007e   Code   RO         5048    i.USB_CoreInit      stm32f4xx_ll_usb.o
    0x0800ac7e   0x0800ac7e   0x00000002   PAD
    0x0800ac80   0x0800ac80   0x0000003c   Code   RO         5049    i.USB_CoreReset     stm32f4xx_ll_usb.o
    0x0800acbc   0x0800acbc   0x000000dc   Code   RO         5052    i.USB_DeactivateEndpoint  stm32f4xx_ll_usb.o
    0x0800ad98   0x0800ad98   0x0000001c   Code   RO         5053    i.USB_DevConnect    stm32f4xx_ll_usb.o
    0x0800adb4   0x0800adb4   0x0000001c   Code   RO         5054    i.USB_DevDisconnect  stm32f4xx_ll_usb.o
    0x0800add0   0x0800add0   0x00000178   Code   RO         5055    i.USB_DevInit       stm32f4xx_ll_usb.o
    0x0800af48   0x0800af48   0x0000000c   Code   RO         5056    i.USB_DisableGlobalInt  stm32f4xx_ll_usb.o
    0x0800af54   0x0800af54   0x0000012a   Code   RO         5059    i.USB_EP0StartXfer  stm32f4xx_ll_usb.o
    0x0800b07e   0x0800b07e   0x00000002   PAD
    0x0800b080   0x0800b080   0x00000060   Code   RO         5060    i.USB_EP0_OutStart  stm32f4xx_ll_usb.o
    0x0800b0e0   0x0800b0e0   0x00000058   Code   RO         5061    i.USB_EPClearStall  stm32f4xx_ll_usb.o
    0x0800b138   0x0800b138   0x0000005e   Code   RO         5062    i.USB_EPSetStall    stm32f4xx_ll_usb.o
    0x0800b196   0x0800b196   0x00000228   Code   RO         5063    i.USB_EPStartXfer   stm32f4xx_ll_usb.o
    0x0800b3be   0x0800b3be   0x0000000c   Code   RO         5064    i.USB_EnableGlobalInt  stm32f4xx_ll_usb.o
    0x0800b3ca   0x0800b3ca   0x00000002   PAD
    0x0800b3cc   0x0800b3cc   0x00000024   Code   RO         5065    i.USB_FlushRxFifo   stm32f4xx_ll_usb.o
    0x0800b3f0   0x0800b3f0   0x00000028   Code   RO         5066    i.USB_FlushTxFifo   stm32f4xx_ll_usb.o
    0x0800b418   0x0800b418   0x00000020   Code   RO         5068    i.USB_GetDevSpeed   stm32f4xx_ll_usb.o
    0x0800b438   0x0800b438   0x00000008   Code   RO         5070    i.USB_GetMode       stm32f4xx_ll_usb.o
    0x0800b440   0x0800b440   0x0000000e   Code   RO         5077    i.USB_ReadDevAllInEpInterrupt  stm32f4xx_ll_usb.o
    0x0800b44e   0x0800b44e   0x0000000e   Code   RO         5078    i.USB_ReadDevAllOutEpInterrupt  stm32f4xx_ll_usb.o
    0x0800b45c   0x0800b45c   0x00000024   Code   RO         5079    i.USB_ReadDevInEPInterrupt  stm32f4xx_ll_usb.o
    0x0800b480   0x0800b480   0x00000010   Code   RO         5080    i.USB_ReadDevOutEPInterrupt  stm32f4xx_ll_usb.o
    0x0800b490   0x0800b490   0x00000008   Code   RO         5081    i.USB_ReadInterrupts  stm32f4xx_ll_usb.o
    0x0800b498   0x0800b498   0x00000024   Code   RO         5082    i.USB_ReadPacket    stm32f4xx_ll_usb.o
    0x0800b4bc   0x0800b4bc   0x00000030   Code   RO         5084    i.USB_SetCurrentMode  stm32f4xx_ll_usb.o
    0x0800b4ec   0x0800b4ec   0x00000022   Code   RO         5085    i.USB_SetDevAddress  stm32f4xx_ll_usb.o
    0x0800b50e   0x0800b50e   0x0000000e   Code   RO         5086    i.USB_SetDevSpeed   stm32f4xx_ll_usb.o
    0x0800b51c   0x0800b51c   0x000000f4   Code   RO         5087    i.USB_SetTurnaroundTime  stm32f4xx_ll_usb.o
    0x0800b610   0x0800b610   0x00000030   Code   RO         5090    i.USB_WritePacket   stm32f4xx_ll_usb.o
    0x0800b640   0x0800b640   0x00000002   Code   RO         1191    i.UsageFault_Handler  stm32f4xx_it.o
    0x0800b642   0x0800b642   0x00000002   PAD
    0x0800b644   0x0800b644   0x00000028   Code   RO        11090    i.__0sprintf        mc_w.l(printfa.o)
    0x0800b66c   0x0800b66c   0x00000024   Code   RO        11094    i.__0vsprintf       mc_w.l(printfa.o)
    0x0800b690   0x0800b690   0x00000030   Code   RO        11178    i.__ARM_fpclassify  m_wm.l(fpclassify.o)
    0x0800b6c0   0x0800b6c0   0x00000026   Code   RO        11180    i.__ARM_fpclassifyf  m_wm.l(fpclassifyf.o)
    0x0800b6e6   0x0800b6e6   0x00000002   PAD
    0x0800b6e8   0x0800b6e8   0x0000012c   Code   RO        10754    i.__hardfp_asinf    m_wm.l(asinf.o)
    0x0800b814   0x0800b814   0x000002ac   Code   RO        10766    i.__hardfp_atan2f   m_wm.l(atan2f.o)
    0x0800bac0   0x0800bac0   0x00000014   Code   RO        10778    i.__hardfp_fabs     m_wm.l(fabs.o)
    0x0800bad4   0x0800bad4   0x00000004   PAD
    0x0800bad8   0x0800bad8   0x00000118   Code   RO        10784    i.__hardfp_floor    m_wm.l(floor.o)
    0x0800bbf0   0x0800bbf0   0x00000c50   Code   RO        10790    i.__hardfp_pow      m_wm.l(pow.o)
    0x0800c840   0x0800c840   0x0000003a   Code   RO        10816    i.__hardfp_sqrtf    m_wm.l(sqrtf_full.o)
    0x0800c87a   0x0800c87a   0x000000f8   Code   RO        11196    i.__kernel_poly     m_wm.l(poly.o)
    0x0800c972   0x0800c972   0x00000006   PAD
    0x0800c978   0x0800c978   0x00000030   Code   RO        11164    i.__mathlib_dbl_divzero  m_wm.l(dunder.o)
    0x0800c9a8   0x0800c9a8   0x00000014   Code   RO        11166    i.__mathlib_dbl_infnan2  m_wm.l(dunder.o)
    0x0800c9bc   0x0800c9bc   0x00000004   PAD
    0x0800c9c0   0x0800c9c0   0x00000020   Code   RO        11167    i.__mathlib_dbl_invalid  m_wm.l(dunder.o)
    0x0800c9e0   0x0800c9e0   0x00000020   Code   RO        11168    i.__mathlib_dbl_overflow  m_wm.l(dunder.o)
    0x0800ca00   0x0800ca00   0x00000020   Code   RO        11170    i.__mathlib_dbl_underflow  m_wm.l(dunder.o)
    0x0800ca20   0x0800ca20   0x00000006   Code   RO        11183    i.__mathlib_flt_infnan  m_wm.l(funder.o)
    0x0800ca26   0x0800ca26   0x00000006   Code   RO        11184    i.__mathlib_flt_infnan2  m_wm.l(funder.o)
    0x0800ca2c   0x0800ca2c   0x00000010   Code   RO        11185    i.__mathlib_flt_invalid  m_wm.l(funder.o)
    0x0800ca3c   0x0800ca3c   0x00000010   Code   RO        11188    i.__mathlib_flt_underflow  m_wm.l(funder.o)
    0x0800ca4c   0x0800ca4c   0x0000000e   Code   RO        11269    i.__scatterload_copy  mc_w.l(handlers.o)
    0x0800ca5a   0x0800ca5a   0x00000002   Code   RO        11270    i.__scatterload_null  mc_w.l(handlers.o)
    0x0800ca5c   0x0800ca5c   0x0000000e   Code   RO        11271    i.__scatterload_zeroinit  mc_w.l(handlers.o)
    0x0800ca6a   0x0800ca6a   0x00000002   PAD
    0x0800ca6c   0x0800ca6c   0x0000000c   Code   RO        11245    i.__set_errno       mc_w.l(errno.o)
    0x0800ca78   0x0800ca78   0x00000184   Code   RO        11095    i._fp_digits        mc_w.l(printfa.o)
    0x0800cbfc   0x0800cbfc   0x000006b4   Code   RO        11096    i._printf_core      mc_w.l(printfa.o)
    0x0800d2b0   0x0800d2b0   0x00000024   Code   RO        11097    i._printf_post_padding  mc_w.l(printfa.o)
    0x0800d2d4   0x0800d2d4   0x0000002e   Code   RO        11098    i._printf_pre_padding  mc_w.l(printfa.o)
    0x0800d302   0x0800d302   0x0000000a   Code   RO        11100    i._sputc            mc_w.l(printfa.o)
    0x0800d30c   0x0800d30c   0x0000003c   Code   RO         1562    i.aRGB_led_show     bsp_led.o
    0x0800d348   0x0800d348   0x00000028   Code   RO         3644    i.abs_limit         user_lib.o
    0x0800d370   0x0800d370   0x000001d0   Code   RO        10576    i.accel_comple_filter  AHRS.lib(ahrs.o)
    0x0800d540   0x0800d540   0x0000018c   Code   RO        10577    i.accel_update_kp_ki  AHRS.lib(ahrs.o)
    0x0800d6cc   0x0800d6cc   0x0000016c   Code   RO        10578    i.angle_to_quat     AHRS.lib(ahrs.o)
    0x0800d838   0x0800d838   0x0000011c   Code   RO         4463    i.bmi088_accel_init  bmi088driver.o
    0x0800d954   0x0800d954   0x000002b0   Code   RO         4464    i.bmi088_accel_self_test  bmi088driver.o
    0x0800dc04   0x0800dc04   0x000000dc   Code   RO         4465    i.bmi088_gyro_init  bmi088driver.o
    0x0800dce0   0x0800dce0   0x000000ca   Code   RO         4466    i.bmi088_gyro_self_test  bmi088driver.o
    0x0800ddaa   0x0800ddaa   0x0000001c   Code   RO         4077    i.cJSON_AddItemToArray  cjson.o
    0x0800ddc6   0x0800ddc6   0x00000002   PAD
    0x0800ddc8   0x0800ddc8   0x00000030   Code   RO         4078    i.cJSON_AddItemToObject  cjson.o
    0x0800ddf8   0x0800ddf8   0x00000010   Code   RO         4080    i.cJSON_CreateArray  cjson.o
    0x0800de08   0x0800de08   0x00000010   Code   RO         4088    i.cJSON_CreateObject  cjson.o
    0x0800de18   0x0800de18   0x0000001c   Code   RO         4089    i.cJSON_CreateString  cjson.o
    0x0800de34   0x0800de34   0x00000048   Code   RO         4092    i.cJSON_Delete      cjson.o
    0x0800de7c   0x0800de7c   0x00000012   Code   RO         4098    i.cJSON_GetArrayItem  cjson.o
    0x0800de8e   0x0800de8e   0x00000010   Code   RO         4099    i.cJSON_GetArraySize  cjson.o
    0x0800de9e   0x0800de9e   0x0000001c   Code   RO         4101    i.cJSON_GetObjectItem  cjson.o
    0x0800deba   0x0800deba   0x00000002   PAD
    0x0800debc   0x0800debc   0x00000020   Code   RO         4105    i.cJSON_New_Item    cjson.o
    0x0800dedc   0x0800dedc   0x00000008   Code   RO         4106    i.cJSON_Parse       cjson.o
    0x0800dee4   0x0800dee4   0x00000064   Code   RO         4107    i.cJSON_ParseWithOpts  cjson.o
    0x0800df48   0x0800df48   0x0000000a   Code   RO         4108    i.cJSON_Print       cjson.o
    0x0800df52   0x0800df52   0x0000004c   Code   RO         4113    i.cJSON_strcasecmp  cjson.o
    0x0800df9e   0x0800df9e   0x00000002   PAD
    0x0800dfa0   0x0800dfa0   0x00000030   Code   RO         4114    i.cJSON_strdup      cjson.o
    0x0800dfd0   0x0800dfd0   0x00000058   Code   RO         1625    i.can_filter_init   bsp_can.o
    0x0800e028   0x0800e028   0x00000054   Code   RO         2522    i.chassic_follow_gimbal  chassic_task.o
    0x0800e07c   0x0800e07c   0x0000012c   Code   RO         2523    i.chassic_mode_ctrl  chassic_task.o
    0x0800e1a8   0x0800e1a8   0x00000128   Code   RO         2524    i.chassic_mode_set  chassic_task.o
    0x0800e2d0   0x0800e2d0   0x00000098   Code   RO         2525    i.chassic_task      chassic_task.o
    0x0800e368   0x0800e368   0x000003e0   Code   RO         2527    i.chassis_control_vector  chassic_task.o
    0x0800e748   0x0800e748   0x000000b4   Code   RO         2528    i.chassis_ctrl_loop  chassic_task.o
    0x0800e7fc   0x0800e7fc   0x000000bc   Code   RO         2529    i.chassis_feedback_update  chassic_task.o
    0x0800e8b8   0x0800e8b8   0x0000016c   Code   RO         2530    i.chassis_init      chassic_task.o
    0x0800ea24   0x0800ea24   0x000000dc   Code   RO         2531    i.chassis_vector_to_mecanum_wheel_speed  chassic_task.o
    0x0800eb00   0x0800eb00   0x00000040   Code   RO         3513    i.cmd_test          cmd_ctr.o
    0x0800eb40   0x0800eb40   0x000001f8   Code   RO         3514    i.ctr_mode          cmd_ctr.o
    0x0800ed38   0x0800ed38   0x00000018   Code   RO         3515    i.def2flash         cmd_ctr.o
    0x0800ed50   0x0800ed50   0x00000028   Code   RO         1415    i.delay_init        bsp_delay.o
    0x0800ed78   0x0800ed78   0x00000038   Code   RO         1417    i.delay_us          bsp_delay.o
    0x0800edb0   0x0800edb0   0x00000060   Code   RO         4116    i.ensure            cjson.o
    0x0800ee10   0x0800ee10   0x00000004   Code   RO         4117    i.ex_free           cjson.o
    0x0800ee14   0x0800ee14   0x00000004   Code   RO         4118    i.ex_malloc         cjson.o
    0x0800ee18   0x0800ee18   0x00000018   Code   RO        10780    i.fabs              m_wm.l(fabs.o)
    0x0800ee30   0x0800ee30   0x0000004e   Code   RO         3645    i.first_order_filter_cali  user_lib.o
    0x0800ee7e   0x0800ee7e   0x00000012   Code   RO         3646    i.first_order_filter_init  user_lib.o
    0x0800ee90   0x0800ee90   0x00000104   Code   RO         3516    i.flash_date_init   cmd_ctr.o
    0x0800ef94   0x0800ef94   0x00000050   Code   RO        11116    i.free              mc_w.l(malloc.o)
    0x0800efe4   0x0800efe4   0x00000072   Code   RO         1849    i.getClientIDByRobotID  client_ui.o
    0x0800f056   0x0800f056   0x000000a0   Code   RO         3283    i.getDataLengthByCmdId  referee.o
    0x0800f0f6   0x0800f0f6   0x00000002   PAD
    0x0800f0f8   0x0800f0f8   0x000000c8   Code   RO         3284    i.getDataPointerById  referee.o
    0x0800f1c0   0x0800f1c0   0x00000004   Code   RO         3416    i.getState          ui_task.o
    0x0800f1c4   0x0800f1c4   0x00000008   Code   RO         3041    i.get_INS_angle_point  ins_task.o
    0x0800f1cc   0x0800f1cc   0x000000e8   Code   RO        10579    i.get_angle         AHRS.lib(ahrs.o)
    0x0800f2b4   0x0800f2b4   0x00000014   Code   RO         2671    i.get_chassis_motor_measure_point  can_receive.o
    0x0800f2c8   0x0800f2c8   0x000000c0   Code   RO         3517    i.get_cmd_name      cmd_ctr.o
    0x0800f388   0x0800f388   0x00000008   Code   RO         3044    i.get_gyro_data_point  ins_task.o
    0x0800f390   0x0800f390   0x00000074   Code   RO         3518    i.get_par           cmd_ctr.o
    0x0800f404   0x0800f404   0x00000008   Code   RO         2672    i.get_pitch_gimbal_motor_measure_point  can_receive.o
    0x0800f40c   0x0800f40c   0x00000008   Code   RO         2961    i.get_remote_control_point  remote_control.o
    0x0800f414   0x0800f414   0x00000010   Code   RO         2673    i.get_shoot_motor_measure_point  can_receive.o
    0x0800f424   0x0800f424   0x00000008   Code   RO         2675    i.get_trigger2_motor_measure_point  can_receive.o
    0x0800f42c   0x0800f42c   0x00000008   Code   RO         2677    i.get_yaw_gimbal_motor_measure_point  can_receive.o
    0x0800f434   0x0800f434   0x00000008   Code   RO         2773    i.get_yaw_motor_point  gimbal_task.o
    0x0800f43c   0x0800f43c   0x000000a0   Code   RO         2774    i.gimbal_PID_calc   gimbal_task.o
    0x0800f4dc   0x0800f4dc   0x0000002c   Code   RO         2775    i.gimbal_PID_init   gimbal_task.o
    0x0800f508   0x0800f508   0x00000084   Code   RO         2776    i.gimbal_feedback_update  gimbal_task.o
    0x0800f58c   0x0800f58c   0x00000124   Code   RO         2777    i.gimbal_init       gimbal_task.o
    0x0800f6b0   0x0800f6b0   0x0000024c   Code   RO         2778    i.gimbal_loop       gimbal_task.o
    0x0800f8fc   0x0800f8fc   0x000000e4   Code   RO         2779    i.gimbal_movement   gimbal_task.o
    0x0800f9e0   0x0800f9e0   0x00000002   Code   RO         2780    i.gimbal_movement1  gimbal_task.o
    0x0800f9e2   0x0800f9e2   0x00000002   PAD
    0x0800f9e4   0x0800f9e4   0x00000068   Code   RO         2781    i.gimbal_task       gimbal_task.o
    0x0800fa4c   0x0800fa4c   0x000000b8   Code   RO         2782    i.gimbal_yaw_calc   gimbal_task.o
    0x0800fb04   0x0800fb04   0x0000004c   Code   RO         3046    i.gyro_offset_calc  ins_task.o
    0x0800fb50   0x0800fb50   0x00000068   Code   RO         3519    i.imu_cail_behaviour  cmd_ctr.o
    0x0800fbb8   0x0800fbb8   0x00000084   Code   RO         3520    i.imu_cali          cmd_ctr.o
    0x0800fc3c   0x0800fc3c   0x000000ec   Code   RO         3047    i.imu_cali_slove    ins_task.o
    0x0800fd28   0x0800fd28   0x00000108   Code   RO         3048    i.imu_cmd_spi_dma   ins_task.o
    0x0800fe30   0x0800fe30   0x0000000c   Code   RO         1534    i.imu_pwm_set       bsp_imu_pwm.o
    0x0800fe3c   0x0800fe3c   0x00000088   Code   RO         3049    i.imu_temp_control  ins_task.o
    0x0800fec4   0x0800fec4   0x00000002   Code   RO         4691    i.ist8310_GPIO_init  ist8310driver_middleware.o
    0x0800fec6   0x0800fec6   0x00000002   PAD
    0x0800fec8   0x0800fec8   0x00000024   Code   RO         4693    i.ist8310_IIC_read_single_reg  ist8310driver_middleware.o
    0x0800feec   0x0800feec   0x00000024   Code   RO         4695    i.ist8310_IIC_write_single_reg  ist8310driver_middleware.o
    0x0800ff10   0x0800ff10   0x00000010   Code   RO         4696    i.ist8310_RST_H     ist8310driver_middleware.o
    0x0800ff20   0x0800ff20   0x00000010   Code   RO         4697    i.ist8310_RST_L     ist8310driver_middleware.o
    0x0800ff30   0x0800ff30   0x00000002   Code   RO         4698    i.ist8310_com_init  ist8310driver_middleware.o
    0x0800ff32   0x0800ff32   0x00000004   Code   RO         4699    i.ist8310_delay_ms  ist8310driver_middleware.o
    0x0800ff36   0x0800ff36   0x00000002   PAD
    0x0800ff38   0x0800ff38   0x0000007c   Code   RO         4659    i.ist8310_init      ist8310driver.o
    0x0800ffb4   0x0800ffb4   0x0000002c   Code   RO         2903    i.kalmanCreate      kalman.o
    0x0800ffe0   0x0800ffe0   0x0000003c   Code   RO         3159    i.key_detect        shoot_task.o
    0x0801001c   0x0801001c   0x00000118   Code   RO         2635    i.led_RGB_flow_task  led_flow_task.o
    0x08010134   0x08010134   0x00000046   Code   RO         3652    i.loop_fp32_constrain  user_lib.o
    0x0801017a   0x0801017a   0x00000002   PAD
    0x0801017c   0x0801017c   0x00000088   Code   RO           16    i.main              main.o
    0x08010204   0x08010204   0x0000000c   Code   RO         9985    i.makeFreeRtosPriority  cmsis_os.o
    0x08010210   0x08010210   0x0000006c   Code   RO        11117    i.malloc            mc_w.l(malloc.o)
    0x0801027c   0x0801027c   0x00000034   Code   RO         2783    i.motor_ecd_to_angle_change  gimbal_task.o
    0x080102b0   0x080102b0   0x00000010   Code   RO         9987    i.osDelay           cmsis_os.o
    0x080102c0   0x080102c0   0x0000000a   Code   RO         9990    i.osKernelStart     cmsis_os.o
    0x080102ca   0x080102ca   0x0000005c   Code   RO        10024    i.osThreadCreate    cmsis_os.o
    0x08010326   0x08010326   0x00000074   Code   RO         3285    i.parse             referee.o
    0x0801039a   0x0801039a   0x00000002   PAD
    0x0801039c   0x0801039c   0x0000009c   Code   RO         4119    i.parse_array       cjson.o
    0x08010438   0x08010438   0x000000be   Code   RO         4120    i.parse_hex4        cjson.o
    0x080104f6   0x080104f6   0x00000002   PAD
    0x080104f8   0x080104f8   0x00000054   Code   RO         3521    i.parse_loop        cmd_ctr.o
    0x0801054c   0x0801054c   0x0000018c   Code   RO         4121    i.parse_number      cjson.o
    0x080106d8   0x080106d8   0x000000f0   Code   RO         4122    i.parse_object      cjson.o
    0x080107c8   0x080107c8   0x0000017c   Code   RO         4123    i.parse_string      cjson.o
    0x08010944   0x08010944   0x000000bc   Code   RO         4124    i.parse_value       cjson.o
    0x08010a00   0x08010a00   0x00000024   Code   RO         9452    i.pcTaskGetName     tasks.o
    0x08010a24   0x08010a24   0x0000001a   Code   RO         4125    i.pow2gt            cjson.o
    0x08010a3e   0x08010a3e   0x00000002   PAD
    0x08010a40   0x08010a40   0x00000204   Code   RO         4126    i.print_array       cjson.o
    0x08010c44   0x08010c44   0x000001e0   Code   RO         4127    i.print_number      cjson.o
    0x08010e24   0x08010e24   0x000003a0   Code   RO         4128    i.print_object      cjson.o
    0x080111c4   0x080111c4   0x00000006   Code   RO         4129    i.print_string      cjson.o
    0x080111ca   0x080111ca   0x00000002   PAD
    0x080111cc   0x080111cc   0x000001a8   Code   RO         4130    i.print_string_ptr  cjson.o
    0x08011374   0x08011374   0x00000100   Code   RO         4131    i.print_value       cjson.o
    0x08011474   0x08011474   0x00000080   Code   RO         9453    i.prvAddCurrentTaskToDelayedList  tasks.o
    0x080114f4   0x080114f4   0x00000088   Code   RO         9454    i.prvAddNewTaskToReadyList  tasks.o
    0x0801157c   0x0801157c   0x0000005c   Code   RO         9817    i.prvCheckForValidListAndQueue  timers.o
    0x080115d8   0x080115d8   0x00000040   Code   RO         9455    i.prvCheckTasksWaitingTermination  tasks.o
    0x08011618   0x08011618   0x00000024   Code   RO         9112    i.prvCopyDataFromQueue  queue.o
    0x0801163c   0x0801163c   0x0000006e   Code   RO         9113    i.prvCopyDataToQueue  queue.o
    0x080116aa   0x080116aa   0x00000040   Code   RO         9456    i.prvDeleteTCB      tasks.o
    0x080116ea   0x080116ea   0x00000002   PAD
    0x080116ec   0x080116ec   0x00000024   Code   RO         9818    i.prvGetNextExpireTime  timers.o
    0x08011710   0x08011710   0x00000050   Code   RO        10364    i.prvHeapInit       heap_4.o
    0x08011760   0x08011760   0x00000028   Code   RO         9457    i.prvIdleTask       tasks.o
    0x08011788   0x08011788   0x00000018   Code   RO         9116    i.prvInitialiseNewQueue  queue.o
    0x080117a0   0x080117a0   0x00000098   Code   RO         9458    i.prvInitialiseNewTask  tasks.o
    0x08011838   0x08011838   0x00000060   Code   RO         9459    i.prvInitialiseTaskLists  tasks.o
    0x08011898   0x08011898   0x0000005c   Code   RO        10365    i.prvInsertBlockIntoFreeList  heap_4.o
    0x080118f4   0x080118f4   0x00000048   Code   RO         9820    i.prvInsertTimerInActiveList  timers.o
    0x0801193c   0x0801193c   0x0000001a   Code   RO         9117    i.prvIsQueueEmpty   queue.o
    0x08011956   0x08011956   0x0000001e   Code   RO         9118    i.prvIsQueueFull    queue.o
    0x08011974   0x08011974   0x00000068   Code   RO         9821    i.prvProcessExpiredTimer  timers.o
    0x080119dc   0x080119dc   0x00000110   Code   RO         9822    i.prvProcessReceivedCommands  timers.o
    0x08011aec   0x08011aec   0x0000006c   Code   RO         9823    i.prvProcessTimerOrBlockTask  timers.o
    0x08011b58   0x08011b58   0x00000024   Code   RO         9460    i.prvResetNextTaskUnblockTime  tasks.o
    0x08011b7c   0x08011b7c   0x0000002c   Code   RO         9824    i.prvSampleTimeNow  timers.o
    0x08011ba8   0x08011ba8   0x0000006e   Code   RO         9461    i.prvSearchForNameWithinSingleList  tasks.o
    0x08011c16   0x08011c16   0x00000002   PAD
    0x08011c18   0x08011c18   0x00000078   Code   RO         9825    i.prvSwitchTimerLists  timers.o
    0x08011c90   0x08011c90   0x00000030   Code   RO        10421    i.prvTaskExitError  port.o
    0x08011cc0   0x08011cc0   0x00000014   Code   RO         9826    i.prvTimerTask      timers.o
    0x08011cd4   0x08011cd4   0x00000068   Code   RO         9119    i.prvUnlockQueue    queue.o
    0x08011d3c   0x08011d3c   0x000000e8   Code   RO        10366    i.pvPortMalloc      heap_4.o
    0x08011e24   0x08011e24   0x0000002c   Code   RO        10422    i.pxPortInitialiseStack  port.o
    0x08011e50   0x08011e50   0x00000084   Code   RO        10584    i.quat_normalization  AHRS.lib(ahrs.o)
    0x08011ed4   0x08011ed4   0x00000022   Code   RO         3377    i.queue_init        data_queue.o
    0x08011ef6   0x08011ef6   0x000000b8   Code   RO         3378    i.queue_write       data_queue.o
    0x08011fae   0x08011fae   0x0000001a   Code   RO         3654    i.ramp_init         user_lib.o
    0x08011fc8   0x08011fc8   0x00000028   Code   RO         3418    i.refresh_supercap  ui_task.o
    0x08011ff0   0x08011ff0   0x00000928   Code   RO         3419    i.refresh_ui        ui_task.o
    0x08012918   0x08012918   0x0000005c   Code   RO         2962    i.remote_control_init  remote_control.o
    0x08012974   0x08012974   0x00000018   Code   RO         3522    i.reset             cmd_ctr.o
    0x0801298c   0x0801298c   0x00000030   Code   RO         3523    i.save              cmd_ctr.o
    0x080129bc   0x080129bc   0x00000124   Code   RO         2963    i.sbus_to_rc        remote_control.o
    0x08012ae0   0x08012ae0   0x000000d4   Code   RO         3379    i.send              data_queue.o
    0x08012bb4   0x08012bb4   0x000000c8   Code   RO         3524    i.set_par           cmd_ctr.o
    0x08012c7c   0x08012c7c   0x00000006   Code   RO         3380    i.set_send_func     data_queue.o
    0x08012c82   0x08012c82   0x00000006   Code   RO         3381    i.set_state_func    data_queue.o
    0x08012c88   0x08012c88   0x00000044   Code   RO         3525    i.set_version       cmd_ctr.o
    0x08012ccc   0x08012ccc   0x00000150   Code   RO         3160    i.shoot_init        shoot_task.o
    0x08012e1c   0x08012e1c   0x00000258   Code   RO         3161    i.shoot_mode_behavior  shoot_task.o
    0x08013074   0x08013074   0x000000e4   Code   RO         3162    i.shoot_mode_set    shoot_task.o
    0x08013158   0x08013158   0x00000024   Code   RO         3163    i.shoot_task        shoot_task.o
    0x0801317c   0x0801317c   0x00000014   Code   RO         4132    i.skip              cjson.o
    0x08013190   0x08013190   0x00000120   Code   RO         2533    i.speed_update      chassic_task.o
    0x080132b0   0x080132b0   0x0000006e   Code   RO        11204    i.sqrt              m_wm.l(sqrt_full.o)
    0x0801331e   0x0801331e   0x0000003e   Code   RO        10818    i.sqrtf             m_wm.l(sqrtf_full.o)
    0x0801335c   0x0801335c   0x00000006   Code   RO         4133    i.suffix_object     cjson.o
    0x08013362   0x08013362   0x00000002   PAD
    0x08013364   0x08013364   0x00000038   Code   RO         3526    i.switch_wave       cmd_ctr.o
    0x0801339c   0x0801339c   0x00000008   Code   RO         2412    i.test_task         test_task.o
    0x080133a4   0x080133a4   0x0000039c   Code   RO         3420    i.ui_init           ui_task.o
    0x08013740   0x08013740   0x000001b8   Code   RO         3421    i.ui_task           ui_task.o
    0x080138f8   0x080138f8   0x00000068   Code   RO         9465    i.ulTaskNotifyTake  tasks.o
    0x08013960   0x08013960   0x0000001e   Code   RO         4134    i.update            cjson.o
    0x0801397e   0x0801397e   0x00000002   PAD
    0x08013980   0x08013980   0x00000050   Code   RO         3422    i.update_mag        ui_task.o
    0x080139d0   0x080139d0   0x0000007a   Code   RO        10585    i.update_w          AHRS.lib(ahrs.o)
    0x08013a4a   0x08013a4a   0x00000002   PAD
    0x08013a4c   0x08013a4c   0x00000028   Code   RO         3423    i.usart6_transmit   ui_task.o
    0x08013a74   0x08013a74   0x00000060   Code   RO         1960    i.usb_Receive       bsp_usb.o
    0x08013ad4   0x08013ad4   0x0000002c   Code   RO         1961    i.usb_printf        bsp_usb.o
    0x08013b00   0x08013b00   0x000000d8   Code   RO         3245    i.usb_task          usb_task.o
    0x08013bd8   0x08013bd8   0x00000044   Code   RO         3527    i.use_def           cmd_ctr.o
    0x08013c1c   0x08013c1c   0x0000003c   Code   RO         3528    i.use_flash         cmd_ctr.o
    0x08013c58   0x08013c58   0x00000026   Code   RO         9072    i.uxListRemove      list.o
    0x08013c7e   0x08013c7e   0x00000002   PAD
    0x08013c80   0x08013c80   0x00000014   Code   RO          335    i.vApplicationGetIdleTaskMemory  freertos.o
    0x08013c94   0x08013c94   0x00000018   Code   RO          336    i.vApplicationGetTimerTaskMemory  freertos.o
    0x08013cac   0x08013cac   0x00000016   Code   RO         9073    i.vListInitialise   list.o
    0x08013cc2   0x08013cc2   0x00000006   Code   RO         9074    i.vListInitialiseItem  list.o
    0x08013cc8   0x08013cc8   0x00000036   Code   RO         9075    i.vListInsert       list.o
    0x08013cfe   0x08013cfe   0x00000018   Code   RO         9076    i.vListInsertEnd    list.o
    0x08013d16   0x08013d16   0x00000002   PAD
    0x08013d18   0x08013d18   0x00000040   Code   RO        10424    i.vPortEnterCritical  port.o
    0x08013d58   0x08013d58   0x0000002c   Code   RO        10425    i.vPortExitCritical  port.o
    0x08013d84   0x08013d84   0x00000064   Code   RO        10367    i.vPortFree         heap_4.o
    0x08013de8   0x08013de8   0x00000024   Code   RO        10426    i.vPortSetupTimerInterrupt  port.o
    0x08013e0c   0x08013e0c   0x00000054   Code   RO        10427    i.vPortValidateInterruptPriority  port.o
    0x08013e60   0x08013e60   0x00000028   Code   RO         9123    i.vQueueAddToRegistry  queue.o
    0x08013e88   0x08013e88   0x0000004a   Code   RO         9126    i.vQueueWaitForMessageRestricted  queue.o
    0x08013ed2   0x08013ed2   0x00000002   PAD
    0x08013ed4   0x08013ed4   0x00000050   Code   RO         9472    i.vTaskDelay        tasks.o
    0x08013f24   0x08013f24   0x00000010   Code   RO         9476    i.vTaskInternalSetTimeOutState  tasks.o
    0x08013f34   0x08013f34   0x0000000c   Code   RO         9477    i.vTaskMissedYield  tasks.o
    0x08013f40   0x08013f40   0x000000bc   Code   RO         9478    i.vTaskNotifyGiveFromISR  tasks.o
    0x08013ffc   0x08013ffc   0x00000034   Code   RO         9479    i.vTaskPlaceOnEventList  tasks.o
    0x08014030   0x08014030   0x0000003c   Code   RO         9480    i.vTaskPlaceOnEventListRestricted  tasks.o
    0x0801406c   0x0801406c   0x00000090   Code   RO         9487    i.vTaskStartScheduler  tasks.o
    0x080140fc   0x080140fc   0x00000010   Code   RO         9489    i.vTaskSuspendAll   tasks.o
    0x0801410c   0x0801410c   0x00000060   Code   RO         9490    i.vTaskSwitchContext  tasks.o
    0x0801416c   0x0801416c   0x0000005c   Code   RO         3529    i.wave_set          cmd_ctr.o
    0x080141c8   0x080141c8   0x0000016c   Code   RO         3530    i.wavedisplay       cmd_ctr.o
    0x08014334   0x08014334   0x00000104   Code   RO        10428    i.xPortStartScheduler  port.o
    0x08014438   0x08014438   0x00000070   Code   RO         9130    i.xQueueGenericCreateStatic  queue.o
    0x080144a8   0x080144a8   0x00000090   Code   RO         9131    i.xQueueGenericReset  queue.o
    0x08014538   0x08014538   0x00000170   Code   RO         9132    i.xQueueGenericSend  queue.o
    0x080146a8   0x080146a8   0x000000be   Code   RO         9133    i.xQueueGenericSendFromISR  queue.o
    0x08014766   0x08014766   0x00000002   PAD
    0x08014768   0x08014768   0x00000148   Code   RO         9141    i.xQueueReceive     queue.o
    0x080148b0   0x080148b0   0x00000098   Code   RO         9493    i.xTaskCheckForTimeOut  tasks.o
    0x08014948   0x08014948   0x0000006c   Code   RO         9494    i.xTaskCreate       tasks.o
    0x080149b4   0x080149b4   0x00000060   Code   RO         9495    i.xTaskCreateStatic  tasks.o
    0x08014a14   0x08014a14   0x0000008c   Code   RO         9499    i.xTaskGetHandle    tasks.o
    0x08014aa0   0x08014aa0   0x0000001c   Code   RO         9500    i.xTaskGetSchedulerState  tasks.o
    0x08014abc   0x08014abc   0x0000000c   Code   RO         9501    i.xTaskGetTickCount  tasks.o
    0x08014ac8   0x08014ac8   0x000000d4   Code   RO         9503    i.xTaskIncrementTick  tasks.o
    0x08014b9c   0x08014b9c   0x0000009c   Code   RO         9506    i.xTaskPriorityDisinherit  tasks.o
    0x08014c38   0x08014c38   0x00000078   Code   RO         9508    i.xTaskRemoveFromEventList  tasks.o
    0x08014cb0   0x08014cb0   0x000000cc   Code   RO         9509    i.xTaskResumeAll    tasks.o
    0x08014d7c   0x08014d7c   0x00000068   Code   RO         9833    i.xTimerCreateTimerTask  timers.o
    0x08014de4   0x08014de4   0x00000074   Code   RO         9834    i.xTimerGenericCommand  timers.o
    0x08014e58   0x08014e58   0x000000e0   Data   RO          338    .constdata          freertos.o
    0x08014f38   0x08014f38   0x00000010   Data   RO         1379    .constdata          system_stm32f4xx.o
    0x08014f48   0x08014f48   0x00000008   Data   RO         1380    .constdata          system_stm32f4xx.o
    0x08014f50   0x08014f50   0x00000030   Data   RO         2535    .constdata          chassic_task.o
    0x08014f80   0x08014f80   0x0000000c   Data   RO         3053    .constdata          ins_task.o
    0x08014f8c   0x08014f8c   0x00000030   Data   RO         3165    .constdata          shoot_task.o
    0x08014fbc   0x08014fbc   0x00000300   Data   RO         3289    .constdata          referee.o
    0x080152bc   0x080152bc   0x000001c2   Data   RO         3443    .constdata          ui_task.o
    0x0801547e   0x0801547e   0x00000007   Data   RO         4135    .constdata          cjson.o
    0x08015485   0x08015485   0x00000012   Data   RO         4471    .constdata          bmi088driver.o
    0x08015497   0x08015497   0x0000000c   Data   RO         4662    .constdata          ist8310driver.o
    0x080154a3   0x080154a3   0x00000008   Data   RO         5867    .constdata          stm32f4xx_hal_dma.o
    0x080154ab   0x080154ab   0x00000001   PAD
    0x080154ac   0x080154ac   0x0000000c   Data   RO        10586    .constdata          AHRS.lib(ahrs.o)
    0x080154b8   0x080154b8   0x00000804   Data   RO        10719    .constdata          arm_cortexM4lf_math.lib(arm_common_tables.o)
    0x08015cbc   0x08015cbc   0x00000004   PAD
    0x08015cc0   0x08015cc0   0x00000088   Data   RO        10793    .constdata          m_wm.l(pow.o)
    0x08015d48   0x08015d48   0x00000008   Data   RO        11198    .constdata          m_wm.l(qnan.o)
    0x08015d50   0x08015d50   0x00000041   Data   RO          339    .conststring        freertos.o
    0x08015d91   0x08015d91   0x00000003   PAD
    0x08015d94   0x08015d94   0x00000020   Data   RO         3533    .conststring        cmd_ctr.o
    0x08015db4   0x08015db4   0x00000020   Data   RO        11267    Region$$Table       anon$$obj.o


    Execution Region RW_IRAM1 (Exec base: 0x20000000, Load base: 0x08015dd4, Size: 0x0001b800, Max: 0x00020000, ABSOLUTE, COMPRESSED[0x000002cc])

    Exec Addr    Load Addr    Size         Type   Attr      Idx    E Section Name        Object

    0x20000000   COMPRESSED   0x00000020   Data   RW          340    .data               freertos.o
    0x20000020   COMPRESSED   0x00000004   Data   RW          465    .data               can.o
    0x20000024   COMPRESSED   0x00000008   Data   RW          512    .data               crc.o
    0x2000002c   COMPRESSED   0x0000001c   Data   RW         1033    .data               usbd_desc.o
    0x20000048   COMPRESSED   0x00000032   Data   RW         1034    .data               usbd_desc.o
    0x2000007a   COMPRESSED   0x00000002   PAD
    0x2000007c   COMPRESSED   0x00000008   Data   RW         1121    .data               usbd_cdc_if.o
    0x20000084   COMPRESSED   0x00000014   Data   RW         1122    .data               usbd_cdc_if.o
    0x20000098   COMPRESSED   0x00000004   Data   RW         1381    .data               system_stm32f4xx.o
    0x2000009c   COMPRESSED   0x00000008   Data   RW         1418    .data               bsp_delay.o
    0x200000a4   COMPRESSED   0x00000008   Data   RW         1563    .data               bsp_led.o
    0x200000ac   COMPRESSED   0x00000001   Data   RW         1852    .data               client_ui.o
    0x200000ad   COMPRESSED   0x00000003   PAD
    0x200000b0   COMPRESSED   0x00000008   Data   RW         1963    .data               bsp_usb.o
    0x200000b8   COMPRESSED   0x00000001   Data   RW         2158    .data               usbd_ctlreq.o
    0x200000b9   COMPRESSED   0x00000003   PAD
    0x200000bc   COMPRESSED   0x000000d7   Data   RW         2321    .data               usbd_cdc.o
    0x20000193   COMPRESSED   0x00000001   PAD
    0x20000194   COMPRESSED   0x00000038   Data   RW         2322    .data               usbd_cdc.o
    0x200001cc   COMPRESSED   0x00000004   PAD
    0x200001d0   COMPRESSED   0x000000a4   Data   RW         2536    .data               chassic_task.o
    0x20000274   COMPRESSED   0x0000001c   Data   RW         2636    .data               led_flow_task.o
    0x20000290   COMPRESSED   0x00000022   Data   RW         2679    .data               can_receive.o
    0x200002b2   COMPRESSED   0x00000002   PAD
    0x200002b4   COMPRESSED   0x00000014   Data   RW         2788    .data               gimbal_task.o
    0x200002c8   COMPRESSED   0x0000001c   Data   RW         2935    .data               motor_angle_pid.o
    0x200002e4   COMPRESSED   0x00000008   Data   RW         2938    .data               motor_angle_pid.o
    0x200002ec   COMPRESSED   0x00000004   Data   RW         2968    .data               remote_control.o
    0x200002f0   COMPRESSED   0x000000a0   Data   RW         3055    .data               ins_task.o
    0x20000390   COMPRESSED   0x00000028   Data   RW         3166    .data               shoot_task.o
    0x200003b8   COMPRESSED   0x00000010   Data   RW         3249    .data               usb_task.o
    0x200003c8   COMPRESSED   0x00000026   Data   RW         3290    .data               referee.o
    0x200003ee   COMPRESSED   0x0000005a   Data   RW         3447    .data               ui_task.o
    0x20000448   COMPRESSED   0x000004a7   Data   RW         3535    .data               cmd_ctr.o
    0x200008ef   COMPRESSED   0x00000001   PAD
    0x200008f0   COMPRESSED   0x0000000c   Data   RW         4136    .data               cjson.o
    0x200008fc   COMPRESSED   0x0000002c   Data   RW         4472    .data               bmi088driver.o
    0x20000928   COMPRESSED   0x0000000c   Data   RW         6289    .data               stm32f4xx_hal.o
    0x20000934   COMPRESSED   0x0000003c   Data   RW         9512    .data               tasks.o
    0x20000970   COMPRESSED   0x00000014   Data   RW         9842    .data               timers.o
    0x20000984   COMPRESSED   0x00000020   Data   RW        10373    .data               heap_4.o
    0x200009a4   COMPRESSED   0x0000000c   Data   RW        10429    .data               port.o
    0x200009b0   COMPRESSED   0x00000010   Data   RW        10587    .data               AHRS.lib(ahrs.o)
    0x200009c0   COMPRESSED   0x00000004   Data   RW        11241    .data               mc_w.l(mvars.o)
    0x200009c4   COMPRESSED   0x00000004   Data   RW        11242    .data               mc_w.l(mvars.o)
    0x200009c8   COMPRESSED   0x00000004   Data   RW        11246    .data               mc_w.l(errno.o)
    0x200009cc        -       0x000006a8   Zero   RW          337    .bss                freertos.o
    0x20001074        -       0x00000050   Zero   RW          464    .bss                can.o
    0x200010c4        -       0x0000015c   Zero   RW          580    .bss                i2c.o
    0x20001220        -       0x00000118   Zero   RW          632    .bss                spi.o
    0x20001338        -       0x000000d8   Zero   RW          677    .bss                tim.o
    0x20001410        -       0x000002ac   Zero   RW          736    .bss                usart.o
    0x200016bc        -       0x000002d0   Zero   RW          786    .bss                usb_device.o
    0x2000198c        -       0x00000628   Zero   RW          847    .bss                usbd_conf.o
    0x20001fb4        -       0x00000200   Zero   RW         1032    .bss                usbd_desc.o
    0x200021b4        -       0x00001000   Zero   RW         1120    .bss                usbd_cdc_if.o
    0x200031b4        -       0x00000048   Zero   RW         1341    .bss                stm32f4xx_hal_timebase_tim.o
    0x200031fc        -       0x00000410   Zero   RW         1850    .bss                client_ui.o
    0x2000360c        -       0x00000508   Zero   RW         1962    .bss                bsp_usb.o
    0x20003b14   COMPRESSED   0x00000004   PAD
    0x20003b18        -       0x00000438   Zero   RW         2534    .bss                chassic_task.o
    0x20003f50        -       0x000000ac   Zero   RW         2678    .bss                can_receive.o
    0x20003ffc   COMPRESSED   0x00000004   PAD
    0x20004000        -       0x000004f8   Zero   RW         2785    .bss                gimbal_task.o
    0x200044f8        -       0x0000002c   Zero   RW         2904    .bss                kalman.o
    0x20004524        -       0x0000002c   Zero   RW         2905    .bss                kalman.o
    0x20004550        -       0x0000002c   Zero   RW         2906    .bss                kalman.o
    0x2000457c        -       0x0000002c   Zero   RW         2907    .bss                kalman.o
    0x200045a8        -       0x0000002c   Zero   RW         2908    .bss                kalman.o
    0x200045d4        -       0x00000520   Zero   RW         2934    .bss                motor_angle_pid.o
    0x20004af4        -       0x00000072   Zero   RW         2967    .bss                remote_control.o
    0x20004b66   COMPRESSED   0x00000002   PAD
    0x20004b68        -       0x00000140   Zero   RW         3050    .bss                ins_task.o
    0x20004ca8        -       0x0000024c   Zero   RW         3164    .bss                shoot_task.o
    0x20004ef4        -       0x00000009   Zero   RW         3248    .bss                usb_task.o
    0x20004efd        -       0x00000071   Zero   RW         3286    .bss                referee.o
    0x20004f6e        -       0x00000100   Zero   RW         3287    .bss                referee.o
    0x2000506e        -       0x000001fd   Zero   RW         3424    .bss                ui_task.o
    0x2000526b   COMPRESSED   0x00000001   PAD
    0x2000526c        -       0x00000554   Zero   RW         3531    .bss                cmd_ctr.o
    0x200057c0        -       0x00000400   Zero   RW         3532    .bss                cmd_ctr.o
    0x20005bc0        -       0x00000020   Zero   RW         5521    .bss                stm32f4xx_hal_flash.o
    0x20005be0        -       0x00000040   Zero   RW         9144    .bss                queue.o
    0x20005c20        -       0x000000f0   Zero   RW         9511    .bss                tasks.o
    0x20005d10        -       0x00000110   Zero   RW         9841    .bss                timers.o
    0x20005e20        -       0x00006000   Zero   RW        10372    .bss                heap_4.o
    0x2000be20        -       0x00003000   Zero   RW            2    HEAP                startup_stm32f407xx.o
    0x2000ee20   COMPRESSED   0x000011e0   PAD
    0x20010000        -       0x00008000   Zero   RW         4001    .ARM.__AT_0x20010000  malloc.o
    0x20018000        -       0x00000800   Zero   RW         4002    .ARM.__AT_0x20018000  malloc.o
    0x20018800        -       0x00003000   Zero   RW            1    STACK               startup_stm32f407xx.o


==============================================================================

Image component sizes


      Code (inc. data)   RO Data    RW Data    ZI Data      Debug   Object Name

        70          6          0          0          0       5236   ahrs_middleware.o
      2144         36         18         44          0      11195   bmi088driver.o
       108         28          0          0          0       4804   bmi088middleware.o
        88          8          0          0          0        602   bsp_can.o
        96         20          0          8          0     600852   bsp_delay.o
        88         12          0          0          0        562   bsp_i2c.o
        12          4          0          0          0        518   bsp_imu_pwm.o
        60          8          0          8          0        632   bsp_led.o
       188         28          0          0          0       2083   bsp_rc.o
      6488         86          0          0          0       5462   bsp_spi.o
       140         20          0          8       1288       2297   bsp_usb.o
       392         42          0          4         80       2566   can.o
      1108        112          0         34        172       8968   can_receive.o
      3064        254         48        164       1080      44705   chassic_task.o
      4890        278          7         12          0      30329   cjson.o
      1178         54          0          1       1040      12498   client_ui.o
      2460        688         32       1191       2388      15172   cmd_ctr.o
       130          0          0          0          0      23111   cmsis_os.o
        76         18          0          8          0       1575   crc.o
       442          0          0          0          0       3583   data_queue.o
       172          4          0          0          0        882   dma.o
         0          0          0          0          0      18320   event_groups.o
       236         18        289         32       1704      12868   freertos.o
      1794        214          0         20       1272      14487   gimbal_task.o
       404         26          0          0          0       1223   gpio.o
       504         32          0         32      24576       5163   heap_4.o
       568         84          0          0        348       3280   i2c.o
      1936        148         12        160        320      12984   ins_task.o
       124          4         12          0          0       1559   ist8310driver.o
       112         22          0          0          0       4011   ist8310driver_middleware.o
       134          6          0          0        220       3950   kalman.o
       280         10          0         28          0       1977   led_flow_task.o
       144          0          0          0          0       3722   list.o
       306         26          0          0          0     776561   main.o
         0          0          0          0      34816       1292   malloc.o
       284         16          0         36       1312       2537   motor_angle_pid.o
       444         10          0          0          0       2598   pid.o
       814         92          0         12          0      12233   port.o
      1586         24          0          0         64      17988   queue.o
       552         36        768         38        369      10767   referee.o
       584         62          0          4        114       6016   remote_control.o
      1260        138         48         40        588       6607   shoot_task.o
       344         32          0          0        280       1971   spi.o
        36          8        392          0      24576        856   startup_stm32f407xx.o
       356         52          0          0          0       3423   stm32_flash.o
       120         20          0         12          0       8858   stm32f4xx_hal.o
      2004          6          0          0          0      15399   stm32f4xx_hal_can.o
       168         12          0          0          0      32942   stm32f4xx_hal_cortex.o
        36          0          0          0          0       1099   stm32f4xx_hal_crc.o
      1272         18          8          0          0       7690   stm32f4xx_hal_dma.o
       568         74          0          0         32       6282   stm32f4xx_hal_flash.o
       380         24          0          0          0       3462   stm32f4xx_hal_flash_ex.o
       598         28          0          0          0       3067   stm32f4xx_hal_gpio.o
      2796         48          0          0          0      13886   stm32f4xx_hal_i2c.o
        56          4          0          0          0        870   stm32f4xx_hal_msp.o
      2506         12          0          0          0      13753   stm32f4xx_hal_pcd.o
        84          0          0          0          0       2641   stm32f4xx_hal_pcd_ex.o
      1782        112          0          0          0       7345   stm32f4xx_hal_rcc.o
      1010         14          0          0          0       4941   stm32f4xx_hal_spi.o
      2276         56          0          0          0      18005   stm32f4xx_hal_tim.o
       260          0          0          0          0       3549   stm32f4xx_hal_tim_ex.o
       116         16          0          0         72       1492   stm32f4xx_hal_timebase_tim.o
      1820         36          0          0          0      17116   stm32f4xx_hal_uart.o
       224         66          0          0          0      10619   stm32f4xx_it.o
      2802        104          0          0          0      23914   stm32f4xx_ll_usb.o
        84         18         24          4          0       1219   system_stm32f4xx.o
      2858        238          0         60        240      33623   tasks.o
         8          0          0          0          0      14469   test_task.o
       904         76          0          0        216       4248   tim.o
      1088         94          0         20        272      31251   timers.o
      3872        342        450         90        509      12313   ui_task.o
       864         78          0          0        684       3771   usart.o
        84         18          0          0        720        816   usb_device.o
       216         24          0         16          9       2587   usb_task.o
       916         16          0        271          0      14369   usbd_cdc.o
       212         34          0         28       4096       4325   usbd_cdc_if.o
       658         22          0          0       1576      16668   usbd_conf.o
       782          0          0          0          0      13677   usbd_core.o
      1770         30          0          1          0      17884   usbd_ctlreq.o
       358        112          0         78        512       6861   usbd_desc.o
       132          0          0          0          0       4668   usbd_ioreq.o
       232          0          0          0          0       3870   user_lib.o

    ----------------------------------------------------------------------
     72212       4518       2144       2480     110132    2087574   Object Totals
         0          0         32          0          0          0   (incl. Generated)
       100          0          4         16       4587          0   (incl. Padding)

    ----------------------------------------------------------------------

      Code (inc. data)   RO Data    RW Data    ZI Data      Debug   Library Member Name

      2718         84         12         16          0       9922   ahrs.o
         0          0       2052          0          0       4636   arm_common_tables.o
       120         12          0          0          0      16970   arm_cos_f32.o
       116         12          0          0          0        658   arm_sin_f32.o
       300         42          0          0          0        176   asinf.o
       684         90          0          0          0        208   atan2f.o
       164         44          0          0          0        620   dunder.o
        44          0          0          0          0        248   fabs.o
       280         28          0          0          0        156   floor.o
        48          0          0          0          0        124   fpclassify.o
        38          0          0          0          0        116   fpclassifyf.o
        44         12          0          0          0        464   funder.o
       248          0          0          0          0        152   poly.o
      3152        296        136          0          0        352   pow.o
         0          0          8          0          0          0   qnan.o
       110          0          0          0          0        148   sqrt_full.o
       120          0          0          0          0        272   sqrtf_full.o
        86          0          0          0          0          0   __dczerorl2.o
         0          0          0          0          0          0   entry.o
         0          0          0          0          0          0   entry10a.o
         0          0          0          0          0          0   entry11a.o
         4          0          0          0          0          0   entry12b.o
         8          4          0          0          0          0   entry2.o
         4          0          0          0          0          0   entry5.o
         0          0          0          0          0          0   entry7b.o
         0          0          0          0          0          0   entry8b.o
         8          4          0          0          0          0   entry9a.o
        12          6          0          4          0         68   errno.o
        30          0          0          0          0          0   handlers.o
        36          8          0          0          0         68   init.o
         0          0          0          0          0          0   iusefp.o
        30          0          0          0          0         68   llshl.o
        36          0          0          0          0         68   llsshr.o
        32          0          0          0          0         68   llushr.o
       188         20          0          0          0        160   malloc.o
        36          0          0          0          0         68   memcpya.o
        36          0          0          0          0        108   memseta.o
         0          0          0          8          0          0   mvars.o
      2272         92          0          0          0        612   printfa.o
        24          0          0          0          0         68   strcat.o
        20          0          0          0          0         68   strchr.o
        28          0          0          0          0         76   strcmp.o
        18          0          0          0          0         68   strcpy.o
        14          0          0          0          0         68   strlen.o
        30          0          0          0          0         80   strncmp.o
        12          0          0          0          0         68   tolower.o
        44          0          0          0          0         80   uidiv.o
        98          0          0          0          0         92   uldiv.o
        48          0          0          0          0         68   cdcmple.o
        48          0          0          0          0         68   cdrcmple.o
        56          0          0          0          0         88   d2f.o
       334          0          0          0          0        148   dadd.o
       222          0          0          0          0        100   ddiv.o
       186          0          0          0          0        176   depilogue.o
        62          0          0          0          0         80   dfixi.o
        50          0          0          0          0         76   dfixui.o
        48          0          0          0          0         68   dfixul.o
        34          0          0          0          0         76   dflti.o
       228          0          0          0          0         96   dmul.o
        46          0          0          0          0         80   dscalb.o
       162          0          0          0          0        100   dsqrt.o
        38          0          0          0          0         68   f2d.o
       110          0          0          0          0        168   fepilogue.o

    ----------------------------------------------------------------------
     12988        754       2212         28          0      38638   Library Totals
        24          0          4          0          0          0   (incl. Padding)

    ----------------------------------------------------------------------

      Code (inc. data)   RO Data    RW Data    ZI Data      Debug   Library Name

      2718         84         12         16          0       9922   AHRS.lib
       236         24       2052          0          0      22264   arm_cortexM4lf_math.lib
      5232        512        144          0          0       3036   m_wm.l
      3106        134          0         12          0       1956   mc_w.l
      1672          0          0          0          0       1460   mf_w.l

    ----------------------------------------------------------------------
     12988        754       2212         28          0      38638   Library Totals

    ----------------------------------------------------------------------

==============================================================================


      Code (inc. data)   RO Data    RW Data    ZI Data      Debug   

     85200       5272       4356       2508     110132    2064572   Grand Totals
     85200       5272       4356        716     110132    2064572   ELF Image Totals (compressed)
     85200       5272       4356        716          0          0   ROM Totals

==============================================================================

    Total RO  Size (Code + RO Data)                89556 (  87.46kB)
    Total RW  Size (RW Data + ZI Data)            112640 ( 110.00kB)
    Total ROM Size (Code + RO Data + RW Data)      90272 (  88.16kB)

==============================================================================

